Archive member included to satisfy reference by file (symbol)

C:/Program Files (x86)/Arm/GNU Toolchain mingw-w64-i686-arm-none-eabi/bin/../lib/gcc/arm-none-eabi/15.2.1/../../../../arm-none-eabi/lib/thumb/v7e-m+fp/hard\libc_nano.a(libc_a-exit.o)
                              C:/Program Files (x86)/Arm/GNU Toolchain mingw-w64-i686-arm-none-eabi/bin/../lib/gcc/arm-none-eabi/15.2.1/../../../../arm-none-eabi/lib/thumb/v7e-m+fp/hard/crt0.o (exit)
C:/Program Files (x86)/Arm/GNU Toolchain mingw-w64-i686-arm-none-eabi/bin/../lib/gcc/arm-none-eabi/15.2.1/../../../../arm-none-eabi/lib/thumb/v7e-m+fp/hard\libc_nano.a(libc_a-findfp.o)
                              C:/Program Files (x86)/Arm/GNU Toolchain mingw-w64-i686-arm-none-eabi/bin/../lib/gcc/arm-none-eabi/15.2.1/../../../../arm-none-eabi/lib/thumb/v7e-m+fp/hard\libc_nano.a(libc_a-exit.o) (__stdio_exit_handler)
C:/Program Files (x86)/Arm/GNU Toolchain mingw-w64-i686-arm-none-eabi/bin/../lib/gcc/arm-none-eabi/15.2.1/../../../../arm-none-eabi/lib/thumb/v7e-m+fp/hard\libc_nano.a(libc_a-fwalk.o)
                              C:/Program Files (x86)/Arm/GNU Toolchain mingw-w64-i686-arm-none-eabi/bin/../lib/gcc/arm-none-eabi/15.2.1/../../../../arm-none-eabi/lib/thumb/v7e-m+fp/hard\libc_nano.a(libc_a-findfp.o) (_fwalk_sglue)
C:/Program Files (x86)/Arm/GNU Toolchain mingw-w64-i686-arm-none-eabi/bin/../lib/gcc/arm-none-eabi/15.2.1/../../../../arm-none-eabi/lib/thumb/v7e-m+fp/hard\libc_nano.a(libc_a-stdio.o)
                              C:/Program Files (x86)/Arm/GNU Toolchain mingw-w64-i686-arm-none-eabi/bin/../lib/gcc/arm-none-eabi/15.2.1/../../../../arm-none-eabi/lib/thumb/v7e-m+fp/hard\libc_nano.a(libc_a-findfp.o) (__sread)
C:/Program Files (x86)/Arm/GNU Toolchain mingw-w64-i686-arm-none-eabi/bin/../lib/gcc/arm-none-eabi/15.2.1/../../../../arm-none-eabi/lib/thumb/v7e-m+fp/hard\libc_nano.a(libc_a-memset.o)
                              C:/Program Files (x86)/Arm/GNU Toolchain mingw-w64-i686-arm-none-eabi/bin/../lib/gcc/arm-none-eabi/15.2.1/../../../../arm-none-eabi/lib/thumb/v7e-m+fp/hard/crt0.o (memset)
C:/Program Files (x86)/Arm/GNU Toolchain mingw-w64-i686-arm-none-eabi/bin/../lib/gcc/arm-none-eabi/15.2.1/../../../../arm-none-eabi/lib/thumb/v7e-m+fp/hard\libc_nano.a(libc_a-closer.o)
                              C:/Program Files (x86)/Arm/GNU Toolchain mingw-w64-i686-arm-none-eabi/bin/../lib/gcc/arm-none-eabi/15.2.1/../../../../arm-none-eabi/lib/thumb/v7e-m+fp/hard\libc_nano.a(libc_a-stdio.o) (_close_r)
C:/Program Files (x86)/Arm/GNU Toolchain mingw-w64-i686-arm-none-eabi/bin/../lib/gcc/arm-none-eabi/15.2.1/../../../../arm-none-eabi/lib/thumb/v7e-m+fp/hard\libc_nano.a(libc_a-reent.o)
                              C:/Program Files (x86)/Arm/GNU Toolchain mingw-w64-i686-arm-none-eabi/bin/../lib/gcc/arm-none-eabi/15.2.1/../../../../arm-none-eabi/lib/thumb/v7e-m+fp/hard\libc_nano.a(libc_a-closer.o) (errno)
C:/Program Files (x86)/Arm/GNU Toolchain mingw-w64-i686-arm-none-eabi/bin/../lib/gcc/arm-none-eabi/15.2.1/../../../../arm-none-eabi/lib/thumb/v7e-m+fp/hard\libc_nano.a(libc_a-impure.o)
                              C:/Program Files (x86)/Arm/GNU Toolchain mingw-w64-i686-arm-none-eabi/bin/../lib/gcc/arm-none-eabi/15.2.1/../../../../arm-none-eabi/lib/thumb/v7e-m+fp/hard\libc_nano.a(libc_a-reent.o) (_impure_ptr)
C:/Program Files (x86)/Arm/GNU Toolchain mingw-w64-i686-arm-none-eabi/bin/../lib/gcc/arm-none-eabi/15.2.1/../../../../arm-none-eabi/lib/thumb/v7e-m+fp/hard\libc_nano.a(libc_a-lseekr.o)
                              C:/Program Files (x86)/Arm/GNU Toolchain mingw-w64-i686-arm-none-eabi/bin/../lib/gcc/arm-none-eabi/15.2.1/../../../../arm-none-eabi/lib/thumb/v7e-m+fp/hard\libc_nano.a(libc_a-stdio.o) (_lseek_r)
C:/Program Files (x86)/Arm/GNU Toolchain mingw-w64-i686-arm-none-eabi/bin/../lib/gcc/arm-none-eabi/15.2.1/../../../../arm-none-eabi/lib/thumb/v7e-m+fp/hard\libc_nano.a(libc_a-readr.o)
                              C:/Program Files (x86)/Arm/GNU Toolchain mingw-w64-i686-arm-none-eabi/bin/../lib/gcc/arm-none-eabi/15.2.1/../../../../arm-none-eabi/lib/thumb/v7e-m+fp/hard\libc_nano.a(libc_a-stdio.o) (_read_r)
C:/Program Files (x86)/Arm/GNU Toolchain mingw-w64-i686-arm-none-eabi/bin/../lib/gcc/arm-none-eabi/15.2.1/../../../../arm-none-eabi/lib/thumb/v7e-m+fp/hard\libc_nano.a(libc_a-writer.o)
                              C:/Program Files (x86)/Arm/GNU Toolchain mingw-w64-i686-arm-none-eabi/bin/../lib/gcc/arm-none-eabi/15.2.1/../../../../arm-none-eabi/lib/thumb/v7e-m+fp/hard\libc_nano.a(libc_a-stdio.o) (_write_r)
C:/Program Files (x86)/Arm/GNU Toolchain mingw-w64-i686-arm-none-eabi/bin/../lib/gcc/arm-none-eabi/15.2.1/../../../../arm-none-eabi/lib/thumb/v7e-m+fp/hard\libc_nano.a(libc_a-errno.o)
                              build/syscalls.o (__errno)
C:/Program Files (x86)/Arm/GNU Toolchain mingw-w64-i686-arm-none-eabi/bin/../lib/gcc/arm-none-eabi/15.2.1/../../../../arm-none-eabi/lib/thumb/v7e-m+fp/hard\libc_nano.a(libc_a-init.o)
[...]
Memory Configuration

Name             Origin             Length             Attributes
FLASH            0x08000000         0x00100000         xr
RAM              0x20000000         0x00018000         xrw
SPIM             0x08400000         0x01000000         xr
*default*        0x00000000         0xffffffff

Linker script and memory map

LOAD C:/Program Files (x86)/Arm/GNU Toolchain mingw-w64-i686-arm-none-eabi/bin/../lib/gcc/arm-none-eabi/15.2.1/thumb/v7e-m+fp/hard/crti.o
LOAD C:/Program Files (x86)/Arm/GNU Toolchain mingw-w64-i686-arm-none-eabi/bin/../lib/gcc/arm-none-eabi/15.2.1/thumb/v7e-m+fp/hard/crtbegin.o
LOAD C:/Program Files (x86)/Arm/GNU Toolchain mingw-w64-i686-arm-none-eabi/bin/../lib/gcc/arm-none-eabi/15.2.1/../../../../arm-none-eabi/lib/thumb/v7e-m+fp/hard/crt0.o
LOAD build/main.o
LOAD build/syscalls.o
LOAD build/sysmem.o
LOAD build/at32f403a_407_wk_config.o
LOAD build/at32f403a_407_int.o
LOAD build/wk_system.o
LOAD build/wk_debug.o
LOAD build/wk_tmr.o
LOAD build/wk_gpio.o
LOAD build/wk_acc.o
LOAD build/wk_adc.o
LOAD build/wk_spi.o
LOAD build/wk_usbfs.o
LOAD build/wk_dma.o
LOAD build/wk_can.o
LOAD build/usb_app.o
LOAD build/freertos_app.o
LOAD build/cdc_class.o
LOAD build/cdc_desc.o
LOAD build/system_at32f403a_407.o
LOAD build/at32f403a_407_crm.o
LOAD build/at32f403a_407_tmr.o
LOAD build/at32f403a_407_gpio.o
LOAD build/at32f403a_407_pwc.o
LOAD build/at32f403a_407_adc.o
LOAD build/at32f403a_407_spi.o
LOAD build/at32f403a_407_dma.o
LOAD build/at32f403a_407_flash.o
LOAD build/at32f403a_407_exint.o
LOAD build/at32f403a_407_misc.o
LOAD build/at32f403a_407_usb.o
LOAD build/at32f403a_407_acc.o
LOAD build/at32f403a_407_can.o
LOAD build/at32f403a_407_debug.o
LOAD build/motor_control.o
LOAD build/wk_stubs.o
LOAD build/usbd_core.o
LOAD build/usbd_int.o
LOAD build/usbd_sdr.o
LOAD build/croutine.o
LOAD build/event_groups.o
LOAD build/list.o
LOAD build/queue.o
LOAD build/tasks.o
LOAD build/timers.o
LOAD build/port.o
LOAD build/heap_4.o
LOAD build/stream_buffer.o
LOAD build/startup_at32f403a_407.o
LOAD C:/Program Files (x86)/Arm/GNU Toolchain mingw-w64-i686-arm-none-eabi/bin/../lib/gcc/arm-none-eabi/15.2.1/../../../../arm-none-eabi/lib/thumb/v7e-m+fp/hard\libc_nano.a
LOAD C:/Program Files (x86)/Arm/GNU Toolchain mingw-w64-i686-arm-none-eabi/bin/../lib/gcc/arm-none-eabi/15.2.1/../../../../arm-none-eabi/lib/thumb/v7e-m+fp/hard\libm.a
LOAD C:/Program Files (x86)/Arm/GNU Toolchain mingw-w64-i686-arm-none-eabi/bin/../lib/gcc/arm-none-eabi/15.2.1/../../../../arm-none-eabi/lib/thumb/v7e-m+fp/hard\libnosys.a
START GROUP
LOAD C:/Program Files (x86)/Arm/GNU Toolchain mingw-w64-i686-arm-none-eabi/bin/../lib/gcc/arm-none-eabi/15.2.1/thumb/v7e-m+fp/hard\libgcc.a
LOAD C:/Program Files (x86)/Arm/GNU Toolchain mingw-w64-i686-arm-none-eabi/bin/../lib/gcc/arm-none-eabi/15.2.1/../../../../arm-none-eabi/lib/thumb/v7e-m+fp/hard\libc_nano.a
END GROUP
START GROUP
LOAD C:/Program Files (x86)/Arm/GNU Toolchain mingw-w64-i686-arm-none-eabi/bin/../lib/gcc/arm-none-eabi/15.2.1/thumb/v7e-m+fp/hard\libgcc.a
LOAD C:/Program Files (x86)/Arm/GNU Toolchain mingw-w64-i686-arm-none-eabi/bin/../lib/gcc/arm-none-eabi/15.2.1/../../../../arm-none-eabi/lib/thumb/v7e-m+fp/hard\libc_nano.a
END GROUP
LOAD C:/Program Files (x86)/Arm/GNU Toolchain mingw-w64-i686-arm-none-eabi/bin/../lib/gcc/arm-none-eabi/15.2.1/thumb/v7e-m+fp/hard/crtend.o
LOAD C:/Program Files (x86)/Arm/GNU Toolchain mingw-w64-i686-arm-none-eabi/bin/../lib/gcc/arm-none-eabi/15.2.1/thumb/v7e-m+fp/hard/crtn.o
                0x20018000                        _estack = 0x20018000
                0x00000200                        _Min_Heap_Size = 0x200
                0x00000400                        _Min_Stack_Size = 0x400

.isr_vector     0x08000000      0x184
                0x08000000                        . = ALIGN (0x4)
 *(.isr_vector)
 .isr_vector    0x08000000      0x184 build/startup_at32f403a_407.o
                0x08000000                g_pfnVectors
                0x08000184                        . = ALIGN (0x4)

.text           0x08000190     0x53e8
                0x08000190                        . = ALIGN (0x4)
 *(.text)
 *(.text*)
 .text.deregister_tm_clones
                0x08000190       0x1c C:/Program Files (x86)/Arm/GNU Toolchain mingw-w64-i686-arm-none-eabi/bin/../lib/gcc/arm-none-eabi/15.2.1/thumb/v7e-m+fp/hard/crtbegin.o
 .text.register_tm_clones
                0x080001ac       0x24 C:/Program Files (x86)/Arm/GNU Toolchain mingw-w64-i686-arm-none-eabi/bin/../lib/gcc/arm-none-eabi/15.2.1/thumb/v7e-m+fp/hard/crtbegin.o
 .text.__do_global_dtors_aux
                0x080001d0       0x28 C:/Program Files (x86)/Arm/GNU Toolchain mingw-w64-i686-arm-none-eabi/bin/../lib/gcc/arm-none-eabi/15.2.1/thumb/v7e-m+fp/hard/crtbegin.o
 .text.frame_dummy
                0x080001f8       0x24 C:/Program Files (x86)/Arm/GNU Toolchain mingw-w64-i686-arm-none-eabi/bin/../lib/gcc/arm-none-eabi/15.2.1/thumb/v7e-m+fp/hard/crtbegin.o
 .text.main     0x0800021c       0x68 build/main.o
                0x0800021c                main
 .text.NVIC_EncodePriority
                0x08000284       0x46 build/at32f403a_407_wk_config.o
 *fill*         0x080002ca        0x2 
 .text.wk_system_clock_config
                0x080002cc       0x8c build/at32f403a_407_wk_config.o
                0x080002cc                wk_system_clock_config
 .text.wk_periph_clock_config
                0x08000358       0xa8 build/at32f403a_407_wk_config.o
                0x08000358                wk_periph_clock_config
 .text.wk_nvic_config
                0x08000400       0xcc build/at32f403a_407_wk_config.o
                0x08000400                wk_nvic_config
 .text.NMI_Handler
                0x080004cc        0x2 build/at32f403a_407_int.o
                0x080004cc                NMI_Handler
 .text.HardFault_Handler
                0x080004ce        0x2 build/at32f403a_407_int.o
                0x080004ce                HardFault_Handler
 .text.MemManage_Handler
                0x080004d0        0x2 build/at32f403a_407_int.o
                0x080004d0                MemManage_Handler
 .text.BusFault_Handler
                0x080004d2        0x2 build/at32f403a_407_int.o
                0x080004d2                BusFault_Handler
 .text.UsageFault_Handler
                0x080004d4        0x2 build/at32f403a_407_int.o
                0x080004d4                UsageFault_Handler
 .text.DebugMon_Handler
                0x080004d6        0x2 build/at32f403a_407_int.o
                0x080004d6                DebugMon_Handler
 .text.SysTick_Handler
                0x080004d8       0x12 build/at32f403a_407_int.o
                0x080004d8                SysTick_Handler
 .text.DMA1_Channel1_IRQHandler
                0x080004ea       0x14 build/at32f403a_407_int.o
                0x080004ea                DMA1_Channel1_IRQHandler
 .text.SPI1_IRQHandler
                0x080004fe        0x2 build/at32f403a_407_int.o
                0x080004fe                SPI1_IRQHandler
 .text.TMR5_GLOBAL_IRQHandler
                0x08000500       0x1c build/at32f403a_407_int.o
                0x08000500                TMR5_GLOBAL_IRQHandler
 .text.USBFS_MAPL_IRQHandler
                0x0800051c        0x8 build/at32f403a_407_int.o
                0x0800051c                USBFS_MAPL_IRQHandler
 .text.wk_debug_config
                0x08000524       0x10 build/wk_debug.o
                0x08000524                wk_debug_config
 .text.wk_tmr1_init
                0x08000534      0x22c build/wk_tmr.o
                0x08000534                wk_tmr1_init
 .text.wk_tmr5_init
                0x08000760       0x58 build/wk_tmr.o
                0x08000760                wk_tmr5_init
 .text.wk_gpio_config
                0x080007b8       0x44 build/wk_gpio.o
                0x080007b8                wk_gpio_config
 .text.wk_acc_init
                0x080007fc       0x24 build/wk_acc.o
                0x080007fc                wk_acc_init
 .text.wk_adc1_init
                0x08000820      0x134 build/wk_adc.o
                0x08000820                wk_adc1_init
 .text.wk_spi1_init
                0x08000954       0xdc build/wk_spi.o
                0x08000954                wk_spi1_init
 .text.wk_usbfs_init
                0x08000a30       0x10 build/wk_usbfs.o
                0x08000a30                wk_usbfs_init
 .text.wk_dma1_channel1_init
                0x08000a40       0x60 build/wk_dma.o
                0x08000a40                wk_dma1_channel1_init
 .text.wk_dma_channel_config
                0x08000aa0        0x8 build/wk_dma.o
                0x08000aa0                wk_dma_channel_config
 .text.wk_can1_init
                0x08000aa8       0xe8 build/wk_can.o
                0x08000aa8                wk_can1_init
 .text.wk_usb_app_init
                0x08000b90       0x30 build/usb_app.o
                0x08000b90                wk_usb_app_init
 .text.wk_usb_app_task
                0x08000bc0       0x50 build/usb_app.o
                0x08000bc0                wk_usb_app_task
 .text.wk_usbfs_irq_handler
                0x08000c10       0x10 build/usb_app.o
                0x08000c10                wk_usbfs_irq_handler
 .text.MC_Task_Func
                0x08000c20       0x18 build/freertos_app.o
                0x08000c20                MC_Task_Func
 .text.Monitor_Task_Func
                0x08000c38        0xa build/freertos_app.o
                0x08000c38                Monitor_Task_Func
 .text.Community_Task_Func
                0x08000c42        0xa build/freertos_app.o
                0x08000c42                Community_Task_Func
 .text.Debug_Task_Func
                0x08000c4c        0xa build/freertos_app.o
                0x08000c4c                Debug_Task_Func
 *fill*         0x08000c56        0x2 
 .text.vApplicationGetIdleTaskMemory
                0x08000c58       0x18 build/freertos_app.o
                0x08000c58                vApplicationGetIdleTaskMemory
 .text.vApplicationGetTimerTaskMemory
                0x08000c70       0x18 build/freertos_app.o
                0x08000c70                vApplicationGetTimerTaskMemory
 .text.freertos_task_create
                0x08000c88       0x8c build/freertos_app.o
                0x08000c88                freertos_task_create
 .text.wk_freertos_init
                0x08000d14       0x14 build/freertos_app.o
                0x08000d14                wk_freertos_init
 .text.class_ept0_tx_handler
                0x08000d28        0x4 build/cdc_class.o
 .text.class_in_handler
                0x08000d2c        0xe build/cdc_class.o
 .text.class_sof_handler
                0x08000d3a        0x4 build/cdc_class.o
 .text.class_event_handler
                0x08000d3e        0x4 build/cdc_class.o
 *fill*         0x08000d42        0x2 
 .text.cdc_struct_init
                0x08000d44       0x30 build/cdc_class.o
 .text.usb_vcp_cmd_process
                0x08000d74       0x64 build/cdc_class.o
 .text.class_out_handler
                0x08000dd8       0x18 build/cdc_class.o
 .text.class_ept0_rx_handler
                0x08000df0       0x28 build/cdc_class.o
 .text.class_setup_handler
                0x08000e18       0x8c build/cdc_class.o
 .text.class_clear_handler
                0x08000ea4       0x1e build/cdc_class.o
 .text.class_init_handler
                0x08000ec2       0x40 build/cdc_class.o
 .text.usb_vcp_get_rxdata
                0x08000f02       0x42 build/cdc_class.o
                0x08000f02                usb_vcp_get_rxdata
 .text.usb_vcp_send_data
                0x08000f44       0x2c build/cdc_class.o
                0x08000f44                usb_vcp_send_data
 .text.usbd_unicode_convert
                0x08000f70       0x40 build/cdc_desc.o
 .text.usbd_int_to_unicode
                0x08000fb0       0x44 build/cdc_desc.o
 .text.get_serial_num
                0x08000ff4       0x38 build/cdc_desc.o
 .text.get_device_descriptor
                0x0800102c        0x8 build/cdc_desc.o
 .text.get_device_qualifier
                0x08001034        0x4 build/cdc_desc.o
 .text.get_device_configuration
                0x08001038        0x8 build/cdc_desc.o
 .text.get_device_other_speed
                0x08001040        0x4 build/cdc_desc.o
 .text.get_device_lang_id
                0x08001044        0x8 build/cdc_desc.o
 .text.get_device_manufacturer_string
                0x0800104c       0x24 build/cdc_desc.o
 .text.get_device_product_string
                0x08001070       0x24 build/cdc_desc.o
 .text.get_device_serial_string
                0x08001094       0x10 build/cdc_desc.o
 .text.get_device_interface_string
                0x080010a4       0x24 build/cdc_desc.o
 .text.get_device_config_string
                0x080010c8       0x24 build/cdc_desc.o
 .text.SystemInit
                0x080010ec       0x64 build/system_at32f403a_407.o
                0x080010ec                SystemInit
 .text.system_core_clock_update
                0x08001150       0xdc build/system_at32f403a_407.o
                0x08001150                system_core_clock_update
 .text.crm_reset
                0x0800122c       0x48 build/at32f403a_407_crm.o
                0x0800122c                crm_reset
 .text.crm_flag_get
                0x08001274       0x20 build/at32f403a_407_crm.o
                0x08001274                crm_flag_get
 .text.crm_hext_stable_wait
                0x08001294       0x26 build/at32f403a_407_crm.o
                0x08001294                crm_hext_stable_wait
 .text.crm_periph_clock_enable
                0x080012ba       0x38 build/at32f403a_407_crm.o
                0x080012ba                crm_periph_clock_enable
 .text.crm_periph_reset
                0x080012f2       0x38 build/at32f403a_407_crm.o
                0x080012f2                crm_periph_reset
 *fill*         0x0800132a        0x2 
 .text.crm_clock_source_enable
                0x0800132c       0x58 build/at32f403a_407_crm.o
                0x0800132c                crm_clock_source_enable
 .text.crm_ahb_div_set
                0x08001384       0x10 build/at32f403a_407_crm.o
                0x08001384                crm_ahb_div_set
 .text.crm_apb1_div_set
                0x08001394       0x10 build/at32f403a_407_crm.o
                0x08001394                crm_apb1_div_set
 .text.crm_apb2_div_set
                0x080013a4       0x10 build/at32f403a_407_crm.o
                0x080013a4                crm_apb2_div_set
 .text.crm_adc_clock_div_set
                0x080013b4       0x1c build/at32f403a_407_crm.o
                0x080013b4                crm_adc_clock_div_set
 .text.crm_pll_config
                0x080013d0       0x60 build/at32f403a_407_crm.o
                0x080013d0                crm_pll_config
 .text.crm_sysclk_switch
                0x08001430       0x38 build/at32f403a_407_crm.o
                0x08001430                crm_sysclk_switch
 .text.crm_sysclk_switch_status_get
                0x08001468       0x10 build/at32f403a_407_crm.o
                0x08001468                crm_sysclk_switch_status_get
 .text.crm_clocks_freq_get
                0x08001478      0x110 build/at32f403a_407_crm.o
                0x08001478                crm_clocks_freq_get
 .text.crm_auto_step_mode_enable
                0x08001588       0x20 build/at32f403a_407_crm.o
                0x08001588                crm_auto_step_mode_enable
 .text.crm_usb_interrupt_remapping_set
                0x080015a8       0x10 build/at32f403a_407_crm.o
                0x080015a8                crm_usb_interrupt_remapping_set
 .text.crm_hick_divider_select
                0x080015b8       0x10 build/at32f403a_407_crm.o
                0x080015b8                crm_hick_divider_select
 .text.crm_hick_sclk_frequency_select
                0x080015c8       0x1c build/at32f403a_407_crm.o
                0x080015c8                crm_hick_sclk_frequency_select
 .text.crm_usb_clock_source_select
                0x080015e4       0x20 build/at32f403a_407_crm.o
                0x080015e4                crm_usb_clock_source_select
 .text.tmr_counter_enable
                0x08001604        0xa build/at32f403a_407_tmr.o
                0x08001604                tmr_counter_enable
 .text.tmr_base_init
                0x0800160e        0xe build/at32f403a_407_tmr.o
                0x0800160e                tmr_base_init
 .text.tmr_clock_source_div_set
                0x0800161c        0xa build/at32f403a_407_tmr.o
                0x0800161c                tmr_clock_source_div_set
 .text.tmr_cnt_dir_set
                0x08001626        0xa build/at32f403a_407_tmr.o
                0x08001626                tmr_cnt_dir_set
 .text.tmr_repetition_counter_set
                0x08001630        0xa build/at32f403a_407_tmr.o
                0x08001630                tmr_repetition_counter_set
 .text.tmr_output_channel_config
                0x0800163a      0x118 build/at32f403a_407_tmr.o
                0x0800163a                tmr_output_channel_config
 .text.tmr_output_channel_mode_select
                0x08001752       0x3c build/at32f403a_407_tmr.o
                0x08001752                tmr_output_channel_mode_select
 .text.tmr_channel_value_set
                0x0800178e       0x24 build/at32f403a_407_tmr.o
                0x0800178e                tmr_channel_value_set
 .text.tmr_period_buffer_enable
                0x080017b2        0xa build/at32f403a_407_tmr.o
                0x080017b2                tmr_period_buffer_enable
 .text.tmr_output_channel_buffer_enable
                0x080017bc       0x3c build/at32f403a_407_tmr.o
                0x080017bc                tmr_output_channel_buffer_enable
 .text.tmr_output_channel_immediately_set
                0x080017f8       0x3c build/at32f403a_407_tmr.o
                0x080017f8                tmr_output_channel_immediately_set
 .text.tmr_overflow_request_source_set
                0x08001834        0xa build/at32f403a_407_tmr.o
                0x08001834                tmr_overflow_request_source_set
 .text.tmr_primary_mode_select
                0x0800183e        0xa build/at32f403a_407_tmr.o
                0x0800183e                tmr_primary_mode_select
 .text.tmr_sub_sync_mode_set
                0x08001848        0xa build/at32f403a_407_tmr.o
                0x08001848                tmr_sub_sync_mode_set
 .text.tmr_interrupt_enable
                0x08001852       0x18 build/at32f403a_407_tmr.o
                0x08001852                tmr_interrupt_enable
 .text.tmr_interrupt_flag_get
                0x0800186a       0x18 build/at32f403a_407_tmr.o
                0x0800186a                tmr_interrupt_flag_get
 .text.tmr_flag_clear
                0x08001882        0x6 build/at32f403a_407_tmr.o
                0x08001882                tmr_flag_clear
 .text.tmr_output_enable
                0x08001888        0xa build/at32f403a_407_tmr.o
                0x08001888                tmr_output_enable
 .text.tmr_brkdt_config
                0x08001892       0x48 build/at32f403a_407_tmr.o
                0x08001892                tmr_brkdt_config
 .text.gpio_init
                0x080018da       0xb8 build/at32f403a_407_gpio.o
                0x080018da                gpio_init
 .text.gpio_default_para_init
                0x08001992       0x16 build/at32f403a_407_gpio.o
                0x08001992                gpio_default_para_init
 .text.gpio_bits_reset
                0x080019a8        0x4 build/at32f403a_407_gpio.o
                0x080019a8                gpio_bits_reset
 .text.gpio_pin_remap_config
                0x080019ac       0x4a build/at32f403a_407_gpio.o
                0x080019ac                gpio_pin_remap_config
 *fill*         0x080019f6        0x2 
 .text.adc_reset
                0x080019f8       0x64 build/at32f403a_407_adc.o
                0x080019f8                adc_reset
 .text.adc_enable
                0x08001a5c        0xa build/at32f403a_407_adc.o
                0x08001a5c                adc_enable
 *fill*         0x08001a66        0x2 
 .text.adc_combine_mode_select
                0x08001a68       0x10 build/at32f403a_407_adc.o
                0x08001a68                adc_combine_mode_select
 .text.adc_base_default_para_init
                0x08001a78        0xe build/at32f403a_407_adc.o
                0x08001a78                adc_base_default_para_init
 .text.adc_base_config
                0x08001a86       0x2c build/at32f403a_407_adc.o
                0x08001a86                adc_base_config
 .text.adc_dma_mode_enable
                0x08001ab2        0xa build/at32f403a_407_adc.o
                0x08001ab2                adc_dma_mode_enable
 .text.adc_calibration_init
                0x08001abc        0xa build/at32f403a_407_adc.o
                0x08001abc                adc_calibration_init
 .text.adc_calibration_init_status_get
                0x08001ac6       0x10 build/at32f403a_407_adc.o
                0x08001ac6                adc_calibration_init_status_get
 .text.adc_calibration_start
                0x08001ad6        0xa build/at32f403a_407_adc.o
                0x08001ad6                adc_calibration_start
 .text.adc_calibration_status_get
                0x08001ae0       0x10 build/at32f403a_407_adc.o
                0x08001ae0                adc_calibration_status_get
 .text.adc_ordinary_channel_set
                0x08001af0       0xa4 build/at32f403a_407_adc.o
                0x08001af0                adc_ordinary_channel_set
 .text.adc_ordinary_conversion_trigger_set
                0x08001b94       0x30 build/at32f403a_407_adc.o
                0x08001b94                adc_ordinary_conversion_trigger_set
 .text.adc_ordinary_part_mode_enable
                0x08001bc4        0xa build/at32f403a_407_adc.o
                0x08001bc4                adc_ordinary_part_mode_enable
 .text.spi_default_para_init
                0x08001bce       0x16 build/at32f403a_407_spi.o
                0x08001bce                spi_default_para_init
 .text.spi_init
                0x08001be4      0x108 build/at32f403a_407_spi.o
                0x08001be4                spi_init
 .text.spi_hardware_cs_output_enable
                0x08001cec        0xa build/at32f403a_407_spi.o
                0x08001cec                spi_hardware_cs_output_enable
 .text.spi_enable
                0x08001cf6        0xa build/at32f403a_407_spi.o
                0x08001cf6                spi_enable
 .text.dma_reset
                0x08001d00       0x78 build/at32f403a_407_dma.o
                0x08001d00                dma_reset
 .text.dma_interrupt_enable
                0x08001d78       0x14 build/at32f403a_407_dma.o
                0x08001d78                dma_interrupt_enable
 .text.dma_channel_enable
                0x08001d8c        0xa build/at32f403a_407_dma.o
                0x08001d8c                dma_channel_enable
 .text.dma_flexible_config
                0x08001d96       0x96 build/at32f403a_407_dma.o
                0x08001d96                dma_flexible_config
 .text.dma_interrupt_flag_get
                0x08001e2c       0x24 build/at32f403a_407_dma.o
                0x08001e2c                dma_interrupt_flag_get
 .text.dma_flag_clear
                0x08001e50       0x20 build/at32f403a_407_dma.o
                0x08001e50                dma_flag_clear
 .text.dma_default_para_init
                0x08001e70       0x1c build/at32f403a_407_dma.o
                0x08001e70                dma_default_para_init
 .text.dma_init
                0x08001e8c       0x62 build/at32f403a_407_dma.o
                0x08001e8c                dma_init
 *fill*         0x08001eee        0x2 
 .text.__NVIC_EnableIRQ
                0x08001ef0       0x1c build/at32f403a_407_misc.o
 .text.__NVIC_SetPriority
                0x08001f0c       0x28 build/at32f403a_407_misc.o
 .text.NVIC_EncodePriority
                0x08001f34       0x46 build/at32f403a_407_misc.o
 *fill*         0x08001f7a        0x2 
 .text.nvic_irq_enable
                0x08001f7c       0x24 build/at32f403a_407_misc.o
                0x08001f7c                nvic_irq_enable
 .text.nvic_priority_group_config
                0x08001fa0       0x24 build/at32f403a_407_misc.o
                0x08001fa0                nvic_priority_group_config
 .text.systick_clock_source_config
                0x08001fc4       0x20 build/at32f403a_407_misc.o
                0x08001fc4                systick_clock_source_config
 .text.usb_connect
                0x08001fe4       0x12 build/at32f403a_407_usb.o
                0x08001fe4                usb_connect
 *fill*         0x08001ff6        0x2 
 .text.usb_ept_open
                0x08001ff8      0x418 build/at32f403a_407_usb.o
                0x08001ff8                usb_ept_open
 .text.usb_ept_close
                0x08002410      0x198 build/at32f403a_407_usb.o
                0x08002410                usb_ept_close
 .text.usb_write_packet
                0x080025a8       0x24 build/at32f403a_407_usb.o
                0x080025a8                usb_write_packet
 .text.usb_read_packet
                0x080025cc       0x24 build/at32f403a_407_usb.o
                0x080025cc                usb_read_packet
 .text.usb_interrupt_enable
                0x080025f0       0x16 build/at32f403a_407_usb.o
                0x080025f0                usb_interrupt_enable
 .text.usb_dev_init
                0x08002606       0x20 build/at32f403a_407_usb.o
                0x08002606                usb_dev_init
 .text.usb_set_address
                0x08002626       0x12 build/at32f403a_407_usb.o
                0x08002626                usb_set_address
 .text.usb_enter_suspend
                0x08002638       0x12 build/at32f403a_407_usb.o
                0x08002638                usb_enter_suspend
 .text.usb_exit_suspend
                0x0800264a       0x12 build/at32f403a_407_usb.o
                0x0800264a                usb_exit_suspend
 .text.usb_buffer_malloc
                0x0800265c       0x10 build/at32f403a_407_usb.o
                0x0800265c                usb_buffer_malloc
 .text.usb_buffer_free
                0x0800266c        0xc build/at32f403a_407_usb.o
                0x0800266c                usb_buffer_free
 .text.usb_flag_clear
                0x08002678        0x6 build/at32f403a_407_usb.o
                0x08002678                usb_flag_clear
 *fill*         0x0800267e        0x2 
 .text.acc_calibration_mode_enable
                0x08002680       0x28 build/at32f403a_407_acc.o
                0x08002680                acc_calibration_mode_enable
 .text.acc_write_c1
                0x080026a8        0xc build/at32f403a_407_acc.o
                0x080026a8                acc_write_c1
 .text.acc_write_c2
                0x080026b4        0xc build/at32f403a_407_acc.o
                0x080026b4                acc_write_c2
 .text.acc_write_c3
                0x080026c0        0xc build/at32f403a_407_acc.o
                0x080026c0                acc_write_c3
 .text.can_baudrate_set
                0x080026cc       0x8a build/at32f403a_407_can.o
                0x080026cc                can_baudrate_set
 .text.can_default_para_init
                0x08002756       0x12 build/at32f403a_407_can.o
                0x08002756                can_default_para_init
 .text.can_base_init
                0x08002768       0xb4 build/at32f403a_407_can.o
                0x08002768                can_base_init
 .text.can_filter_init
                0x0800281c      0x14e build/at32f403a_407_can.o
                0x0800281c                can_filter_init
 *fill*         0x0800296a        0x2 
 .text.motor_set_commutation_state
                0x0800296c      0x16c build/motor_control.o
 .text.motor_next_commutation_state
                0x08002ad8       0x38 build/motor_control.o
 .text.motor_control_process
                0x08002b10       0x26 build/motor_control.o
                0x08002b10                motor_control_process
 *fill*         0x08002b36        0x2 
 .text.wk_timebase_get
                0x08002b38        0xc build/wk_stubs.o
                0x08002b38                wk_timebase_get
 .text.wk_timebase_init
                0x08002b44       0x38 build/wk_stubs.o
                0x08002b44                wk_timebase_init
 .text.usbd_core_setup_handler
                0x08002b7c       0x48 build/usbd_core.o
                0x08002b7c                usbd_core_setup_handler
 .text.usbd_clear_stall
                0x08002bc4       0xa8 build/usbd_core.o
                0x08002bc4                usbd_clear_stall
 .text.usbd_set_stall
                0x08002c6c       0x78 build/usbd_core.o
                0x08002c6c                usbd_set_stall
 .text.usbd_ctrl_unsupport
                0x08002ce4       0x14 build/usbd_core.o
                0x08002ce4                usbd_ctrl_unsupport
 .text.usbd_ept_send
                0x08002cf8       0xfc build/usbd_core.o
                0x08002cf8                usbd_ept_send
 .text.usbd_ctrl_send
                0x08002df4       0x18 build/usbd_core.o
                0x08002df4                usbd_ctrl_send
 .text.usbd_ctrl_send_status
                0x08002e0c       0x14 build/usbd_core.o
                0x08002e0c                usbd_ctrl_send_status
 .text.usbd_ept_recv
                0x08002e20       0x58 build/usbd_core.o
                0x08002e20                usbd_ept_recv
 .text.usbd_core_out_handler
                0x08002e78       0x76 build/usbd_core.o
                0x08002e78                usbd_core_out_handler
 .text.usbd_ctrl_recv
                0x08002eee       0x1c build/usbd_core.o
                0x08002eee                usbd_ctrl_recv
 .text.usbd_ctrl_recv_status
                0x08002f0a       0x14 build/usbd_core.o
                0x08002f0a                usbd_ctrl_recv_status
 .text.usbd_core_in_handler
                0x08002f1e       0xc0 build/usbd_core.o
                0x08002f1e                usbd_core_in_handler
 .text.usbd_get_recv_len
                0x08002fde        0xe build/usbd_core.o
                0x08002fde                usbd_get_recv_len
 .text.usbd_ept_buf_auto_define
                0x08002fec       0x48 build/usbd_core.o
                0x08002fec                usbd_ept_buf_auto_define
 .text.usbd_ept_open
                0x08003034       0x54 build/usbd_core.o
                0x08003034                usbd_ept_open
 .text.usbd_ept_close
                0x08003088       0x2c build/usbd_core.o
                0x08003088                usbd_ept_close
 .text.usbd_connect
                0x080030b4        0xa build/usbd_core.o
                0x080030b4                usbd_connect
 .text.usbd_enter_suspend
                0x080030be        0xa build/usbd_core.o
                0x080030be                usbd_enter_suspend
 .text.usbd_ept_defaut_init
                0x080030c8       0x58 build/usbd_core.o
                0x080030c8                usbd_ept_defaut_init
 .text.usbd_core_init
                0x08003120       0x1c build/usbd_core.o
                0x08003120                usbd_core_init
 .text.usbd_eptn_handler
                0x0800313c      0x1d4 build/usbd_int.o
                0x0800313c                usbd_eptn_handler
 .text.usbd_ept_loop_handler
                0x08003310       0x1c build/usbd_int.o
                0x08003310                usbd_ept_loop_handler
 .text.usbd_reset_handler
                0x0800332c       0x42 build/usbd_int.o
                0x0800332c                usbd_reset_handler
 .text.usbd_sof_handler
                0x0800336e        0xc build/usbd_int.o
                0x0800336e                usbd_sof_handler
 .text.usbd_suspend_handler
                0x0800337a       0x24 build/usbd_int.o
                0x0800337a                usbd_suspend_handler
 .text.usbd_wakeup_handler
                0x0800339e       0x20 build/usbd_int.o
                0x0800339e                usbd_wakeup_handler
 .text.usbd_irq_handler
                0x080033be       0xa2 build/usbd_int.o
                0x080033be                usbd_irq_handler
 .text.usbd_get_status
                0x08003460       0x32 build/usbd_sdr.o
 .text.usbd_get_descriptor
                0x08003492       0xc8 build/usbd_sdr.o
 .text.usbd_get_configuration
                0x0800355a       0x42 build/usbd_sdr.o
 .text.usbd_clear_feature
                0x0800359c       0x42 build/usbd_sdr.o
 .text.usbd_set_feature
                0x080035de       0x2a build/usbd_sdr.o
 .text.usbd_set_address
                0x08003608       0x46 build/usbd_sdr.o
 *fill*         0x0800364e        0x2 
 .text.usbd_set_configuration
                0x08003650       0xa4 build/usbd_sdr.o
 .text.usbd_setup_request_parse
                0x080036f4       0x28 build/usbd_sdr.o
                0x080036f4                usbd_setup_request_parse
 .text.usbd_device_request
                0x0800371c       0x6a build/usbd_sdr.o
                0x0800371c                usbd_device_request
 .text.usbd_interface_request
                0x08003786       0x36 build/usbd_sdr.o
                0x08003786                usbd_interface_request
 .text.usbd_endpoint_request
                0x080037bc      0x150 build/usbd_sdr.o
                0x080037bc                usbd_endpoint_request
 .text.vListInitialise
                0x0800390c       0x16 build/list.o
                0x0800390c                vListInitialise
 .text.vListInitialiseItem
                0x08003922        0x6 build/list.o
                0x08003922                vListInitialiseItem
 .text.vListInsertEnd
                0x08003928       0x16 build/list.o
                0x08003928                vListInsertEnd
 .text.vListInsert
                0x0800393e       0x38 build/list.o
                0x0800393e                vListInsert
 .text.uxListRemove
                0x08003976       0x26 build/list.o
                0x08003976                uxListRemove
 .text.prvIsQueueFull
                0x0800399c       0x1e build/queue.o
 .text.prvIsQueueEmpty
                0x080039ba       0x1e build/queue.o
 .text.prvCopyDataToQueue
                0x080039d8       0x76 build/queue.o
 .text.prvCopyDataFromQueue
                0x08003a4e       0x24 build/queue.o
 .text.prvUnlockQueue
                0x08003a72       0x6e build/queue.o
 .text.xQueueGenericReset
                0x08003ae0       0x84 build/queue.o
                0x08003ae0                xQueueGenericReset
 .text.prvInitialiseNewQueue
                0x08003b64       0x22 build/queue.o
 .text.xQueueGenericCreateStatic
                0x08003b86       0x94 build/queue.o
                0x08003b86                xQueueGenericCreateStatic
 .text.xQueueGenericSend
                0x08003c1a      0x188 build/queue.o
                0x08003c1a                xQueueGenericSend
 .text.xQueueGenericSendFromISR
                0x08003da2       0xe8 build/queue.o
                0x08003da2                xQueueGenericSendFromISR
 .text.xQueueReceive
                0x08003e8a      0x15e build/queue.o
                0x08003e8a                xQueueReceive
 .text.vQueueAddToRegistry
                0x08003fe8       0x28 build/queue.o
                0x08003fe8                vQueueAddToRegistry
 .text.vQueueWaitForMessageRestricted
                0x08004010       0x52 build/queue.o
                0x08004010                vQueueWaitForMessageRestricted
 *fill*         0x08004062        0x2 
 .text.prvResetNextTaskUnblockTime
                0x08004064       0x28 build/tasks.o
 .text.prvInitialiseNewTask
                0x0800408c       0x9a build/tasks.o
 *fill*         0x08004126        0x2 
 .text.prvInitialiseTaskLists
                0x08004128       0x68 build/tasks.o
 .text.prvAddNewTaskToReadyList
                0x08004190       0xac build/tasks.o
 .text.prvDeleteTCB
                0x0800423c       0x38 build/tasks.o
 .text.prvCheckTasksWaitingTermination
                0x08004274       0x4c build/tasks.o
 .text.prvIdleTask
                0x080042c0       0x28 build/tasks.o
 .text.prvAddCurrentTaskToDelayedList
                0x080042e8       0x7c build/tasks.o
 .text.xTaskCreateStatic
                0x08004364       0x80 build/tasks.o
                0x08004364                xTaskCreateStatic
 .text.xTaskCreate
                0x080043e4       0x62 build/tasks.o
                0x080043e4                xTaskCreate
 *fill*         0x08004446        0x2 
 .text.vTaskStartScheduler
                0x08004448       0xa0 build/tasks.o
                0x08004448                vTaskStartScheduler
 .text.vTaskSuspendAll
                0x080044e8       0x10 build/tasks.o
                0x080044e8                vTaskSuspendAll
 .text.xTaskGetTickCount
                0x080044f8        0xc build/tasks.o
                0x080044f8                xTaskGetTickCount
 .text.xTaskIncrementTick
                0x08004504      0x124 build/tasks.o
                0x08004504                xTaskIncrementTick
 .text.xTaskResumeAll
                0x08004628       0xf8 build/tasks.o
                0x08004628                xTaskResumeAll
 .text.vTaskDelay
                0x08004720       0x4c build/tasks.o
                0x08004720                vTaskDelay
 .text.vTaskSwitchContext
                0x0800476c       0x98 build/tasks.o
                0x0800476c                vTaskSwitchContext
 .text.vTaskPlaceOnEventList
                0x08004804       0x30 build/tasks.o
                0x08004804                vTaskPlaceOnEventList
 .text.vTaskPlaceOnEventListRestricted
                0x08004834       0x3c build/tasks.o
                0x08004834                vTaskPlaceOnEventListRestricted
 .text.xTaskRemoveFromEventList
                0x08004870       0x90 build/tasks.o
                0x08004870                xTaskRemoveFromEventList
 .text.vTaskInternalSetTimeOutState
                0x08004900       0x18 build/tasks.o
                0x08004900                vTaskInternalSetTimeOutState
 .text.xTaskCheckForTimeOut
                0x08004918       0x8c build/tasks.o
                0x08004918                xTaskCheckForTimeOut
 .text.vTaskMissedYield
                0x080049a4        0xc build/tasks.o
                0x080049a4                vTaskMissedYield
 .text.xTaskGetSchedulerState
                0x080049b0       0x20 build/tasks.o
                0x080049b0                xTaskGetSchedulerState
 .text.xTaskPriorityDisinherit
                0x080049d0       0x90 build/tasks.o
                0x080049d0                xTaskPriorityDisinherit
 .text.prvGetNextExpireTime
                0x08004a60       0x20 build/timers.o
 .text.prvInsertTimerInActiveList
                0x08004a80       0x48 build/timers.o
 .text.prvCheckForValidListAndQueue
                0x08004ac8       0x70 build/timers.o
 .text.xTimerCreateTimerTask
                0x08004b38       0x64 build/timers.o
                0x08004b38                xTimerCreateTimerTask
 .text.xTimerGenericCommand
                0x08004b9c       0x68 build/timers.o
                0x08004b9c                xTimerGenericCommand
 .text.prvSwitchTimerLists
                0x08004c04       0x7c build/timers.o
 .text.prvSampleTimeNow
                0x08004c80       0x2c build/timers.o
 .text.prvProcessExpiredTimer
                0x08004cac       0x6c build/timers.o
 .text.prvProcessTimerOrBlockTask
                0x08004d18       0x78 build/timers.o
 .text.prvProcessReceivedCommands
                0x08004d90      0x124 build/timers.o
 .text.prvTimerTask
                0x08004eb4       0x16 build/timers.o
 *fill*         0x08004eca        0x2 
 .text.prvTaskExitError
                0x08004ecc       0x40 build/port.o
 .text.prvPortStartFirstTask
                0x08004f0c       0x28 build/port.o
 .text.vPortEnableVFP
                0x08004f34       0x14 build/port.o
 .text.pxPortInitialiseStack
                0x08004f48       0x2c build/port.o
                0x08004f48                pxPortInitialiseStack
 *fill*         0x08004f74        0xc 
 .text.SVC_Handler
                0x08004f80       0x24 build/port.o
                0x08004f80                SVC_Handler
 .text.vPortEnterCritical
                0x08004fa4       0x44 build/port.o
                0x08004fa4                vPortEnterCritical
 .text.vPortExitCritical
                0x08004fe8       0x2c build/port.o
                0x08004fe8                vPortExitCritical
 *fill*         0x08005014        0xc 
 .text.PendSV_Handler
                0x08005020       0x64 build/port.o
                0x08005020                PendSV_Handler
 .text.xPortSysTickHandler
                0x08005084       0x2c build/port.o
                0x08005084                xPortSysTickHandler
 .text.vPortSetupTimerInterrupt
                0x080050b0       0x28 build/port.o
                0x080050b0                vPortSetupTimerInterrupt
 .text.xPortStartScheduler
                0x080050d8      0x11c build/port.o
                0x080050d8                xPortStartScheduler
 .text.vPortValidateInterruptPriority
                0x080051f4       0x5c build/port.o
                0x080051f4                vPortValidateInterruptPriority
 .text.prvHeapInit
                0x08005250       0x64 build/heap_4.o
 .text.prvInsertBlockIntoFreeList
                0x080052b4       0x5c build/heap_4.o
 .text.pvPortMalloc
                0x08005310      0x110 build/heap_4.o
                0x08005310                pvPortMalloc
 .text.vPortFree
                0x08005420       0x80 build/heap_4.o
                0x08005420                vPortFree
 .text.Reset_Handler
                0x080054a0       0x48 build/startup_at32f403a_407.o
                0x080054a0                Reset_Handler
 .text.Default_Handler
                0x080054e8        0x2 build/startup_at32f403a_407.o
                0x080054e8                SDIO1_IRQHandler
                0x080054e8                XMC_IRQHandler
                0x080054e8                EXINT2_IRQHandler
                0x080054e8                USBFS_L_CAN1_RX0_IRQHandler
                0x080054e8                UART8_IRQHandler
                0x080054e8                SPI4_IRQHandler
                0x080054e8                I2C2_EVT_IRQHandler
                0x080054e8                TMR1_OVF_TMR10_IRQHandler
                0x080054e8                TMR8_TRG_HALL_TMR14_IRQHandler
                0x080054e8                USBFS_H_CAN1_TX_IRQHandler
                0x080054e8                I2C1_ERR_IRQHandler
                0x080054e8                EXINT9_5_IRQHandler
                0x080054e8                EMAC_IRQHandler
                0x080054e8                CAN2_RX1_IRQHandler
                0x080054e8                SDIO2_IRQHandler
                0x080054e8                ADC1_2_IRQHandler
                0x080054e8                TAMPER_IRQHandler
                0x080054e8                CAN2_RX0_IRQHandler
                0x080054e8                DMA2_Channel2_IRQHandler
                0x080054e8                DMA1_Channel4_IRQHandler
                0x080054e8                TMR8_CH_IRQHandler
                0x080054e8                USART6_IRQHandler
                0x080054e8                EXINT0_IRQHandler
                0x080054e8                USART3_IRQHandler
                0x080054e8                RTC_IRQHandler
                0x080054e8                DMA1_Channel7_IRQHandler
                0x080054e8                CAN1_RX1_IRQHandler
                0x080054e8                UART5_IRQHandler
                0x080054e8                ADC3_IRQHandler
                0x080054e8                ACC_IRQHandler
                0x080054e8                EMAC_WKUP_IRQHandler
                0x080054e8                DMA2_Channel1_IRQHandler
                0x080054e8                EXINT3_IRQHandler
                0x080054e8                DMA1_Channel6_IRQHandler
                0x080054e8                UART4_IRQHandler
                0x080054e8                Default_Handler
                0x080054e8                USBFS_MAPH_IRQHandler
                0x080054e8                TMR3_GLOBAL_IRQHandler
                0x080054e8                TMR7_GLOBAL_IRQHandler
                0x080054e8                CAN1_SE_IRQHandler
                0x080054e8                CAN2_TX_IRQHandler
                0x080054e8                I2C3_ERR_IRQHandler
                0x080054e8                SPI3_I2S3EXT_IRQHandler
                0x080054e8                TMR1_BRK_TMR9_IRQHandler
                0x080054e8                TMR8_BRK_TMR12_IRQHandler
                0x080054e8                TMR1_TRG_HALL_TMR11_IRQHandler
                0x080054e8                DMA1_Channel5_IRQHandler
                0x080054e8                TMR4_GLOBAL_IRQHandler
                0x080054e8                EXINT4_IRQHandler
                0x080054e8                CAN2_SE_IRQHandler
                0x080054e8                DMA2_Channel6_7_IRQHandler
                0x080054e8                PVM_IRQHandler
                0x080054e8                I2C3_EVT_IRQHandler
                0x080054e8                DMA1_Channel3_IRQHandler
                0x080054e8                I2C1_EVT_IRQHandler
                0x080054e8                TMR8_OVF_TMR13_IRQHandler
                0x080054e8                TMR6_GLOBAL_IRQHandler
                0x080054e8                EXINT1_IRQHandler
                0x080054e8                RTCAlarm_IRQHandler
                0x080054e8                DMA2_Channel4_5_IRQHandler
                0x080054e8                UART7_IRQHandler
                0x080054e8                USART2_IRQHandler
                0x080054e8                DMA1_Channel2_IRQHandler
                0x080054e8                TMR2_GLOBAL_IRQHandler
                0x080054e8                FLASH_IRQHandler
                0x080054e8                SPI2_I2S2EXT_IRQHandler
                0x080054e8                I2C2_ERR_IRQHandler
                0x080054e8                USBFSWakeUp_IRQHandler
                0x080054e8                USART1_IRQHandler
                0x080054e8                TMR1_CH_IRQHandler
                0x080054e8                CRM_IRQHandler
                0x080054e8                EXINT15_10_IRQHandler
                0x080054e8                WWDT_IRQHandler
                0x080054e8                DMA2_Channel3_IRQHandler
 .text.memset   0x080054ea       0x10 C:/Program Files (x86)/Arm/GNU Toolchain mingw-w64-i686-arm-none-eabi/bin/../lib/gcc/arm-none-eabi/15.2.1/../../../../arm-none-eabi/lib/thumb/v7e-m+fp/hard\libc_nano.a(libc_a-memset.o)
                0x080054ea                memset
 *fill*         0x080054fa        0x2 
 .text.__libc_init_array
                0x080054fc       0x48 C:/Program Files (x86)/Arm/GNU Toolchain mingw-w64-i686-arm-none-eabi/bin/../lib/gcc/arm-none-eabi/15.2.1/../../../../arm-none-eabi/lib/thumb/v7e-m+fp/hard\libc_nano.a(libc_a-init.o)
                0x080054fc                __libc_init_array
 .text.memcpy   0x08005544       0x1c C:/Program Files (x86)/Arm/GNU Toolchain mingw-w64-i686-arm-none-eabi/bin/../lib/gcc/arm-none-eabi/15.2.1/../../../../arm-none-eabi/lib/thumb/v7e-m+fp/hard\libc_nano.a(libc_a-memcpy-stub.o)
                0x08005544                memcpy
 *(.glue_7)
 .glue_7        0x08005560        0x0 linker stubs
 *(.glue_7t)
 .glue_7t       0x08005560        0x0 linker stubs
 *(.eh_frame)
 .eh_frame      0x08005560        0x0 C:/Program Files (x86)/Arm/GNU Toolchain mingw-w64-i686-arm-none-eabi/bin/../lib/gcc/arm-none-eabi/15.2.1/thumb/v7e-m+fp/hard/crtbegin.o
 *(.init)
 .init          0x08005560        0x4 C:/Program Files (x86)/Arm/GNU Toolchain mingw-w64-i686-arm-none-eabi/bin/../lib/gcc/arm-none-eabi/15.2.1/thumb/v7e-m+fp/hard/crti.o
                0x08005560                _init
 .init          0x08005564        0x8 C:/Program Files (x86)/Arm/GNU Toolchain mingw-w64-i686-arm-none-eabi/bin/../lib/gcc/arm-none-eabi/15.2.1/thumb/v7e-m+fp/hard/crtn.o
 *(.fini)
 .fini          0x0800556c        0x4 C:/Program Files (x86)/Arm/GNU Toolchain mingw-w64-i686-arm-none-eabi/bin/../lib/gcc/arm-none-eabi/15.2.1/thumb/v7e-m+fp/hard/crti.o
                0x0800556c                _fini
 .fini          0x08005570        0x8 C:/Program Files (x86)/Arm/GNU Toolchain mingw-w64-i686-arm-none-eabi/bin/../lib/gcc/arm-none-eabi/15.2.1/thumb/v7e-m+fp/hard/crtn.o
                0x08005578                        . = ALIGN (0x4)
                0x08005578                        _etext = .

.vfp11_veneer   0x08005578        0x0
 .vfp11_veneer  0x08005578        0x0 linker stubs

.v4_bx          0x08005578        0x0
 .v4_bx         0x08005578        0x0 linker stubs

.iplt           0x08005578        0x0
 .iplt          0x08005578        0x0 C:/Program Files (x86)/Arm/GNU Toolchain mingw-w64-i686-arm-none-eabi/bin/../lib/gcc/arm-none-eabi/15.2.1/thumb/v7e-m+fp/hard/crtbegin.o

.rodata         0x08005578       0xd8
                0x08005578                        . = ALIGN (0x4)
 *(.rodata)
 *(.rodata*)
 .rodata.freertos_task_create.str1.4
                0x08005578       0x9c build/freertos_app.o
                                 0x33 (size before relaxing)
 .rodata.get_device_manufacturer_string.str1.4
                0x08005614        0x0 build/cdc_desc.o
                                  0x7 (size before relaxing)
 .rodata.get_device_product_string.str1.4
                0x08005614        0x0 build/cdc_desc.o
                                 0x11 (size before relaxing)
 .rodata.get_device_interface_string.str1.4
                0x08005614        0x0 build/cdc_desc.o
                                 0x1a (size before relaxing)
 .rodata.get_device_config_string.str1.4
                0x08005614        0x0 build/cdc_desc.o
                                 0x17 (size before relaxing)
 .rodata.sys_ahb_div_table.0
                0x08005614       0x10 build/system_at32f403a_407.o
 .rodata.adc_div_table.0
                0x08005624        0x8 build/at32f403a_407_crm.o
 .rodata.ahb_apb2_div_table.1
                0x0800562c        0x8 build/at32f403a_407_crm.o
 .rodata.ahb_apb1_div_table.2
                0x08005634        0x8 build/at32f403a_407_crm.o
 .rodata.sclk_ahb_div_table.3
                0x0800563c       0x10 build/at32f403a_407_crm.o
 .rodata.vTaskStartScheduler.str1.4
                0x0800564c        0x0 build/tasks.o
                                  0x5 (size before relaxing)
 .rodata.uxTopUsedPriority
                0x0800564c        0x4 build/tasks.o
                0x0800564c                uxTopUsedPriority
 .rodata.prvCheckForValidListAndQueue.str1.4
                0x08005650        0x0 build/timers.o
                                  0x5 (size before relaxing)
 .rodata.xTimerCreateTimerTask.str1.4
                0x08005650        0x0 build/timers.o
                                  0x8 (size before relaxing)
                0x08005650                        . = ALIGN (0x4)

.rel.dyn        0x08005650        0x0
 .rel.iplt      0x08005650        0x0 C:/Program Files (x86)/Arm/GNU Toolchain mingw-w64-i686-arm-none-eabi/bin/../lib/gcc/arm-none-eabi/15.2.1/thumb/v7e-m+fp/hard/crtbegin.o

.ARM.extab
 *(.ARM.extab* .gnu.linkonce.armextab.*)

.ARM            0x08005650        0x0
                0x08005650                        __exidx_start = .
 *(.ARM.exidx*)
                0x08005650                        __exidx_end = .

.preinit_array  0x08005650        0x0
                0x08005650                        PROVIDE (__preinit_array_start = .)
 *(.preinit_array*)
                0x08005650                        PROVIDE (__preinit_array_end = .)

.init_array     0x08005650        0x4
                0x08005650                        PROVIDE (__init_array_start = .)
 *(SORT_BY_NAME(.init_array.*))
 *(.init_array*)
 .init_array    0x08005650        0x4 C:/Program Files (x86)/Arm/GNU Toolchain mingw-w64-i686-arm-none-eabi/bin/../lib/gcc/arm-none-eabi/15.2.1/thumb/v7e-m+fp/hard/crtbegin.o
                0x08005654                        PROVIDE (__init_array_end = .)

.fini_array     0x08005654        0x4
                [!provide]                        PROVIDE (__fini_array_start = .)
 *(SORT_BY_NAME(.fini_array.*))
 *(.fini_array*)
 .fini_array    0x08005654        0x4 C:/Program Files (x86)/Arm/GNU Toolchain mingw-w64-i686-arm-none-eabi/bin/../lib/gcc/arm-none-eabi/15.2.1/thumb/v7e-m+fp/hard/crtbegin.o
                [!provide]                        PROVIDE (__fini_array_end = .)
                0x08005658                        _sidata = LOADADDR (.data)

.data           0x20000000      0x100 load address 0x08005658
                0x20000000                        . = ALIGN (0x4)
                0x20000000                        _sdata = .
 *(.data)
 *(.data*)
 .data.cdc_class_handler
                0x20000000       0x28 build/cdc_class.o
                0x20000000                cdc_class_handler
 .data.linecoding
                0x20000028        0x8 build/cdc_class.o
                0x20000028                linecoding
 .data.serial_descriptor
                0x20000030        0x8 build/cdc_desc.o
 .data.langid_descriptor
                0x20000038        0x8 build/cdc_desc.o
 .data.config_descriptor
                0x20000040        0x8 build/cdc_desc.o
 .data.device_descriptor
                0x20000048        0x8 build/cdc_desc.o
 .data.g_string_serial
                0x20000050       0x1a build/cdc_desc.o
 *fill*         0x2000006a        0x2 
 .data.g_string_lang_id
                0x2000006c        0x4 build/cdc_desc.o
 .data.g_usbd_configuration
                0x20000070       0x43 build/cdc_desc.o
 *fill*         0x200000b3        0x1 
 .data.g_usbd_descriptor
                0x200000b4       0x12 build/cdc_desc.o
 *fill*         0x200000c6        0x2 
 .data.cdc_desc_handler
                0x200000c8       0x28 build/cdc_desc.o
                0x200000c8                cdc_desc_handler
 .data.system_core_clock
                0x200000f0        0x4 build/system_at32f403a_407.o
                0x200000f0                system_core_clock
 .data.g_usb_offset_addr
                0x200000f4        0x2 build/at32f403a_407_usb.o
 *fill*         0x200000f6        0x2 
 .data.g_usb_packet_address
                0x200000f8        0x4 build/at32f403a_407_usb.o
                0x200000f8                g_usb_packet_address
 .data.uxCriticalNesting
                0x200000fc        0x4 build/port.o
                0x20000100                        . = ALIGN (0x4)
                0x20000100                        _edata = .
                0x08400000                        _spim_init_base = LOADADDR (.spim)
                0x00000000                        _spim_init_length = SIZEOF (.spim)

.tm_clone_table
                0x20000100        0x0 load address 0x08005758
 .tm_clone_table
                0x20000100        0x0 C:/Program Files (x86)/Arm/GNU Toolchain mingw-w64-i686-arm-none-eabi/bin/../lib/gcc/arm-none-eabi/15.2.1/thumb/v7e-m+fp/hard/crtbegin.o
 .tm_clone_table
                0x20000100        0x0 C:/Program Files (x86)/Arm/GNU Toolchain mingw-w64-i686-arm-none-eabi/bin/../lib/gcc/arm-none-eabi/15.2.1/thumb/v7e-m+fp/hard/crtend.o

.igot.plt       0x20000100        0x0 load address 0x08005758
 .igot.plt      0x20000100        0x0 C:/Program Files (x86)/Arm/GNU Toolchain mingw-w64-i686-arm-none-eabi/bin/../lib/gcc/arm-none-eabi/15.2.1/thumb/v7e-m+fp/hard/crtbegin.o

.spim           0x08400000        0x0
                0x08400000                        . = ALIGN (0x4)
                0x08400000                        _spim_start = .
 *(.spim)
 *(.spim*)
                0x08400000                        . = ALIGN (0x4)
                0x08400000                        _spim_end = .
                0x08400000                        . = ALIGN (0x4)

.bss            0x20000100     0x382c
                0x20000100                        _sbss = .
                0x20000100                        __bss_start__ = _sbss
 *(.bss)
 *(.bss*)
 .bss.completed.1
                0x20000100        0x1 C:/Program Files (x86)/Arm/GNU Toolchain mingw-w64-i686-arm-none-eabi/bin/../lib/gcc/arm-none-eabi/15.2.1/thumb/v7e-m+fp/hard/crtbegin.o
 *fill*         0x20000101        0x3 
 .bss.object.0  0x20000104       0x18 C:/Program Files (x86)/Arm/GNU Toolchain mingw-w64-i686-arm-none-eabi/bin/../lib/gcc/arm-none-eabi/15.2.1/thumb/v7e-m+fp/hard/crtbegin.o
 .bss.motor     0x2000011c       0x10 build/main.o
                0x2000011c                motor
 .bss.adc_data_buffer
                0x2000012c       0x28 build/main.o
                0x2000012c                adc_data_buffer
 .bss.send_zero_packet.0
                0x20000154        0x1 build/usb_app.o
 *fill*         0x20000155        0x3 
 .bss.usbd_app_buffer_fs1
                0x20000158      0x200 build/usb_app.o
                0x20000158                usbd_app_buffer_fs1
 .bss.usb_core_dev
                0x20000358      0x22c build/usb_app.o
                0x20000358                usb_core_dev
 .bss.timer_task_tcb
                0x20000584       0x5c build/freertos_app.o
 .bss.idle_task_tcb
                0x200005e0       0x5c build/freertos_app.o
 .bss.timer_task_stack
                0x2000063c      0x400 build/freertos_app.o
 .bss.idle_task_stack
                0x20000a3c      0x200 build/freertos_app.o
 .bss.Debug_Task_handle
                0x20000c3c        0x4 build/freertos_app.o
                0x20000c3c                Debug_Task_handle
 .bss.Community_Task_handle
                0x20000c40        0x4 build/freertos_app.o
                0x20000c40                Community_Task_handle
 .bss.Monitor_Task_handle
                0x20000c44        0x4 build/freertos_app.o
                0x20000c44                Monitor_Task_handle
 .bss.MC_Task_handle
                0x20000c48        0x4 build/freertos_app.o
                0x20000c48                MC_Task_handle
 .bss.cdc_struct
                0x20000c4c       0x5c build/cdc_class.o
                0x20000c4c                cdc_struct
 .bss.vp_desc   0x20000ca8        0x8 build/cdc_desc.o
 .bss.g_usbd_desc_buffer
                0x20000cb0      0x100 build/cdc_desc.o
 .bss.timebase_ticks
                0x20000db0        0x4 build/wk_stubs.o
                0x20000db0                timebase_ticks
 .bss.config_value.0
                0x20000db4        0x1 build/usbd_sdr.o
 *fill*         0x20000db5        0x3 
 .bss.xQueueRegistry
                0x20000db8       0x40 build/queue.o
                0x20000db8                xQueueRegistry
 .bss.uxSchedulerSuspended
                0x20000df8        0x4 build/tasks.o
 .bss.xIdleTaskHandle
                0x20000dfc        0x4 build/tasks.o
 .bss.xNextTaskUnblockTime
                0x20000e00        0x4 build/tasks.o
 .bss.uxTaskNumber
                0x20000e04        0x4 build/tasks.o
 .bss.xNumOfOverflows
                0x20000e08        0x4 build/tasks.o
 .bss.xYieldPending
                0x20000e0c        0x4 build/tasks.o
 .bss.xPendedTicks
                0x20000e10        0x4 build/tasks.o
 .bss.xSchedulerRunning
                0x20000e14        0x4 build/tasks.o
 .bss.uxTopReadyPriority
                0x20000e18        0x4 build/tasks.o
 .bss.xTickCount
                0x20000e1c        0x4 build/tasks.o
 .bss.uxCurrentNumberOfTasks
                0x20000e20        0x4 build/tasks.o
 .bss.xSuspendedTaskList
                0x20000e24       0x14 build/tasks.o
 .bss.uxDeletedTasksWaitingCleanUp
                0x20000e38        0x4 build/tasks.o
 .bss.xTasksWaitingTermination
                0x20000e3c       0x14 build/tasks.o
 .bss.xPendingReadyList
                0x20000e50       0x14 build/tasks.o
 .bss.pxOverflowDelayedTaskList
                0x20000e64        0x4 build/tasks.o
 .bss.pxDelayedTaskList
                0x20000e68        0x4 build/tasks.o
 .bss.xDelayedTaskList2
                0x20000e6c       0x14 build/tasks.o
 .bss.xDelayedTaskList1
                0x20000e80       0x14 build/tasks.o
 .bss.pxReadyTasksLists
                0x20000e94      0x140 build/tasks.o
 .bss.pxCurrentTCB
                0x20000fd4        0x4 build/tasks.o
                0x20000fd4                pxCurrentTCB
 .bss.xStaticTimerQueue.0
                0x20000fd8       0x50 build/timers.o
 .bss.ucStaticTimerQueueStorage.1
                0x20001028       0xa0 build/timers.o
 .bss.xLastTime.2
                0x200010c8        0x4 build/timers.o
 .bss.xTimerTaskHandle
                0x200010cc        0x4 build/timers.o
 .bss.xTimerQueue
                0x200010d0        0x4 build/timers.o
 .bss.pxOverflowTimerList
                0x200010d4        0x4 build/timers.o
 .bss.pxCurrentTimerList
                0x200010d8        0x4 build/timers.o
 .bss.xActiveTimerList2
                0x200010dc       0x14 build/timers.o
 .bss.xActiveTimerList1
                0x200010f0       0x14 build/timers.o
 .bss.ulMaxPRIGROUPValue
                0x20001104        0x4 build/port.o
 .bss.ucMaxSysCallPriority
                0x20001108        0x1 build/port.o
 *fill*         0x20001109        0x3 
 .bss.xBlockAllocatedBit
                0x2000110c        0x4 build/heap_4.o
 .bss.xNumberOfSuccessfulFrees
                0x20001110        0x4 build/heap_4.o
 .bss.xNumberOfSuccessfulAllocations
                0x20001114        0x4 build/heap_4.o
 .bss.xMinimumEverFreeBytesRemaining
                0x20001118        0x4 build/heap_4.o
 .bss.xFreeBytesRemaining
                0x2000111c        0x4 build/heap_4.o
 .bss.pxEnd     0x20001120        0x4 build/heap_4.o
 .bss.xStart    0x20001124        0x8 build/heap_4.o
 .bss.ucHeap    0x2000112c     0x2800 build/heap_4.o
 *(COMMON)
                0x2000392c                        . = ALIGN (0x4)
                0x2000392c                        _ebss = .
                0x2000392c                        __bss_end__ = _ebss

._user_heap_stack
                0x2000392c      0x604
                0x20003930                        . = ALIGN (0x8)
 *fill*         0x2000392c        0x4 
                [!provide]                        PROVIDE (end = .)
                0x20003930                        PROVIDE (_end = .)
                0x20003b30                        . = (. + _Min_Heap_Size)
 *fill*         0x20003930      0x200 
                0x20003f30                        . = (. + _Min_Stack_Size)
 *fill*         0x20003b30      0x400 
                0x20003f30                        . = ALIGN (0x8)

/DISCARD/
 libc.a(*)
 libm.a(*)
 libgcc.a(*)

.ARM.attributes
                0x00000000       0x30
 *(.ARM.attributes)
 .ARM.attributes
                0x00000000       0x22 C:/Program Files (x86)/Arm/GNU Toolchain mingw-w64-i686-arm-none-eabi/bin/../lib/gcc/arm-none-eabi/15.2.1/thumb/v7e-m+fp/hard/crti.o
 .ARM.attributes
                0x00000022       0x34 C:/Program Files (x86)/Arm/GNU Toolchain mingw-w64-i686-arm-none-eabi/bin/../lib/gcc/arm-none-eabi/15.2.1/thumb/v7e-m+fp/hard/crtbegin.o
 .ARM.attributes
                0x00000056       0x34 build/main.o
 .ARM.attributes
                0x0000008a       0x34 build/at32f403a_407_wk_config.o
 .ARM.attributes
                0x000000be       0x34 build/at32f403a_407_int.o
 .ARM.attributes
                0x000000f2       0x34 build/wk_debug.o
 .ARM.attributes
                0x00000126       0x34 build/wk_tmr.o
 .ARM.attributes
                0x0000015a       0x34 build/wk_gpio.o
 .ARM.attributes
                0x0000018e       0x34 build/wk_acc.o
 .ARM.attributes
                0x000001c2       0x34 build/wk_adc.o
 .ARM.attributes
                0x000001f6       0x34 build/wk_spi.o
 .ARM.attributes
                0x0000022a       0x34 build/wk_usbfs.o
 .ARM.attributes
                0x0000025e       0x34 build/wk_dma.o
 .ARM.attributes
                0x00000292       0x34 build/wk_can.o
 .ARM.attributes
                0x000002c6       0x34 build/usb_app.o
 .ARM.attributes
                0x000002fa       0x34 build/freertos_app.o
 .ARM.attributes
                0x0000032e       0x34 build/cdc_class.o
 .ARM.attributes
                0x00000362       0x34 build/cdc_desc.o
 .ARM.attributes
                0x00000396       0x34 build/system_at32f403a_407.o
 .ARM.attributes
                0x000003ca       0x34 build/at32f403a_407_crm.o
 .ARM.attributes
                0x000003fe       0x34 build/at32f403a_407_tmr.o
 .ARM.attributes
                0x00000432       0x34 build/at32f403a_407_gpio.o
 .ARM.attributes
                0x00000466       0x34 build/at32f403a_407_adc.o
 .ARM.attributes
                0x0000049a       0x34 build/at32f403a_407_spi.o
 .ARM.attributes
                0x000004ce       0x34 build/at32f403a_407_dma.o
 .ARM.attributes
                0x00000502       0x34 build/at32f403a_407_misc.o
 .ARM.attributes
                0x00000536       0x34 build/at32f403a_407_usb.o
 .ARM.attributes
                0x0000056a       0x34 build/at32f403a_407_acc.o
 .ARM.attributes
                0x0000059e       0x34 build/at32f403a_407_can.o
 .ARM.attributes
                0x000005d2       0x34 build/motor_control.o
 .ARM.attributes
                0x00000606       0x34 build/wk_stubs.o
 .ARM.attributes
                0x0000063a       0x34 build/usbd_core.o
 .ARM.attributes
                0x0000066e       0x34 build/usbd_int.o
 .ARM.attributes
                0x000006a2       0x34 build/usbd_sdr.o
 .ARM.attributes
                0x000006d6       0x34 build/list.o
 .ARM.attributes
                0x0000070a       0x34 build/queue.o
 .ARM.attributes
                0x0000073e       0x34 build/tasks.o
 .ARM.attributes
                0x00000772       0x34 build/timers.o
 .ARM.attributes
                0x000007a6       0x34 build/port.o
 .ARM.attributes
                0x000007da       0x34 build/heap_4.o
 .ARM.attributes
                0x0000080e       0x21 build/startup_at32f403a_407.o
 .ARM.attributes
                0x0000082f       0x34 C:/Program Files (x86)/Arm/GNU Toolchain mingw-w64-i686-arm-none-eabi/bin/../lib/gcc/arm-none-eabi/15.2.1/../../../../arm-none-eabi/lib/thumb/v7e-m+fp/hard\libc_nano.a(libc_a-memset.o)
 .ARM.attributes
                0x00000863       0x34 C:/Program Files (x86)/Arm/GNU Toolchain mingw-w64-i686-arm-none-eabi/bin/../lib/gcc/arm-none-eabi/15.2.1/../../../../arm-none-eabi/lib/thumb/v7e-m+fp/hard\libc_nano.a(libc_a-init.o)
 .ARM.attributes
                0x00000897       0x34 C:/Program Files (x86)/Arm/GNU Toolchain mingw-w64-i686-arm-none-eabi/bin/../lib/gcc/arm-none-eabi/15.2.1/../../../../arm-none-eabi/lib/thumb/v7e-m+fp/hard\libc_nano.a(libc_a-memcpy-stub.o)
 .ARM.attributes
                0x000008cb       0x34 C:/Program Files (x86)/Arm/GNU Toolchain mingw-w64-i686-arm-none-eabi/bin/../lib/gcc/arm-none-eabi/15.2.1/thumb/v7e-m+fp/hard/crtend.o
 .ARM.attributes
                0x000008ff       0x22 C:/Program Files (x86)/Arm/GNU Toolchain mingw-w64-i686-arm-none-eabi/bin/../lib/gcc/arm-none-eabi/15.2.1/thumb/v7e-m+fp/hard/crtn.o
OUTPUT(build/AT32WorkBench.elf elf32-littlearm)
LOAD linker stubs
LOAD C:/Program Files (x86)/Arm/GNU Toolchain mingw-w64-i686-arm-none-eabi/bin/../lib/gcc/arm-none-eabi/15.2.1/../../../../arm-none-eabi/lib/thumb/v7e-m+fp/hard\libc.a
LOAD C:/Program Files (x86)/Arm/GNU Toolchain mingw-w64-i686-arm-none-eabi/bin/../lib/gcc/arm-none-eabi/15.2.1/../../../../arm-none-eabi/lib/thumb/v7e-m+fp/hard\libm.a
LOAD C:/Program Files (x86)/Arm/GNU Toolchain mingw-w64-i686-arm-none-eabi/bin/../lib/gcc/arm-none-eabi/15.2.1/thumb/v7e-m+fp/hard\libgcc.a

.debug_info     0x00000000    0x33773
 .debug_info    0x00000000     0x1357 build/main.o
 .debug_info    0x00001357     0x1451 build/at32f403a_407_wk_config.o
 .debug_info    0x000027a8     0x1285 build/at32f403a_407_int.o
 .debug_info    0x00003a2d      0x10a build/wk_debug.o
 .debug_info    0x00003b37     0x2837 build/wk_tmr.o
 .debug_info    0x0000636e      0xfbc build/wk_gpio.o
 .debug_info    0x0000732a      0x183 build/wk_acc.o
 .debug_info    0x000074ad     0x22b8 build/wk_adc.o
 .debug_info    0x00009765     0x1912 build/wk_spi.o
 .debug_info    0x0000b077      0x136 build/wk_usbfs.o
 .debug_info    0x0000b1ad      0xe55 build/wk_dma.o
 .debug_info    0x0000c002     0x2925 build/wk_can.o
 .debug_info    0x0000e927      0xf53 build/usb_app.o
 .debug_info    0x0000f87a      0x8c1 build/freertos_app.o
 .debug_info    0x0001013b     0x16f7 build/cdc_class.o
 .debug_info    0x00011832      0x66e build/cdc_desc.o
 .debug_info    0x00011ea0     0x17e7 build/system_at32f403a_407.o
 .debug_info    0x00013687     0x26b0 build/at32f403a_407_crm.o
 .debug_info    0x00015d37     0x2d72 build/at32f403a_407_tmr.o
 .debug_info    0x00018aa9     0x23f7 build/at32f403a_407_gpio.o
 .debug_info    0x0001aea0     0x1c2c build/at32f403a_407_adc.o
 .debug_info    0x0001cacc     0x1498 build/at32f403a_407_spi.o
 .debug_info    0x0001df64      0xfad build/at32f403a_407_dma.o
 .debug_info    0x0001ef11      0xb78 build/at32f403a_407_misc.o
 .debug_info    0x0001fa89     0x24fb build/at32f403a_407_usb.o
 .debug_info    0x00021f84      0x5ea build/at32f403a_407_acc.o
 .debug_info    0x0002256e     0x25fa build/at32f403a_407_can.o
 .debug_info    0x00024b68     0x18c7 build/motor_control.o
 .debug_info    0x0002642f      0x348 build/wk_stubs.o
 .debug_info    0x00026777     0x1b03 build/usbd_core.o
 .debug_info    0x0002827a     0x1325 build/usbd_int.o
 .debug_info    0x0002959f     0x151f build/usbd_sdr.o
 .debug_info    0x0002aabe      0x31b build/list.o
 .debug_info    0x0002add9     0x2ad3 build/queue.o
 .debug_info    0x0002d8ac     0x357b build/tasks.o
 .debug_info    0x00030e27     0x1d4f build/timers.o
 .debug_info    0x00032b76      0x5c2 build/port.o
 .debug_info    0x00033138      0x60b build/heap_4.o
 .debug_info    0x00033743       0x30 build/startup_at32f403a_407.o

.debug_abbrev   0x00000000     0x567f
 .debug_abbrev  0x00000000      0x1e9 build/main.o
 .debug_abbrev  0x000001e9      0x293 build/at32f403a_407_wk_config.o
 .debug_abbrev  0x0000047c      0x1d1 build/at32f403a_407_int.o
 .debug_abbrev  0x0000064d       0xb3 build/wk_debug.o
 .debug_abbrev  0x00000700      0x1a9 build/wk_tmr.o
 .debug_abbrev  0x000008a9      0x163 build/wk_gpio.o
 .debug_abbrev  0x00000a0c       0xc0 build/wk_acc.o
 .debug_abbrev  0x00000acc      0x1ee build/wk_adc.o
 .debug_abbrev  0x00000cba      0x19c build/wk_spi.o
 .debug_abbrev  0x00000e56       0xb1 build/wk_usbfs.o
 .debug_abbrev  0x00000f07      0x1c3 build/wk_dma.o
 .debug_abbrev  0x000010ca      0x1c4 build/wk_can.o
 .debug_abbrev  0x0000128e      0x258 build/usb_app.o
 .debug_abbrev  0x000014e6      0x25a build/freertos_app.o
 .debug_abbrev  0x00001740      0x36d build/cdc_class.o
 .debug_abbrev  0x00001aad      0x1d9 build/cdc_desc.o
 .debug_abbrev  0x00001c86      0x1c0 build/system_at32f403a_407.o
 .debug_abbrev  0x00001e46      0x29c build/at32f403a_407_crm.o
 .debug_abbrev  0x000020e2      0x255 build/at32f403a_407_tmr.o
 .debug_abbrev  0x00002337      0x2a9 build/at32f403a_407_gpio.o
 .debug_abbrev  0x000025e0      0x2b6 build/at32f403a_407_adc.o
 .debug_abbrev  0x00002896      0x293 build/at32f403a_407_spi.o
 .debug_abbrev  0x00002b29      0x234 build/at32f403a_407_dma.o
 .debug_abbrev  0x00002d5d      0x2ca build/at32f403a_407_misc.o
 .debug_abbrev  0x00003027      0x2d6 build/at32f403a_407_usb.o
 .debug_abbrev  0x000032fd      0x181 build/at32f403a_407_acc.o
 .debug_abbrev  0x0000347e      0x2d9 build/at32f403a_407_can.o
 .debug_abbrev  0x00003757      0x214 build/motor_control.o
 .debug_abbrev  0x0000396b      0x1ac build/wk_stubs.o
 .debug_abbrev  0x00003b17      0x388 build/usbd_core.o
 .debug_abbrev  0x00003e9f      0x289 build/usbd_int.o
 .debug_abbrev  0x00004128      0x32d build/usbd_sdr.o
 .debug_abbrev  0x00004455      0x124 build/list.o
 .debug_abbrev  0x00004579      0x3fc build/queue.o
 .debug_abbrev  0x00004975      0x40a build/tasks.o
 .debug_abbrev  0x00004d7f      0x3d4 build/timers.o
 .debug_abbrev  0x00005153      0x2af build/port.o
 .debug_abbrev  0x00005402      0x260 build/heap_4.o
 .debug_abbrev  0x00005662       0x1d build/startup_at32f403a_407.o

.debug_loc      0x00000000    0x11117
 .debug_loc     0x00000000       0x20 build/main.o
 .debug_loc     0x00000020      0x2a8 build/at32f403a_407_wk_config.o
 .debug_loc     0x000002c8       0x80 build/at32f403a_407_int.o
 .debug_loc     0x00000348       0x20 build/wk_debug.o
 .debug_loc     0x00000368       0x58 build/wk_tmr.o
 .debug_loc     0x000003c0       0x38 build/wk_gpio.o
 .debug_loc     0x000003f8       0x20 build/wk_acc.o
 .debug_loc     0x00000418       0x38 build/wk_adc.o
 .debug_loc     0x00000450       0x38 build/wk_spi.o
 .debug_loc     0x00000488       0x20 build/wk_usbfs.o
 .debug_loc     0x000004a8       0x38 build/wk_dma.o
 .debug_loc     0x000004e0       0x39 build/wk_can.o
 .debug_loc     0x00000519      0x160 build/usb_app.o
 .debug_loc     0x00000679      0x184 build/freertos_app.o
 .debug_loc     0x000007fd      0x9cc build/cdc_class.o
 .debug_loc     0x000011c9      0x2c5 build/cdc_desc.o
 .debug_loc     0x0000148e      0x1f2 build/system_at32f403a_407.o
 .debug_loc     0x00001680      0xa15 build/at32f403a_407_crm.o
 .debug_loc     0x00002095      0xdf9 build/at32f403a_407_tmr.o
 .debug_loc     0x00002e8e      0x712 build/at32f403a_407_gpio.o
 .debug_loc     0x000035a0      0x8b7 build/at32f403a_407_adc.o
 .debug_loc     0x00003e57      0x7f8 build/at32f403a_407_spi.o
 .debug_loc     0x0000464f      0x213 build/at32f403a_407_dma.o
 .debug_loc     0x00004862      0x45a build/at32f403a_407_misc.o
 .debug_loc     0x00004cbc      0xa40 build/at32f403a_407_usb.o
 .debug_loc     0x000056fc      0x14d build/at32f403a_407_acc.o
 .debug_loc     0x00005849     0x144f build/at32f403a_407_can.o
 .debug_loc     0x00006c98      0x3c4 build/motor_control.o
 .debug_loc     0x0000705c       0xdf build/wk_stubs.o
 .debug_loc     0x0000713b     0x16c3 build/usbd_core.o
 .debug_loc     0x000087fe      0x4e8 build/usbd_int.o
 .debug_loc     0x00008ce6     0x148b build/usbd_sdr.o
 .debug_loc     0x0000a171      0x122 build/list.o
 .debug_loc     0x0000a293     0x21f0 build/queue.o
 .debug_loc     0x0000c483     0x2ebd build/tasks.o
 .debug_loc     0x0000f340     0x173b build/timers.o
 .debug_loc     0x00010a7b      0x1c6 build/port.o
 .debug_loc     0x00010c41      0x4d6 build/heap_4.o

.debug_aranges  0x00000000     0x1458
 .debug_aranges
                0x00000000       0x20 build/main.o
 .debug_aranges
                0x00000020       0x38 build/at32f403a_407_wk_config.o
 .debug_aranges
                0x00000058       0x70 build/at32f403a_407_int.o
 .debug_aranges
                0x000000c8       0x20 build/wk_debug.o
 .debug_aranges
                0x000000e8       0x28 build/wk_tmr.o
 .debug_aranges
                0x00000110       0x20 build/wk_gpio.o
 .debug_aranges
                0x00000130       0x20 build/wk_acc.o
 .debug_aranges
                0x00000150       0x20 build/wk_adc.o
 .debug_aranges
                0x00000170       0x20 build/wk_spi.o
 .debug_aranges
                0x00000190       0x20 build/wk_usbfs.o
 .debug_aranges
                0x000001b0       0x28 build/wk_dma.o
 .debug_aranges
                0x000001d8       0x20 build/wk_can.o
 .debug_aranges
                0x000001f8       0x38 build/usb_app.o
 .debug_aranges
                0x00000230       0x58 build/freertos_app.o
 .debug_aranges
                0x00000288       0x80 build/cdc_class.o
 .debug_aranges
                0x00000308       0x80 build/cdc_desc.o
 .debug_aranges
                0x00000388       0x28 build/system_at32f403a_407.o
 .debug_aranges
                0x000003b0      0x138 build/at32f403a_407_crm.o
 .debug_aranges
                0x000004e8      0x1d8 build/at32f403a_407_tmr.o
 .debug_aranges
                0x000006c0       0xb0 build/at32f403a_407_gpio.o
 .debug_aranges
                0x00000770      0x130 build/at32f403a_407_adc.o
 .debug_aranges
                0x000008a0       0xd8 build/at32f403a_407_spi.o
 .debug_aranges
                0x00000978       0x70 build/at32f403a_407_dma.o
 .debug_aranges
                0x000009e8       0x78 build/at32f403a_407_misc.o
 .debug_aranges
                0x00000a60       0xb8 build/at32f403a_407_usb.o
 .debug_aranges
                0x00000b18       0x88 build/at32f403a_407_acc.o
 .debug_aranges
                0x00000ba0       0xe0 build/at32f403a_407_can.o
 .debug_aranges
                0x00000c80       0x60 build/motor_control.o
 .debug_aranges
                0x00000ce0       0x40 build/wk_stubs.o
 .debug_aranges
                0x00000d20       0xe8 build/usbd_core.o
 .debug_aranges
                0x00000e08       0x50 build/usbd_int.o
 .debug_aranges
                0x00000e58       0x70 build/usbd_sdr.o
 .debug_aranges
                0x00000ec8       0x40 build/list.o
 .debug_aranges
                0x00000f08      0x158 build/queue.o
 .debug_aranges
                0x00001060      0x208 build/tasks.o
 .debug_aranges
                0x00001268       0xf0 build/timers.o
 .debug_aranges
                0x00001358       0x80 build/port.o
 .debug_aranges
                0x000013d8       0x58 build/heap_4.o
 .debug_aranges
                0x00001430       0x28 build/startup_at32f403a_407.o

.debug_ranges   0x00000000     0x14d8
 .debug_ranges  0x00000000       0x10 build/main.o
 .debug_ranges  0x00000010       0x28 build/at32f403a_407_wk_config.o
 .debug_ranges  0x00000038       0x60 build/at32f403a_407_int.o
 .debug_ranges  0x00000098       0x10 build/wk_debug.o
 .debug_ranges  0x000000a8       0x18 build/wk_tmr.o
 .debug_ranges  0x000000c0       0x10 build/wk_gpio.o
 .debug_ranges  0x000000d0       0x10 build/wk_acc.o
 .debug_ranges  0x000000e0       0x10 build/wk_adc.o
 .debug_ranges  0x000000f0       0x10 build/wk_spi.o
 .debug_ranges  0x00000100       0x10 build/wk_usbfs.o
 .debug_ranges  0x00000110       0x18 build/wk_dma.o
 .debug_ranges  0x00000128       0x10 build/wk_can.o
 .debug_ranges  0x00000138       0x28 build/usb_app.o
 .debug_ranges  0x00000160       0x48 build/freertos_app.o
 .debug_ranges  0x000001a8       0x70 build/cdc_class.o
 .debug_ranges  0x00000218       0x70 build/cdc_desc.o
 .debug_ranges  0x00000288       0x18 build/system_at32f403a_407.o
 .debug_ranges  0x000002a0      0x128 build/at32f403a_407_crm.o
 .debug_ranges  0x000003c8      0x1c8 build/at32f403a_407_tmr.o
 .debug_ranges  0x00000590       0xa0 build/at32f403a_407_gpio.o
 .debug_ranges  0x00000630      0x120 build/at32f403a_407_adc.o
 .debug_ranges  0x00000750       0xc8 build/at32f403a_407_spi.o
 .debug_ranges  0x00000818       0x60 build/at32f403a_407_dma.o
 .debug_ranges  0x00000878       0x68 build/at32f403a_407_misc.o
 .debug_ranges  0x000008e0      0x138 build/at32f403a_407_usb.o
 .debug_ranges  0x00000a18       0x78 build/at32f403a_407_acc.o
 .debug_ranges  0x00000a90       0xd0 build/at32f403a_407_can.o
 .debug_ranges  0x00000b60       0x50 build/motor_control.o
 .debug_ranges  0x00000bb0       0x30 build/wk_stubs.o
 .debug_ranges  0x00000be0       0xd8 build/usbd_core.o
 .debug_ranges  0x00000cb8       0x40 build/usbd_int.o
 .debug_ranges  0x00000cf8       0x78 build/usbd_sdr.o
 .debug_ranges  0x00000d70       0x30 build/list.o
 .debug_ranges  0x00000da0      0x218 build/queue.o
 .debug_ranges  0x00000fb8      0x350 build/tasks.o
 .debug_ranges  0x00001308       0xe0 build/timers.o
 .debug_ranges  0x000013e8       0x88 build/port.o
 .debug_ranges  0x00001470       0x48 build/heap_4.o
 .debug_ranges  0x000014b8       0x20 build/startup_at32f403a_407.o

.debug_line     0x00000000    0x10939
 .debug_line    0x00000000      0x2c5 build/main.o
 .debug_line    0x000002c5      0x4e1 build/at32f403a_407_wk_config.o
 .debug_line    0x000007a6      0x36a build/at32f403a_407_int.o
 .debug_line    0x00000b10      0x198 build/wk_debug.o
 .debug_line    0x00000ca8      0x3bf build/wk_tmr.o
 .debug_line    0x00001067      0x18c build/wk_gpio.o
 .debug_line    0x000011f3      0x198 build/wk_acc.o
 .debug_line    0x0000138b      0x25d build/wk_adc.o
 .debug_line    0x000015e8      0x297 build/wk_spi.o
 .debug_line    0x0000187f       0x7d build/wk_usbfs.o
 .debug_line    0x000018fc      0x1fe build/wk_dma.o
 .debug_line    0x00001afa      0x2a8 build/wk_can.o
 .debug_line    0x00001da2      0x2e1 build/usb_app.o
 .debug_line    0x00002083      0x361 build/freertos_app.o
 .debug_line    0x000023e4      0x5c8 build/cdc_class.o
 .debug_line    0x000029ac      0x41c build/cdc_desc.o
 .debug_line    0x00002dc8      0x365 build/system_at32f403a_407.o
 .debug_line    0x0000312d      0xa42 build/at32f403a_407_crm.o
 .debug_line    0x00003b6f     0x10ee build/at32f403a_407_tmr.o
 .debug_line    0x00004c5d      0x68d build/at32f403a_407_gpio.o
 .debug_line    0x000052ea      0x946 build/at32f403a_407_adc.o
 .debug_line    0x00005c30      0x9dc build/at32f403a_407_spi.o
 .debug_line    0x0000660c      0x4dd build/at32f403a_407_dma.o
 .debug_line    0x00006ae9      0x49a build/at32f403a_407_misc.o
 .debug_line    0x00006f83      0x97d build/at32f403a_407_usb.o
 .debug_line    0x00007900      0x3ca build/at32f403a_407_acc.o
 .debug_line    0x00007cca      0xfb7 build/at32f403a_407_can.o
 .debug_line    0x00008c81      0x405 build/motor_control.o
 .debug_line    0x00009086      0x28d build/wk_stubs.o
 .debug_line    0x00009313      0xa71 build/usbd_core.o
 .debug_line    0x00009d84      0x48c build/usbd_int.o
 .debug_line    0x0000a210      0x7d7 build/usbd_sdr.o
 .debug_line    0x0000a9e7      0x35a build/list.o
 .debug_line    0x0000ad41     0x1b3f build/queue.o
 .debug_line    0x0000c880     0x2691 build/tasks.o
 .debug_line    0x0000ef11      0xd09 build/timers.o
 .debug_line    0x0000fc1a      0x5d8 build/port.o
 .debug_line    0x000101f2      0x6d7 build/heap_4.o
 .debug_line    0x000108c9       0x70 build/startup_at32f403a_407.o

.debug_str      0x00000000     0xc833
 .debug_str     0x00000000     0xc833 build/main.o
                                0x9ba (size before relaxing)
 .debug_str     0x0000c833        0x0 build/at32f403a_407_wk_config.o
                               0x15c2 (size before relaxing)
 .debug_str     0x0000c833        0x0 build/at32f403a_407_int.o
                                0x6d7 (size before relaxing)
 .debug_str     0x0000c833        0x0 build/wk_debug.o
                                0x1db (size before relaxing)
 .debug_str     0x0000c833        0x0 build/wk_tmr.o
                               0x1122 (size before relaxing)
 .debug_str     0x0000c833        0x0 build/wk_gpio.o
                                0x6e0 (size before relaxing)
 .debug_str     0x0000c833        0x0 build/wk_acc.o
                                0x202 (size before relaxing)
 .debug_str     0x0000c833        0x0 build/wk_adc.o
                               0x121f (size before relaxing)
 .debug_str     0x0000c833        0x0 build/wk_spi.o
                                0xbef (size before relaxing)
 .debug_str     0x0000c833        0x0 build/wk_usbfs.o
                                0x25c (size before relaxing)
 .debug_str     0x0000c833        0x0 build/wk_dma.o
                                0xe58 (size before relaxing)
 .debug_str     0x0000c833        0x0 build/wk_can.o
                               0x11f8 (size before relaxing)
 .debug_str     0x0000c833        0x0 build/usb_app.o
                                0xa33 (size before relaxing)
 .debug_str     0x0000c833        0x0 build/freertos_app.o
                                0x811 (size before relaxing)
 .debug_str     0x0000c833        0x0 build/cdc_class.o
                                0xbe0 (size before relaxing)
 .debug_str     0x0000c833        0x0 build/cdc_desc.o
                                0x5b0 (size before relaxing)
 .debug_str     0x0000c833        0x0 build/system_at32f403a_407.o
                                0xb47 (size before relaxing)
 .debug_str     0x0000c833        0x0 build/at32f403a_407_crm.o
                               0x2172 (size before relaxing)
 .debug_str     0x0000c833        0x0 build/at32f403a_407_tmr.o
                               0x205b (size before relaxing)
 .debug_str     0x0000c833        0x0 build/at32f403a_407_gpio.o
                               0x13fa (size before relaxing)
 .debug_str     0x0000c833        0x0 build/at32f403a_407_adc.o
                               0x18a0 (size before relaxing)
 .debug_str     0x0000c833        0x0 build/at32f403a_407_spi.o
                               0x1240 (size before relaxing)
 .debug_str     0x0000c833        0x0 build/at32f403a_407_dma.o
                                0xf09 (size before relaxing)
 .debug_str     0x0000c833        0x0 build/at32f403a_407_misc.o
                                0xafd (size before relaxing)
 .debug_str     0x0000c833        0x0 build/at32f403a_407_usb.o
                                0xe5c (size before relaxing)
 .debug_str     0x0000c833        0x0 build/at32f403a_407_acc.o
                                0x3c6 (size before relaxing)
 .debug_str     0x0000c833        0x0 build/at32f403a_407_can.o
                               0x17cb (size before relaxing)
 .debug_str     0x0000c833        0x0 build/motor_control.o
                                0x9b0 (size before relaxing)
 .debug_str     0x0000c833        0x0 build/wk_stubs.o
                                0x496 (size before relaxing)
 .debug_str     0x0000c833        0x0 build/usbd_core.o
                                0xb56 (size before relaxing)
 .debug_str     0x0000c833        0x0 build/usbd_int.o
                                0xa02 (size before relaxing)
 .debug_str     0x0000c833        0x0 build/usbd_sdr.o
                                0x924 (size before relaxing)
 .debug_str     0x0000c833        0x0 build/list.o
                                0x2e7 (size before relaxing)
 .debug_str     0x0000c833        0x0 build/queue.o
                                0xcfd (size before relaxing)
 .debug_str     0x0000c833        0x0 build/tasks.o
                               0x133d (size before relaxing)
 .debug_str     0x0000c833        0x0 build/timers.o
                                0xc2d (size before relaxing)
 .debug_str     0x0000c833        0x0 build/port.o
                                0x469 (size before relaxing)
 .debug_str     0x0000c833        0x0 build/heap_4.o
                                0x500 (size before relaxing)
 .debug_str     0x0000c833        0x0 build/startup_at32f403a_407.o
                                 0x75 (size before relaxing)

.comment        0x00000000       0x45
 .comment       0x00000000       0x45 build/main.o
                                 0x46 (size before relaxing)
 .comment       0x00000045        0x0 build/at32f403a_407_wk_config.o
                                 0x46 (size before relaxing)
 .comment       0x00000045        0x0 build/at32f403a_407_int.o
                                 0x46 (size before relaxing)
 .comment       0x00000045        0x0 build/wk_debug.o
                                 0x46 (size before relaxing)
 .comment       0x00000045        0x0 build/wk_tmr.o
                                 0x46 (size before relaxing)
 .comment       0x00000045        0x0 build/wk_gpio.o
                                 0x46 (size before relaxing)
 .comment       0x00000045        0x0 build/wk_acc.o
                                 0x46 (size before relaxing)
 .comment       0x00000045        0x0 build/wk_adc.o
                                 0x46 (size before relaxing)
 .comment       0x00000045        0x0 build/wk_spi.o
                                 0x46 (size before relaxing)
 .comment       0x00000045        0x0 build/wk_usbfs.o
                                 0x46 (size before relaxing)
 .comment       0x00000045        0x0 build/wk_dma.o
                                 0x46 (size before relaxing)
 .comment       0x00000045        0x0 build/wk_can.o
                                 0x46 (size before relaxing)
 .comment       0x00000045        0x0 build/usb_app.o
                                 0x46 (size before relaxing)
 .comment       0x00000045        0x0 build/freertos_app.o
                                 0x46 (size before relaxing)
 .comment       0x00000045        0x0 build/cdc_class.o
                                 0x46 (size before relaxing)
 .comment       0x00000045        0x0 build/cdc_desc.o
                                 0x46 (size before relaxing)
 .comment       0x00000045        0x0 build/system_at32f403a_407.o
                                 0x46 (size before relaxing)
 .comment       0x00000045        0x0 build/at32f403a_407_crm.o
                                 0x46 (size before relaxing)
 .comment       0x00000045        0x0 build/at32f403a_407_tmr.o
                                 0x46 (size before relaxing)
 .comment       0x00000045        0x0 build/at32f403a_407_gpio.o
                                 0x46 (size before relaxing)
 .comment       0x00000045        0x0 build/at32f403a_407_adc.o
                                 0x46 (size before relaxing)
 .comment       0x00000045        0x0 build/at32f403a_407_spi.o
                                 0x46 (size before relaxing)
 .comment       0x00000045        0x0 build/at32f403a_407_dma.o
                                 0x46 (size before relaxing)
 .comment       0x00000045        0x0 build/at32f403a_407_misc.o
                                 0x46 (size before relaxing)
 .comment       0x00000045        0x0 build/at32f403a_407_usb.o
                                 0x46 (size before relaxing)
 .comment       0x00000045        0x0 build/at32f403a_407_acc.o
                                 0x46 (size before relaxing)
 .comment       0x00000045        0x0 build/at32f403a_407_can.o
                                 0x46 (size before relaxing)
 .comment       0x00000045        0x0 build/motor_control.o
                                 0x46 (size before relaxing)
 .comment       0x00000045        0x0 build/wk_stubs.o
                                 0x46 (size before relaxing)
 .comment       0x00000045        0x0 build/usbd_core.o
                                 0x46 (size before relaxing)
 .comment       0x00000045        0x0 build/usbd_int.o
                                 0x46 (size before relaxing)
 .comment       0x00000045        0x0 build/usbd_sdr.o
                                 0x46 (size before relaxing)
 .comment       0x00000045        0x0 build/list.o
                                 0x46 (size before relaxing)
 .comment       0x00000045        0x0 build/queue.o
                                 0x46 (size before relaxing)
 .comment       0x00000045        0x0 build/tasks.o
                                 0x46 (size before relaxing)
 .comment       0x00000045        0x0 build/timers.o
                                 0x46 (size before relaxing)
 .comment       0x00000045        0x0 build/port.o
                                 0x46 (size before relaxing)
 .comment       0x00000045        0x0 build/heap_4.o
                                 0x46 (size before relaxing)

.debug_frame    0x00000000     0x2ec8
 .debug_frame   0x00000000       0x28 build/main.o
 .debug_frame   0x00000028       0x70 build/at32f403a_407_wk_config.o
 .debug_frame   0x00000098       0xe0 build/at32f403a_407_int.o
 .debug_frame   0x00000178       0x28 build/wk_debug.o
 .debug_frame   0x000001a0       0x54 build/wk_tmr.o
 .debug_frame   0x000001f4       0x30 build/wk_gpio.o
 .debug_frame   0x00000224       0x28 build/wk_acc.o
 .debug_frame   0x0000024c       0x3c build/wk_adc.o
 .debug_frame   0x00000288       0x3c build/wk_spi.o
 .debug_frame   0x000002c4       0x28 build/wk_usbfs.o
 .debug_frame   0x000002ec       0x44 build/wk_dma.o
 .debug_frame   0x00000330       0x38 build/wk_can.o
 .debug_frame   0x00000368       0x7c build/usb_app.o
 .debug_frame   0x000003e4       0xc8 build/freertos_app.o
 .debug_frame   0x000004ac      0x124 build/cdc_class.o
 .debug_frame   0x000005d0      0x124 build/cdc_desc.o
 .debug_frame   0x000006f4       0x38 build/system_at32f403a_407.o
 .debug_frame   0x0000072c      0x270 build/at32f403a_407_crm.o
 .debug_frame   0x0000099c      0x3b8 build/at32f403a_407_tmr.o
 .debug_frame   0x00000d54      0x164 build/at32f403a_407_gpio.o
 .debug_frame   0x00000eb8      0x258 build/at32f403a_407_adc.o
 .debug_frame   0x00001110      0x1ac build/at32f403a_407_spi.o
 .debug_frame   0x000012bc       0xc0 build/at32f403a_407_dma.o
 .debug_frame   0x0000137c       0xf0 build/at32f403a_407_misc.o
 .debug_frame   0x0000146c      0x168 build/at32f403a_407_usb.o
 .debug_frame   0x000015d4       0xf0 build/at32f403a_407_acc.o
 .debug_frame   0x000016c4      0x1e0 build/at32f403a_407_can.o
 .debug_frame   0x000018a4       0xe8 build/motor_control.o
 .debug_frame   0x0000198c       0x84 build/wk_stubs.o
 .debug_frame   0x00001a10      0x254 build/usbd_core.o
 .debug_frame   0x00001c64       0xc8 build/usbd_int.o
 .debug_frame   0x00001d2c      0x118 build/usbd_sdr.o
 .debug_frame   0x00001e44       0x6c build/list.o
 .debug_frame   0x00001eb0      0x458 build/queue.o
 .debug_frame   0x00002308      0x680 build/tasks.o
 .debug_frame   0x00002988      0x300 build/timers.o
 .debug_frame   0x00002c88      0x10c build/port.o
 .debug_frame   0x00002d94       0xc0 build/heap_4.o
 .debug_frame   0x00002e54       0x20 C:/Program Files (x86)/Arm/GNU Toolchain mingw-w64-i686-arm-none-eabi/bin/../lib/gcc/arm-none-eabi/15.2.1/../../../../arm-none-eabi/lib/thumb/v7e-m+fp/hard\libc_nano.a(libc_a-memset.o)
 .debug_frame   0x00002e74       0x2c C:/Program Files (x86)/Arm/GNU Toolchain mingw-w64-i686-arm-none-eabi/bin/../lib/gcc/arm-none-eabi/15.2.1/../../../../arm-none-eabi/lib/thumb/v7e-m+fp/hard\libc_nano.a(libc_a-init.o)
 .debug_frame   0x00002ea0       0x28 C:/Program Files (x86)/Arm/GNU Toolchain mingw-w64-i686-arm-none-eabi/bin/../lib/gcc/arm-none-eabi/15.2.1/../../../../arm-none-eabi/lib/thumb/v7e-m+fp/hard\libc_nano.a(libc_a-memcpy-stub.o)

Cross Reference Table

Symbol                                            File
ACC_IRQHandler                                    build/startup_at32f403a_407.o
ADC1_2_IRQHandler                                 build/startup_at32f403a_407.o
ADC3_IRQHandler                                   build/startup_at32f403a_407.o
BusFault_Handler                                  build/at32f403a_407_int.o
CAN1_RX1_IRQHandler                               build/startup_at32f403a_407.o
CAN1_SE_IRQHandler                                build/startup_at32f403a_407.o
CAN2_RX0_IRQHandler                               build/startup_at32f403a_407.o
CAN2_RX1_IRQHandler                               build/startup_at32f403a_407.o