Archive member included to satisfy reference by file (symbol)

C:/Program Files (x86)/Arm/GNU Toolchain mingw-w64-i686-arm-none-eabi/bin/../lib/gcc/arm-none-eabi/15.2.1/../../../../arm-none-eabi/lib/thumb/v7e-m+fp/hard\libc_nano.a(libc_a-exit.o)
                              C:/Program Files (x86)/Arm/GNU Toolchain mingw-w64-i686-arm-none-eabi/bin/../lib/gcc/arm-none-eabi/15.2.1/../../../../arm-none-eabi/lib/thumb/v7e-m+fp/hard/crt0.o (exit)
C:/Program Files (x86)/Arm/GNU Toolchain mingw-w64-i686-arm-none-eabi/bin/../lib/gcc/arm-none-eabi/15.2.1/../../../../arm-none-eabi/lib/thumb/v7e-m+fp/hard\libc_nano.a(libc_a-findfp.o)
                              C:/Program Files (x86)/Arm/GNU Toolchain mingw-w64-i686-arm-none-eabi/bin/../lib/gcc/arm-none-eabi/15.2.1/../../../../arm-none-eabi/lib/thumb/v7e-m+fp/hard\libc_nano.a(libc_a-exit.o) (__stdio_exit_handler)
C:/Program Files (x86)/Arm/GNU Toolchain mingw-w64-i686-arm-none-eabi/bin/../lib/gcc/arm-none-eabi/15.2.1/../../../../arm-none-eabi/lib/thumb/v7e-m+fp/hard\libc_nano.a(libc_a-fwalk.o)
                              C:/Program Files (x86)/Arm/GNU Toolchain mingw-w64-i686-arm-none-eabi/bin/../lib/gcc/arm-none-eabi/15.2.1/../../../../arm-none-eabi/lib/thumb/v7e-m+fp/hard\libc_nano.a(libc_a-findfp.o) (_fwalk_sglue)
C:/Program Files (x86)/Arm/GNU Toolchain mingw-w64-i686-arm-none-eabi/bin/../lib/gcc/arm-none-eabi/15.2.1/../../../../arm-none-eabi/lib/thumb/v7e-m+fp/hard\libc_nano.a(libc_a-printf.o)
                              build/freertos_app.o (printf)
C:/Program Files (x86)/Arm/GNU Toolchain mingw-w64-i686-arm-none-eabi/bin/../lib/gcc/arm-none-eabi/15.2.1/../../../../arm-none-eabi/lib/thumb/v7e-m+fp/hard\libc_nano.a(libc_a-puts.o)
                              build/freertos_app.o (puts)
C:/Program Files (x86)/Arm/GNU Toolchain mingw-w64-i686-arm-none-eabi/bin/../lib/gcc/arm-none-eabi/15.2.1/../../../../arm-none-eabi/lib/thumb/v7e-m+fp/hard\libc_nano.a(libc_a-stdio.o)
                              C:/Program Files (x86)/Arm/GNU Toolchain mingw-w64-i686-arm-none-eabi/bin/../lib/gcc/arm-none-eabi/15.2.1/../../../../arm-none-eabi/lib/thumb/v7e-m+fp/hard\libc_nano.a(libc_a-findfp.o) (__sread)
C:/Program Files (x86)/Arm/GNU Toolchain mingw-w64-i686-arm-none-eabi/bin/../lib/gcc/arm-none-eabi/15.2.1/../../../../arm-none-eabi/lib/thumb/v7e-m+fp/hard\libc_nano.a(libc_a-wbuf.o)
                              C:/Program Files (x86)/Arm/GNU Toolchain mingw-w64-i686-arm-none-eabi/bin/../lib/gcc/arm-none-eabi/15.2.1/../../../../arm-none-eabi/lib/thumb/v7e-m+fp/hard\libc_nano.a(libc_a-puts.o) (__swbuf_r)
C:/Program Files (x86)/Arm/GNU Toolchain mingw-w64-i686-arm-none-eabi/bin/../lib/gcc/arm-none-eabi/15.2.1/../../../../arm-none-eabi/lib/thumb/v7e-m+fp/hard\libc_nano.a(libc_a-wsetup.o)
                              C:/Program Files (x86)/Arm/GNU Toolchain mingw-w64-i686-arm-none-eabi/bin/../lib/gcc/arm-none-eabi/15.2.1/../../../../arm-none-eabi/lib/thumb/v7e-m+fp/hard\libc_nano.a(libc_a-puts.o) (__swsetup_r)
C:/Program Files (x86)/Arm/GNU Toolchain mingw-w64-i686-arm-none-eabi/bin/../lib/gcc/arm-none-eabi/15.2.1/../../../../arm-none-eabi/lib/thumb/v7e-m+fp/hard\libc_nano.a(libc_a-memmove.o)
                              build/usb_cdc.o (memmove)
C:/Program Files (x86)/Arm/GNU Toolchain mingw-w64-i686-arm-none-eabi/bin/../lib/gcc/arm-none-eabi/15.2.1/../../../../arm-none-eabi/lib/thumb/v7e-m+fp/hard\libc_nano.a(libc_a-closer.o)
                              C:/Program Files (x86)/Arm/GNU Toolchain mingw-w64-i686-arm-none-eabi/bin/../lib/gcc/arm-none-eabi/15.2.1/../../../../arm-none-eabi/lib/thumb/v7e-m+fp/hard\libc_nano.a(libc_a-stdio.o) (_close_r)
C:/Program Files (x86)/Arm/GNU Toolchain mingw-w64-i686-arm-none-eabi/bin/../lib/gcc/arm-none-eabi/15.2.1/../../../../arm-none-eabi/lib/thumb/v7e-m+fp/hard\libc_nano.a(libc_a-reent.o)
                              C:/Program Files (x86)/Arm/GNU Toolchain mingw-w64-i686-arm-none-eabi/bin/../lib/gcc/arm-none-eabi/15.2.1/../../../../arm-none-eabi/lib/thumb/v7e-m+fp/hard\libc_nano.a(libc_a-closer.o) (errno)
C:/Program Files (x86)/Arm/GNU Toolchain mingw-w64-i686-arm-none-eabi/bin/../lib/gcc/arm-none-eabi/15.2.1/../../../../arm-none-eabi/lib/thumb/v7e-m+fp/hard\libc_nano.a(libc_a-impure.o)
                              C:/Program Files (x86)/Arm/GNU Toolchain mingw-w64-i686-arm-none-eabi/bin/../lib/gcc/arm-none-eabi/15.2.1/../../../../arm-none-eabi/lib/thumb/v7e-m+fp/hard\libc_nano.a(libc_a-printf.o) (_impure_ptr)
C:/Program Files (x86)/Arm/GNU Toolchain mingw-w64-i686-arm-none-eabi/bin/../lib/gcc/arm-none-eabi/15.2.1/../../../../arm-none-eabi/lib/thumb/v7e-m+fp/hard\libc_nano.a(libc_a-lseekr.o)
                              C:/Program Files (x86)/Arm/GNU Toolchain mingw-w64-i686-arm-none-eabi/bin/../lib/gcc/arm-none-eabi/15.2.1/../../../../arm-none-eabi/lib/thumb/v7e-m+fp/hard\libc_nano.a(libc_a-stdio.o) (_lseek_r)
[...]
Memory Configuration

Name             Origin             Length             Attributes
FLASH            0x08000000         0x00100000         xr
RAM              0x20000000         0x00018000         xrw
SPIM             0x08400000         0x01000000         xr
*default*        0x00000000         0xffffffff

Linker script and memory map

LOAD C:/Program Files (x86)/Arm/GNU Toolchain mingw-w64-i686-arm-none-eabi/bin/../lib/gcc/arm-none-eabi/15.2.1/thumb/v7e-m+fp/hard/crti.o
LOAD C:/Program Files (x86)/Arm/GNU Toolchain mingw-w64-i686-arm-none-eabi/bin/../lib/gcc/arm-none-eabi/15.2.1/thumb/v7e-m+fp/hard/crtbegin.o
LOAD C:/Program Files (x86)/Arm/GNU Toolchain mingw-w64-i686-arm-none-eabi/bin/../lib/gcc/arm-none-eabi/15.2.1/../../../../arm-none-eabi/lib/thumb/v7e-m+fp/hard/crt0.o
LOAD build/main.o
LOAD build/syscalls.o
LOAD build/sysmem.o
LOAD build/at32f403a_407_wk_config.o
LOAD build/at32f403a_407_int.o
LOAD build/wk_system.o
LOAD build/wk_acc.o
LOAD build/wk_adc.o
LOAD build/wk_can.o
LOAD build/wk_debug.o
LOAD build/wk_spi.o
LOAD build/wk_tmr.o
LOAD build/wk_usbfs.o
LOAD build/wk_dma.o
LOAD build/wk_gpio.o
LOAD build/usb_app.o
LOAD build/freertos_app.o
LOAD build/cdc_class.o
LOAD build/cdc_desc.o
LOAD build/system_at32f403a_407.o
LOAD build/at32f403a_407_crm.o
LOAD build/at32f403a_407_tmr.o
LOAD build/at32f403a_407_gpio.o
LOAD build/at32f403a_407_pwc.o
LOAD build/at32f403a_407_adc.o
LOAD build/at32f403a_407_spi.o
LOAD build/at32f403a_407_dma.o
LOAD build/at32f403a_407_flash.o
LOAD build/at32f403a_407_exint.o
LOAD build/at32f403a_407_misc.o
LOAD build/at32f403a_407_usb.o
LOAD build/at32f403a_407_acc.o
LOAD build/at32f403a_407_can.o
LOAD build/at32f403a_407_debug.o
LOAD build/can_cia402.o
LOAD build/motor_control.o
LOAD build/motor_foc.o
LOAD build/motor_monitor.o
LOAD build/motor_params.o
LOAD build/usb_cdc.o
LOAD build/modbus_protocol.o
LOAD build/common_utils.o
LOAD build/usbd_core.o
LOAD build/usbd_int.o
LOAD build/usbd_sdr.o
LOAD build/croutine.o
LOAD build/event_groups.o
LOAD build/list.o
LOAD build/queue.o
LOAD build/tasks.o
LOAD build/timers.o
LOAD build/port.o
LOAD build/heap_4.o
LOAD build/stream_buffer.o
LOAD build/startup_at32f403a_407.o
LOAD C:/Program Files (x86)/Arm/GNU Toolchain mingw-w64-i686-arm-none-eabi/bin/../lib/gcc/arm-none-eabi/15.2.1/../../../../arm-none-eabi/lib/thumb/v7e-m+fp/hard\libc_nano.a
LOAD C:/Program Files (x86)/Arm/GNU Toolchain mingw-w64-i686-arm-none-eabi/bin/../lib/gcc/arm-none-eabi/15.2.1/../../../../arm-none-eabi/lib/thumb/v7e-m+fp/hard\libm.a
LOAD C:/Program Files (x86)/Arm/GNU Toolchain mingw-w64-i686-arm-none-eabi/bin/../lib/gcc/arm-none-eabi/15.2.1/../../../../arm-none-eabi/lib/thumb/v7e-m+fp/hard\libnosys.a
START GROUP
LOAD C:/Program Files (x86)/Arm/GNU Toolchain mingw-w64-i686-arm-none-eabi/bin/../lib/gcc/arm-none-eabi/15.2.1/thumb/v7e-m+fp/hard\libgcc.a
LOAD C:/Program Files (x86)/Arm/GNU Toolchain mingw-w64-i686-arm-none-eabi/bin/../lib/gcc/arm-none-eabi/15.2.1/../../../../arm-none-eabi/lib/thumb/v7e-m+fp/hard\libc_nano.a
END GROUP
START GROUP
LOAD C:/Program Files (x86)/Arm/GNU Toolchain mingw-w64-i686-arm-none-eabi/bin/../lib/gcc/arm-none-eabi/15.2.1/thumb/v7e-m+fp/hard\libgcc.a
LOAD C:/Program Files (x86)/Arm/GNU Toolchain mingw-w64-i686-arm-none-eabi/bin/../lib/gcc/arm-none-eabi/15.2.1/../../../../arm-none-eabi/lib/thumb/v7e-m+fp/hard\libc_nano.a
END GROUP
LOAD C:/Program Files (x86)/Arm/GNU Toolchain mingw-w64-i686-arm-none-eabi/bin/../lib/gcc/arm-none-eabi/15.2.1/thumb/v7e-m+fp/hard/crtend.o
LOAD C:/Program Files (x86)/Arm/GNU Toolchain mingw-w64-i686-arm-none-eabi/bin/../lib/gcc/arm-none-eabi/15.2.1/thumb/v7e-m+fp/hard/crtn.o
                0x20018000                        _estack = 0x20018000
                0x00000200                        _Min_Heap_Size = 0x200
                0x00000400                        _Min_Stack_Size = 0x400

.isr_vector     0x08000000      0x184
                0x08000000                        . = ALIGN (0x4)
 *(.isr_vector)
 .isr_vector    0x08000000      0x184 build/startup_at32f403a_407.o
                0x08000000                g_pfnVectors
                0x08000184                        . = ALIGN (0x4)

.text           0x08000190     0x9d18
                0x08000190                        . = ALIGN (0x4)
 *(.text)
 .text          0x08000190       0xa0 C:/Program Files (x86)/Arm/GNU Toolchain mingw-w64-i686-arm-none-eabi/bin/../lib/gcc/arm-none-eabi/15.2.1/../../../../arm-none-eabi/lib/thumb/v7e-m+fp/hard\libc_nano.a(libc_a-memchr.o)
                0x08000190                memchr
 .text          0x08000230      0x378 C:/Program Files (x86)/Arm/GNU Toolchain mingw-w64-i686-arm-none-eabi/bin/../lib/gcc/arm-none-eabi/15.2.1/thumb/v7e-m+fp/hard\libgcc.a(_arm_addsubdf3.o)
                0x08000230                __aeabi_drsub
                0x08000238                __aeabi_dsub
                0x08000238                __subdf3
                0x0800023c                __aeabi_dadd
                0x0800023c                __adddf3
                0x080004b4                __floatunsidf
                0x080004b4                __aeabi_ui2d
                0x080004d4                __floatsidf
                0x080004d4                __aeabi_i2d
                0x080004f8                __aeabi_f2d
                0x080004f8                __extendsfdf2
                0x0800053c                __floatundidf
                0x0800053c                __aeabi_ul2d
                0x0800054c                __floatdidf
                0x0800054c                __aeabi_l2d
 .text          0x080005a8      0x424 C:/Program Files (x86)/Arm/GNU Toolchain mingw-w64-i686-arm-none-eabi/bin/../lib/gcc/arm-none-eabi/15.2.1/thumb/v7e-m+fp/hard\libgcc.a(_arm_muldivdf3.o)
                0x080005a8                __aeabi_dmul
                0x080005a8                __muldf3
                0x080007fc                __divdf3
                0x080007fc                __aeabi_ddiv
 .text          0x080009cc      0x110 C:/Program Files (x86)/Arm/GNU Toolchain mingw-w64-i686-arm-none-eabi/bin/../lib/gcc/arm-none-eabi/15.2.1/thumb/v7e-m+fp/hard\libgcc.a(_arm_cmpdf2.o)
                0x080009cc                __gtdf2
                0x080009cc                __gedf2
                0x080009d4                __ltdf2
                0x080009d4                __ledf2
                0x080009dc                __nedf2
                0x080009dc                __eqdf2
                0x080009dc                __cmpdf2
                0x08000a58                __aeabi_cdrcmple
                0x08000a68                __aeabi_cdcmpeq
                0x08000a68                __aeabi_cdcmple
                0x08000a78                __aeabi_dcmpeq
                0x08000a8c                __aeabi_dcmplt
                0x08000aa0                __aeabi_dcmple
                0x08000ab4                __aeabi_dcmpge
                0x08000ac8                __aeabi_dcmpgt
 .text          0x08000adc       0x2c C:/Program Files (x86)/Arm/GNU Toolchain mingw-w64-i686-arm-none-eabi/bin/../lib/gcc/arm-none-eabi/15.2.1/thumb/v7e-m+fp/hard\libgcc.a(_arm_unorddf2.o)
                0x08000adc                __unorddf2
                0x08000adc                __aeabi_dcmpun
 .text          0x08000b08       0x50 C:/Program Files (x86)/Arm/GNU Toolchain mingw-w64-i686-arm-none-eabi/bin/../lib/gcc/arm-none-eabi/15.2.1/thumb/v7e-m+fp/hard\libgcc.a(_arm_fixdfsi.o)
                0x08000b08                __aeabi_d2iz
                0x08000b08                __fixdfsi
 .text          0x08000b58       0xa0 C:/Program Files (x86)/Arm/GNU Toolchain mingw-w64-i686-arm-none-eabi/bin/../lib/gcc/arm-none-eabi/15.2.1/thumb/v7e-m+fp/hard\libgcc.a(_arm_truncdfsf2.o)
                0x08000b58                __truncdfsf2
                0x08000b58                __aeabi_d2f
 *(.text*)
 .text.deregister_tm_clones
                0x08000bf8       0x1c C:/Program Files (x86)/Arm/GNU Toolchain mingw-w64-i686-arm-none-eabi/bin/../lib/gcc/arm-none-eabi/15.2.1/thumb/v7e-m+fp/hard/crtbegin.o
 .text.register_tm_clones
                0x08000c14       0x24 C:/Program Files (x86)/Arm/GNU Toolchain mingw-w64-i686-arm-none-eabi/bin/../lib/gcc/arm-none-eabi/15.2.1/thumb/v7e-m+fp/hard/crtbegin.o
 .text.__do_global_dtors_aux
                0x08000c38       0x28 C:/Program Files (x86)/Arm/GNU Toolchain mingw-w64-i686-arm-none-eabi/bin/../lib/gcc/arm-none-eabi/15.2.1/thumb/v7e-m+fp/hard/crtbegin.o
 .text.frame_dummy
                0x08000c60       0x24 C:/Program Files (x86)/Arm/GNU Toolchain mingw-w64-i686-arm-none-eabi/bin/../lib/gcc/arm-none-eabi/15.2.1/thumb/v7e-m+fp/hard/crtbegin.o
 .text.main     0x08000c84       0x64 build/main.o
                0x08000c84                main
 .text._read    0x08000ce8       0x20 build/syscalls.o
                0x08000ce8                _read
 .text._write   0x08000d08       0x1c build/syscalls.o
                0x08000d08                _write
 .text._close   0x08000d24        0x6 build/syscalls.o
                0x08000d24                _close
 .text._fstat   0x08000d2a        0xa build/syscalls.o
                0x08000d2a                _fstat
 .text._isatty  0x08000d34        0x4 build/syscalls.o
                0x08000d34                _isatty
 .text._lseek   0x08000d38        0x4 build/syscalls.o
                0x08000d38                _lseek
 .text._sbrk    0x08000d3c       0x4c build/sysmem.o
                0x08000d3c                _sbrk
 .text.NVIC_EncodePriority
                0x08000d88       0x46 build/at32f403a_407_wk_config.o
 *fill*         0x08000dce        0x2 
 .text.wk_system_clock_config
                0x08000dd0       0x8c build/at32f403a_407_wk_config.o
                0x08000dd0                wk_system_clock_config
 .text.wk_periph_clock_config
                0x08000e5c       0x9c build/at32f403a_407_wk_config.o
                0x08000e5c                wk_periph_clock_config
 .text.wk_nvic_config
                0x08000ef8       0xe0 build/at32f403a_407_wk_config.o
                0x08000ef8                wk_nvic_config
 .text.NMI_Handler
                0x08000fd8        0x2 build/at32f403a_407_int.o
                0x08000fd8                NMI_Handler
 .text.HardFault_Handler
                0x08000fda        0x2 build/at32f403a_407_int.o
                0x08000fda                HardFault_Handler
 .text.MemManage_Handler
                0x08000fdc        0x2 build/at32f403a_407_int.o
                0x08000fdc                MemManage_Handler
 .text.BusFault_Handler
                0x08000fde        0x2 build/at32f403a_407_int.o
                0x08000fde                BusFault_Handler
 .text.UsageFault_Handler
                0x08000fe0        0x2 build/at32f403a_407_int.o
                0x08000fe0                UsageFault_Handler
 .text.DebugMon_Handler
                0x08000fe2        0x2 build/at32f403a_407_int.o
                0x08000fe2                DebugMon_Handler
 .text.SysTick_Handler
                0x08000fe4       0x12 build/at32f403a_407_int.o
                0x08000fe4                SysTick_Handler
 .text.DMA1_Channel1_IRQHandler
                0x08000ff6       0x14 build/at32f403a_407_int.o
                0x08000ff6                DMA1_Channel1_IRQHandler
 .text.TMR1_BRK_TMR9_IRQHandler
                0x0800100a        0x2 build/at32f403a_407_int.o
                0x0800100a                TMR1_BRK_TMR9_IRQHandler
 .text.TMR1_OVF_TMR10_IRQHandler
                0x0800100c        0x2 build/at32f403a_407_int.o
                0x0800100c                TMR1_OVF_TMR10_IRQHandler
 .text.TMR1_TRG_HALL_TMR11_IRQHandler
                0x0800100e        0x2 build/at32f403a_407_int.o
                0x0800100e                TMR1_TRG_HALL_TMR11_IRQHandler
 .text.SPI1_IRQHandler
                0x08001010        0x2 build/at32f403a_407_int.o
                0x08001010                SPI1_IRQHandler
 .text.USBFS_MAPL_IRQHandler
                0x08001012        0x8 build/at32f403a_407_int.o
                0x08001012                USBFS_MAPL_IRQHandler
 *fill*         0x0800101a        0x2 
 .text.wk_timebase_init
                0x0800101c       0x4c build/wk_system.o
                0x0800101c                wk_timebase_init
 .text.wk_acc_init
                0x08001068       0x24 build/wk_acc.o
                0x08001068                wk_acc_init
 .text.wk_adc1_init
                0x0800108c      0x134 build/wk_adc.o
                0x0800108c                wk_adc1_init
 .text.wk_can1_init
                0x080011c0       0xe8 build/wk_can.o
                0x080011c0                wk_can1_init
 .text.wk_debug_config
                0x080012a8       0x10 build/wk_debug.o
                0x080012a8                wk_debug_config
 .text.wk_spi1_init
                0x080012b8       0xdc build/wk_spi.o
                0x080012b8                wk_spi1_init
 .text.wk_tmr1_init
                0x08001394      0x230 build/wk_tmr.o
                0x08001394                wk_tmr1_init
 .text.wk_usbfs_init
                0x080015c4       0x10 build/wk_usbfs.o
                0x080015c4                wk_usbfs_init
 .text.wk_dma1_channel1_init
                0x080015d4       0x60 build/wk_dma.o
                0x080015d4                wk_dma1_channel1_init
 .text.wk_dma_channel_config
                0x08001634        0x8 build/wk_dma.o
                0x08001634                wk_dma_channel_config
 .text.wk_gpio_config
                0x0800163c       0x44 build/wk_gpio.o
                0x0800163c                wk_gpio_config
 .text.wk_usb_app_init
                0x08001680       0x30 build/usb_app.o
                0x08001680                wk_usb_app_init
 .text.wk_usb_app_task
                0x080016b0       0x50 build/usb_app.o
                0x080016b0                wk_usb_app_task
 .text.wk_usbfs_irq_handler
                0x08001700       0x10 build/usb_app.o
                0x08001700                wk_usbfs_irq_handler
 .text.Debug_Task_func
                0x08001710       0xc0 build/freertos_app.o
                0x08001710                Debug_Task_func
 .text.CANCom_Task_func
                0x080017d0        0xa build/freertos_app.o
                0x080017d0                CANCom_Task_func
 *fill*         0x080017da        0x2 
 .text.Monitor_Task_func
                0x080017dc       0xfc build/freertos_app.o
                0x080017dc                Monitor_Task_func
 .text.Mc_Task_func
                0x080018d8      0x170 build/freertos_app.o
                0x080018d8                Mc_Task_func
 .text.vApplicationGetIdleTaskMemory
                0x08001a48       0x18 build/freertos_app.o
                0x08001a48                vApplicationGetIdleTaskMemory
 .text.vApplicationGetTimerTaskMemory
                0x08001a60       0x18 build/freertos_app.o
                0x08001a60                vApplicationGetTimerTaskMemory
 .text.freertos_task_create
                0x08001a78       0x90 build/freertos_app.o
                0x08001a78                freertos_task_create
 .text.wk_freertos_init
                0x08001b08       0x14 build/freertos_app.o
                0x08001b08                wk_freertos_init
 .text.class_ept0_tx_handler
                0x08001b1c        0x4 build/cdc_class.o
 .text.class_in_handler
                0x08001b20        0xe build/cdc_class.o
 .text.class_sof_handler
                0x08001b2e        0x4 build/cdc_class.o
 .text.class_event_handler
                0x08001b32        0x4 build/cdc_class.o
 *fill*         0x08001b36        0x2 
 .text.cdc_struct_init
                0x08001b38       0x30 build/cdc_class.o
 .text.usb_vcp_cmd_process
                0x08001b68       0x64 build/cdc_class.o
 .text.class_out_handler
                0x08001bcc       0x18 build/cdc_class.o
 .text.class_ept0_rx_handler
                0x08001be4       0x28 build/cdc_class.o
 .text.class_setup_handler
                0x08001c0c       0x8c build/cdc_class.o
 .text.class_clear_handler
                0x08001c98       0x1e build/cdc_class.o
 .text.class_init_handler
                0x08001cb6       0x40 build/cdc_class.o
 .text.usb_vcp_get_rxdata
                0x08001cf6       0x42 build/cdc_class.o
                0x08001cf6                usb_vcp_get_rxdata
 .text.usb_vcp_send_data
                0x08001d38       0x2c build/cdc_class.o
                0x08001d38                usb_vcp_send_data
 .text.usbd_unicode_convert
                0x08001d64       0x40 build/cdc_desc.o
 .text.usbd_int_to_unicode
                0x08001da4       0x44 build/cdc_desc.o
 .text.get_serial_num
                0x08001de8       0x38 build/cdc_desc.o
 .text.get_device_descriptor
                0x08001e20        0x8 build/cdc_desc.o
 .text.get_device_qualifier
                0x08001e28        0x4 build/cdc_desc.o
 .text.get_device_configuration
                0x08001e2c        0x8 build/cdc_desc.o
 .text.get_device_other_speed
                0x08001e34        0x4 build/cdc_desc.o
 .text.get_device_lang_id
                0x08001e38        0x8 build/cdc_desc.o
 .text.get_device_manufacturer_string
                0x08001e40       0x24 build/cdc_desc.o
 .text.get_device_product_string
                0x08001e64       0x24 build/cdc_desc.o
 .text.get_device_serial_string
                0x08001e88       0x10 build/cdc_desc.o
 .text.get_device_interface_string
                0x08001e98       0x24 build/cdc_desc.o
 .text.get_device_config_string
                0x08001ebc       0x24 build/cdc_desc.o
 .text.SystemInit
                0x08001ee0       0x64 build/system_at32f403a_407.o
                0x08001ee0                SystemInit
 .text.system_core_clock_update
                0x08001f44       0xdc build/system_at32f403a_407.o
                0x08001f44                system_core_clock_update
 .text.crm_reset
                0x08002020       0x48 build/at32f403a_407_crm.o
                0x08002020                crm_reset
 .text.crm_flag_get
                0x08002068       0x20 build/at32f403a_407_crm.o
                0x08002068                crm_flag_get
 .text.crm_hext_stable_wait
                0x08002088       0x26 build/at32f403a_407_crm.o
                0x08002088                crm_hext_stable_wait
 .text.crm_periph_clock_enable
                0x080020ae       0x38 build/at32f403a_407_crm.o
                0x080020ae                crm_periph_clock_enable
 .text.crm_periph_reset
                0x080020e6       0x38 build/at32f403a_407_crm.o
                0x080020e6                crm_periph_reset
 *fill*         0x0800211e        0x2 
 .text.crm_clock_source_enable
                0x08002120       0x58 build/at32f403a_407_crm.o
                0x08002120                crm_clock_source_enable
 .text.crm_ahb_div_set
                0x08002178       0x10 build/at32f403a_407_crm.o
                0x08002178                crm_ahb_div_set
 .text.crm_apb1_div_set
                0x08002188       0x10 build/at32f403a_407_crm.o
                0x08002188                crm_apb1_div_set
 .text.crm_apb2_div_set
                0x08002198       0x10 build/at32f403a_407_crm.o
                0x08002198                crm_apb2_div_set
 .text.crm_adc_clock_div_set
                0x080021a8       0x1c build/at32f403a_407_crm.o
                0x080021a8                crm_adc_clock_div_set
 .text.crm_pll_config
                0x080021c4       0x60 build/at32f403a_407_crm.o
                0x080021c4                crm_pll_config
 .text.crm_sysclk_switch
                0x08002224       0x38 build/at32f403a_407_crm.o
                0x08002224                crm_sysclk_switch
 .text.crm_sysclk_switch_status_get
                0x0800225c       0x10 build/at32f403a_407_crm.o
                0x0800225c                crm_sysclk_switch_status_get
 .text.crm_clocks_freq_get
                0x0800226c      0x110 build/at32f403a_407_crm.o
                0x0800226c                crm_clocks_freq_get
 .text.crm_auto_step_mode_enable
                0x0800237c       0x20 build/at32f403a_407_crm.o
                0x0800237c                crm_auto_step_mode_enable
 .text.crm_usb_interrupt_remapping_set
                0x0800239c       0x10 build/at32f403a_407_crm.o
                0x0800239c                crm_usb_interrupt_remapping_set
 .text.crm_hick_divider_select
                0x080023ac       0x10 build/at32f403a_407_crm.o
                0x080023ac                crm_hick_divider_select
 .text.crm_hick_sclk_frequency_select
                0x080023bc       0x1c build/at32f403a_407_crm.o
                0x080023bc                crm_hick_sclk_frequency_select
 .text.crm_usb_clock_source_select
                0x080023d8       0x20 build/at32f403a_407_crm.o
                0x080023d8                crm_usb_clock_source_select
 .text.tmr_counter_enable
                0x080023f8        0xa build/at32f403a_407_tmr.o
                0x080023f8                tmr_counter_enable
 .text.tmr_base_init
                0x08002402        0xe build/at32f403a_407_tmr.o
                0x08002402                tmr_base_init
 .text.tmr_clock_source_div_set
                0x08002410        0xa build/at32f403a_407_tmr.o
                0x08002410                tmr_clock_source_div_set
 .text.tmr_cnt_dir_set
                0x0800241a        0xa build/at32f403a_407_tmr.o
                0x0800241a                tmr_cnt_dir_set
 .text.tmr_repetition_counter_set
                0x08002424        0xa build/at32f403a_407_tmr.o
                0x08002424                tmr_repetition_counter_set
 .text.tmr_output_channel_config
                0x0800242e      0x118 build/at32f403a_407_tmr.o
                0x0800242e                tmr_output_channel_config
 .text.tmr_channel_value_set
                0x08002546       0x24 build/at32f403a_407_tmr.o
                0x08002546                tmr_channel_value_set
 .text.tmr_period_buffer_enable
                0x0800256a        0xa build/at32f403a_407_tmr.o
                0x0800256a                tmr_period_buffer_enable
 .text.tmr_output_channel_buffer_enable
                0x08002574       0x3c build/at32f403a_407_tmr.o
                0x08002574                tmr_output_channel_buffer_enable
 .text.tmr_output_channel_immediately_set
                0x080025b0       0x3c build/at32f403a_407_tmr.o
                0x080025b0                tmr_output_channel_immediately_set
 .text.tmr_primary_mode_select
                0x080025ec        0xa build/at32f403a_407_tmr.o
                0x080025ec                tmr_primary_mode_select
 .text.tmr_sub_sync_mode_set
                0x080025f6        0xa build/at32f403a_407_tmr.o
                0x080025f6                tmr_sub_sync_mode_set
 .text.tmr_output_enable
                0x08002600        0xa build/at32f403a_407_tmr.o
                0x08002600                tmr_output_enable
 .text.tmr_brkdt_config
                0x0800260a       0x48 build/at32f403a_407_tmr.o
                0x0800260a                tmr_brkdt_config
 .text.gpio_init
                0x08002652       0xb8 build/at32f403a_407_gpio.o
                0x08002652                gpio_init
 .text.gpio_default_para_init
                0x0800270a       0x16 build/at32f403a_407_gpio.o
                0x0800270a                gpio_default_para_init
 .text.gpio_bits_reset
                0x08002720        0x4 build/at32f403a_407_gpio.o
                0x08002720                gpio_bits_reset
 .text.gpio_bits_toggle
                0x08002724       0x12 build/at32f403a_407_gpio.o
                0x08002724                gpio_bits_toggle
 .text.gpio_pin_remap_config
                0x08002736       0x4a build/at32f403a_407_gpio.o
                0x08002736                gpio_pin_remap_config
 .text.adc_reset
                0x08002780       0x64 build/at32f403a_407_adc.o
                0x08002780                adc_reset
 .text.adc_enable
                0x080027e4        0xa build/at32f403a_407_adc.o
                0x080027e4                adc_enable
 *fill*         0x080027ee        0x2 
 .text.adc_combine_mode_select
                0x080027f0       0x10 build/at32f403a_407_adc.o
                0x080027f0                adc_combine_mode_select
 .text.adc_base_default_para_init
                0x08002800        0xe build/at32f403a_407_adc.o
                0x08002800                adc_base_default_para_init
 .text.adc_base_config
                0x0800280e       0x2c build/at32f403a_407_adc.o
                0x0800280e                adc_base_config
 .text.adc_dma_mode_enable
                0x0800283a        0xa build/at32f403a_407_adc.o
                0x0800283a                adc_dma_mode_enable
 .text.adc_calibration_init
                0x08002844        0xa build/at32f403a_407_adc.o
                0x08002844                adc_calibration_init
 .text.adc_calibration_init_status_get
                0x0800284e       0x10 build/at32f403a_407_adc.o
                0x0800284e                adc_calibration_init_status_get
 .text.adc_calibration_start
                0x0800285e        0xa build/at32f403a_407_adc.o
                0x0800285e                adc_calibration_start
 .text.adc_calibration_status_get
                0x08002868       0x10 build/at32f403a_407_adc.o
                0x08002868                adc_calibration_status_get
 .text.adc_ordinary_channel_set
                0x08002878       0xa4 build/at32f403a_407_adc.o
                0x08002878                adc_ordinary_channel_set
 .text.adc_ordinary_conversion_trigger_set
                0x0800291c       0x30 build/at32f403a_407_adc.o
                0x0800291c                adc_ordinary_conversion_trigger_set
 .text.adc_ordinary_part_mode_enable
                0x0800294c        0xa build/at32f403a_407_adc.o
                0x0800294c                adc_ordinary_part_mode_enable
 .text.adc_ordinary_software_trigger_enable
                0x08002956        0xa build/at32f403a_407_adc.o
                0x08002956                adc_ordinary_software_trigger_enable
 .text.spi_default_para_init
                0x08002960       0x16 build/at32f403a_407_spi.o
                0x08002960                spi_default_para_init
 .text.spi_init
                0x08002976      0x108 build/at32f403a_407_spi.o
                0x08002976                spi_init
 .text.spi_hardware_cs_output_enable
                0x08002a7e        0xa build/at32f403a_407_spi.o
                0x08002a7e                spi_hardware_cs_output_enable
 .text.spi_enable
                0x08002a88        0xa build/at32f403a_407_spi.o
                0x08002a88                spi_enable
 *fill*         0x08002a92        0x2 
 .text.dma_reset
                0x08002a94       0x78 build/at32f403a_407_dma.o
                0x08002a94                dma_reset
 .text.dma_interrupt_enable
                0x08002b0c       0x14 build/at32f403a_407_dma.o
                0x08002b0c                dma_interrupt_enable
 .text.dma_channel_enable
                0x08002b20        0xa build/at32f403a_407_dma.o
                0x08002b20                dma_channel_enable
 .text.dma_flexible_config
                0x08002b2a       0x96 build/at32f403a_407_dma.o
                0x08002b2a                dma_flexible_config
 .text.dma_interrupt_flag_get
                0x08002bc0       0x24 build/at32f403a_407_dma.o
                0x08002bc0                dma_interrupt_flag_get
 .text.dma_flag_get
                0x08002be4       0x24 build/at32f403a_407_dma.o
                0x08002be4                dma_flag_get
 .text.dma_flag_clear
                0x08002c08       0x20 build/at32f403a_407_dma.o
                0x08002c08                dma_flag_clear
 .text.dma_default_para_init
                0x08002c28       0x1c build/at32f403a_407_dma.o
                0x08002c28                dma_default_para_init
 .text.dma_init
                0x08002c44       0x62 build/at32f403a_407_dma.o
                0x08002c44                dma_init
 *fill*         0x08002ca6        0x2 
 .text.__NVIC_EnableIRQ
                0x08002ca8       0x1c build/at32f403a_407_misc.o
 .text.__NVIC_SetPriority
                0x08002cc4       0x28 build/at32f403a_407_misc.o
 .text.NVIC_EncodePriority
                0x08002cec       0x46 build/at32f403a_407_misc.o
 *fill*         0x08002d32        0x2 
 .text.nvic_irq_enable
                0x08002d34       0x24 build/at32f403a_407_misc.o
                0x08002d34                nvic_irq_enable
 .text.nvic_priority_group_config
                0x08002d58       0x24 build/at32f403a_407_misc.o
                0x08002d58                nvic_priority_group_config
 .text.usb_connect
                0x08002d7c       0x12 build/at32f403a_407_usb.o
                0x08002d7c                usb_connect
 *fill*         0x08002d8e        0x2 
 .text.usb_ept_open
                0x08002d90      0x418 build/at32f403a_407_usb.o
                0x08002d90                usb_ept_open
 .text.usb_ept_close
                0x080031a8      0x198 build/at32f403a_407_usb.o
                0x080031a8                usb_ept_close
 .text.usb_write_packet
                0x08003340       0x24 build/at32f403a_407_usb.o
                0x08003340                usb_write_packet
 .text.usb_read_packet
                0x08003364       0x24 build/at32f403a_407_usb.o
                0x08003364                usb_read_packet
 .text.usb_interrupt_enable
                0x08003388       0x16 build/at32f403a_407_usb.o
                0x08003388                usb_interrupt_enable
 .text.usb_dev_init
                0x0800339e       0x20 build/at32f403a_407_usb.o
                0x0800339e                usb_dev_init
 .text.usb_set_address
                0x080033be       0x12 build/at32f403a_407_usb.o
                0x080033be                usb_set_address
 .text.usb_enter_suspend
                0x080033d0       0x12 build/at32f403a_407_usb.o
                0x080033d0                usb_enter_suspend
 .text.usb_exit_suspend
                0x080033e2       0x12 build/at32f403a_407_usb.o
                0x080033e2                usb_exit_suspend
 .text.usb_buffer_malloc
                0x080033f4       0x10 build/at32f403a_407_usb.o
                0x080033f4                usb_buffer_malloc
 .text.usb_buffer_free
                0x08003404        0xc build/at32f403a_407_usb.o
                0x08003404                usb_buffer_free
 .text.usb_flag_clear
                0x08003410        0x6 build/at32f403a_407_usb.o
                0x08003410                usb_flag_clear
 *fill*         0x08003416        0x2 
 .text.acc_calibration_mode_enable
                0x08003418       0x28 build/at32f403a_407_acc.o
                0x08003418                acc_calibration_mode_enable
 .text.acc_write_c1
                0x08003440        0xc build/at32f403a_407_acc.o
                0x08003440                acc_write_c1
 .text.acc_write_c2
                0x0800344c        0xc build/at32f403a_407_acc.o
                0x0800344c                acc_write_c2
 .text.acc_write_c3
                0x08003458        0xc build/at32f403a_407_acc.o
                0x08003458                acc_write_c3
 .text.can_baudrate_set
                0x08003464       0x8a build/at32f403a_407_can.o
                0x08003464                can_baudrate_set
 .text.can_default_para_init
                0x080034ee       0x12 build/at32f403a_407_can.o
                0x080034ee                can_default_para_init
 .text.can_base_init
                0x08003500       0xb4 build/at32f403a_407_can.o
                0x08003500                can_base_init
 .text.can_filter_init
                0x080035b4      0x14e build/at32f403a_407_can.o
                0x080035b4                can_filter_init
 .text.motor_control_update_sensor_data
                0x08003702       0xf0 build/motor_control.o
                0x08003702                motor_control_update_sensor_data
 .text.foc_update_angle
                0x080037f2       0x5e build/motor_foc.o
                0x080037f2                foc_update_angle
 .text.motor_monitor_process
                0x08003850       0xcc build/motor_monitor.o
                0x08003850                motor_monitor_process
 .text.motor_monitor_convert_adc_to_current
                0x0800391c       0xb4 build/motor_monitor.o
                0x0800391c                motor_monitor_convert_adc_to_current
 .text.motor_monitor_convert_adc_to_voltage
                0x080039d0       0x3c build/motor_monitor.o
                0x080039d0                motor_monitor_convert_adc_to_voltage
 *fill*         0x08003a0c        0x4 
 .text.motor_monitor_convert_adc_to_temperature
                0x08003a10       0xb0 build/motor_monitor.o
                0x08003a10                motor_monitor_convert_adc_to_temperature
 .text.motor_params_update
                0x08003ac0      0x690 build/motor_params.o
                0x08003ac0                motor_params_update
 .text.motor_params_get
                0x08004150      0x700 build/motor_params.o
                0x08004150                motor_params_get
 .text.ring_buffer_pop
                0x08004850       0x40 build/modbus_protocol.o
 .text.ring_buffer_push
                0x08004890       0x48 build/modbus_protocol.o
 .text.ring_buffer_count
                0x080048d8        0xc build/modbus_protocol.o
 .text.ring_buffer_pop_n
                0x080048e4       0x24 build/modbus_protocol.o
 .text.modbus_calculate_crc
                0x08004908       0x38 build/modbus_protocol.o
 .text.ring_buffer_copy
                0x08004940       0x48 build/modbus_protocol.o
 .text.modbus_protocol_init
                0x08004988        0x2 build/modbus_protocol.o
                0x08004988                modbus_protocol_init
 *fill*         0x0800498a        0x2 
 .text.modbus_send_response
                0x0800498c       0x58 build/modbus_protocol.o
                0x0800498c                modbus_send_response
 .text.modbus_send_exception_response
                0x080049e4       0x3c build/modbus_protocol.o
                0x080049e4                modbus_send_exception_response
 .text.modbus_protocol_process
                0x08004a20      0x2c8 build/modbus_protocol.o
                0x08004a20                modbus_protocol_process
 .text.memset   0x08004ce8       0x10 build/common_utils.o
                0x08004ce8                memset
 .text.memcpy   0x08004cf8       0x14 build/common_utils.o
                0x08004cf8                memcpy
 .text.usbd_core_setup_handler
                0x08004d0c       0x48 build/usbd_core.o
                0x08004d0c                usbd_core_setup_handler
 .text.usbd_clear_stall
                0x08004d54       0xa8 build/usbd_core.o
                0x08004d54                usbd_clear_stall
 .text.usbd_set_stall
                0x08004dfc       0x78 build/usbd_core.o
                0x08004dfc                usbd_set_stall
 .text.usbd_ctrl_unsupport
                0x08004e74       0x14 build/usbd_core.o
                0x08004e74                usbd_ctrl_unsupport
 .text.usbd_ept_send
                0x08004e88       0xfc build/usbd_core.o
                0x08004e88                usbd_ept_send
 .text.usbd_ctrl_send
                0x08004f84       0x18 build/usbd_core.o
                0x08004f84                usbd_ctrl_send
 .text.usbd_ctrl_send_status
                0x08004f9c       0x14 build/usbd_core.o
                0x08004f9c                usbd_ctrl_send_status
 .text.usbd_ept_recv
                0x08004fb0       0x58 build/usbd_core.o
                0x08004fb0                usbd_ept_recv
 .text.usbd_core_out_handler
                0x08005008       0x76 build/usbd_core.o
                0x08005008                usbd_core_out_handler
 .text.usbd_ctrl_recv
                0x0800507e       0x1c build/usbd_core.o
                0x0800507e                usbd_ctrl_recv
 .text.usbd_ctrl_recv_status
                0x0800509a       0x14 build/usbd_core.o
                0x0800509a                usbd_ctrl_recv_status
 .text.usbd_core_in_handler
                0x080050ae       0xc0 build/usbd_core.o
                0x080050ae                usbd_core_in_handler
 .text.usbd_get_recv_len
                0x0800516e        0xe build/usbd_core.o
                0x0800516e                usbd_get_recv_len
 .text.usbd_ept_buf_auto_define
                0x0800517c       0x48 build/usbd_core.o
                0x0800517c                usbd_ept_buf_auto_define
 .text.usbd_ept_open
                0x080051c4       0x54 build/usbd_core.o
                0x080051c4                usbd_ept_open
 .text.usbd_ept_close
                0x08005218       0x2c build/usbd_core.o
                0x08005218                usbd_ept_close
 .text.usbd_connect
                0x08005244        0xa build/usbd_core.o
                0x08005244                usbd_connect
 .text.usbd_connect_state_get
                0x0800524e        0x6 build/usbd_core.o
                0x0800524e                usbd_connect_state_get
 .text.usbd_enter_suspend
                0x08005254        0xa build/usbd_core.o
                0x08005254                usbd_enter_suspend
 .text.usbd_ept_defaut_init
                0x0800525e       0x58 build/usbd_core.o
                0x0800525e                usbd_ept_defaut_init
 .text.usbd_core_init
                0x080052b6       0x1c build/usbd_core.o
                0x080052b6                usbd_core_init
 *fill*         0x080052d2        0x2 
 .text.usbd_eptn_handler
                0x080052d4      0x1d4 build/usbd_int.o
                0x080052d4                usbd_eptn_handler
 .text.usbd_ept_loop_handler
                0x080054a8       0x1c build/usbd_int.o
                0x080054a8                usbd_ept_loop_handler
 .text.usbd_reset_handler
                0x080054c4       0x42 build/usbd_int.o
                0x080054c4                usbd_reset_handler
 .text.usbd_sof_handler
                0x08005506        0xc build/usbd_int.o
                0x08005506                usbd_sof_handler
 .text.usbd_suspend_handler
                0x08005512       0x24 build/usbd_int.o
                0x08005512                usbd_suspend_handler
 .text.usbd_wakeup_handler
                0x08005536       0x20 build/usbd_int.o
                0x08005536                usbd_wakeup_handler
 .text.usbd_irq_handler
                0x08005556       0xa2 build/usbd_int.o
                0x08005556                usbd_irq_handler
 .text.usbd_get_status
                0x080055f8       0x32 build/usbd_sdr.o
 .text.usbd_get_descriptor
                0x0800562a       0xc8 build/usbd_sdr.o
 .text.usbd_get_configuration
                0x080056f2       0x42 build/usbd_sdr.o
 .text.usbd_clear_feature
                0x08005734       0x42 build/usbd_sdr.o
 .text.usbd_set_feature
                0x08005776       0x2a build/usbd_sdr.o
 .text.usbd_set_address
                0x080057a0       0x46 build/usbd_sdr.o
 *fill*         0x080057e6        0x2 
 .text.usbd_set_configuration
                0x080057e8       0xa4 build/usbd_sdr.o
 .text.usbd_setup_request_parse
                0x0800588c       0x28 build/usbd_sdr.o
                0x0800588c                usbd_setup_request_parse
 .text.usbd_device_request
                0x080058b4       0x6a build/usbd_sdr.o
                0x080058b4                usbd_device_request
 .text.usbd_interface_request
                0x0800591e       0x36 build/usbd_sdr.o
                0x0800591e                usbd_interface_request
 .text.usbd_endpoint_request
                0x08005954      0x150 build/usbd_sdr.o
                0x08005954                usbd_endpoint_request
 .text.vListInitialise
                0x08005aa4       0x16 build/list.o
                0x08005aa4                vListInitialise
 .text.vListInitialiseItem
                0x08005aba        0x6 build/list.o
                0x08005aba                vListInitialiseItem
 .text.vListInsertEnd
                0x08005ac0       0x16 build/list.o
                0x08005ac0                vListInsertEnd
 .text.vListInsert
                0x08005ad6       0x38 build/list.o
                0x08005ad6                vListInsert
 .text.uxListRemove
                0x08005b0e       0x26 build/list.o
                0x08005b0e                uxListRemove
 .text.prvIsQueueFull
                0x08005b34       0x1e build/queue.o
 .text.prvIsQueueEmpty
                0x08005b52       0x1e build/queue.o
 .text.prvCopyDataToQueue
                0x08005b70       0x76 build/queue.o
 .text.prvCopyDataFromQueue
                0x08005be6       0x24 build/queue.o
 .text.prvUnlockQueue
                0x08005c0a       0x6e build/queue.o
 .text.xQueueGenericReset
                0x08005c78       0x84 build/queue.o
                0x08005c78                xQueueGenericReset
 .text.prvInitialiseNewQueue
                0x08005cfc       0x22 build/queue.o
 .text.xQueueGenericCreateStatic
                0x08005d1e       0x94 build/queue.o
                0x08005d1e                xQueueGenericCreateStatic
 .text.xQueueGenericSend
                0x08005db2      0x188 build/queue.o
                0x08005db2                xQueueGenericSend
 .text.xQueueGenericSendFromISR
                0x08005f3a       0xe8 build/queue.o
                0x08005f3a                xQueueGenericSendFromISR
 .text.xQueueReceive
                0x08006022      0x15e build/queue.o
                0x08006022                xQueueReceive
 .text.vQueueAddToRegistry
                0x08006180       0x28 build/queue.o
                0x08006180                vQueueAddToRegistry
 .text.vQueueWaitForMessageRestricted
                0x080061a8       0x52 build/queue.o
                0x080061a8                vQueueWaitForMessageRestricted
 *fill*         0x080061fa        0x2 
 .text.prvResetNextTaskUnblockTime
                0x080061fc       0x28 build/tasks.o
 .text.prvInitialiseNewTask
                0x08006224       0x9a build/tasks.o
 *fill*         0x080062be        0x2 
 .text.prvInitialiseTaskLists
                0x080062c0       0x68 build/tasks.o
 .text.prvAddNewTaskToReadyList
                0x08006328       0xac build/tasks.o
 .text.prvDeleteTCB
                0x080063d4       0x38 build/tasks.o
 .text.prvCheckTasksWaitingTermination
                0x0800640c       0x4c build/tasks.o
 .text.prvIdleTask
                0x08006458       0x28 build/tasks.o
 .text.prvAddCurrentTaskToDelayedList
                0x08006480       0x7c build/tasks.o
 .text.xTaskCreateStatic
                0x080064fc       0x80 build/tasks.o
                0x080064fc                xTaskCreateStatic
 .text.xTaskCreate
                0x0800657c       0x62 build/tasks.o
                0x0800657c                xTaskCreate
 *fill*         0x080065de        0x2 
 .text.vTaskStartScheduler
                0x080065e0       0xa0 build/tasks.o
                0x080065e0                vTaskStartScheduler
 .text.vTaskSuspendAll
                0x08006680       0x10 build/tasks.o
                0x08006680                vTaskSuspendAll
 .text.xTaskGetTickCount
                0x08006690        0xc build/tasks.o
                0x08006690                xTaskGetTickCount
 .text.xTaskIncrementTick
                0x0800669c      0x124 build/tasks.o
                0x0800669c                xTaskIncrementTick
 .text.xTaskResumeAll
                0x080067c0       0xf8 build/tasks.o
                0x080067c0                xTaskResumeAll
 .text.vTaskDelay
                0x080068b8       0x4c build/tasks.o
                0x080068b8                vTaskDelay
 .text.vTaskSwitchContext
                0x08006904       0x98 build/tasks.o
                0x08006904                vTaskSwitchContext
 .text.vTaskPlaceOnEventList
                0x0800699c       0x30 build/tasks.o
                0x0800699c                vTaskPlaceOnEventList
 .text.vTaskPlaceOnEventListRestricted
                0x080069cc       0x3c build/tasks.o
                0x080069cc                vTaskPlaceOnEventListRestricted
 .text.xTaskRemoveFromEventList
                0x08006a08       0x90 build/tasks.o
                0x08006a08                xTaskRemoveFromEventList
 .text.vTaskInternalSetTimeOutState
                0x08006a98       0x18 build/tasks.o
                0x08006a98                vTaskInternalSetTimeOutState
 .text.xTaskCheckForTimeOut
                0x08006ab0       0x8c build/tasks.o
                0x08006ab0                xTaskCheckForTimeOut
 .text.vTaskMissedYield
                0x08006b3c        0xc build/tasks.o
                0x08006b3c                vTaskMissedYield
 .text.xTaskGetSchedulerState
                0x08006b48       0x20 build/tasks.o
                0x08006b48                xTaskGetSchedulerState
 .text.xTaskPriorityDisinherit
                0x08006b68       0x90 build/tasks.o
                0x08006b68                xTaskPriorityDisinherit
 .text.prvGetNextExpireTime
                0x08006bf8       0x20 build/timers.o
 .text.prvInsertTimerInActiveList
                0x08006c18       0x48 build/timers.o
 .text.prvCheckForValidListAndQueue
                0x08006c60       0x70 build/timers.o
 .text.xTimerCreateTimerTask
                0x08006cd0       0x64 build/timers.o
                0x08006cd0                xTimerCreateTimerTask
 .text.xTimerGenericCommand
                0x08006d34       0x68 build/timers.o
                0x08006d34                xTimerGenericCommand
 .text.prvSwitchTimerLists
                0x08006d9c       0x7c build/timers.o
 .text.prvSampleTimeNow
                0x08006e18       0x2c build/timers.o
 .text.prvProcessExpiredTimer
                0x08006e44       0x6c build/timers.o
 .text.prvProcessTimerOrBlockTask
                0x08006eb0       0x78 build/timers.o
 .text.prvProcessReceivedCommands
                0x08006f28      0x124 build/timers.o
 .text.prvTimerTask
                0x0800704c       0x16 build/timers.o
 *fill*         0x08007062        0x2 
 .text.prvTaskExitError
                0x08007064       0x40 build/port.o
 .text.prvPortStartFirstTask
                0x080070a4       0x28 build/port.o
 .text.vPortEnableVFP
                0x080070cc       0x14 build/port.o
 .text.pxPortInitialiseStack
                0x080070e0       0x2c build/port.o
                0x080070e0                pxPortInitialiseStack
 *fill*         0x0800710c        0x4 
 .text.SVC_Handler
                0x08007110       0x24 build/port.o
                0x08007110                SVC_Handler
 .text.vPortEnterCritical
                0x08007134       0x44 build/port.o
                0x08007134                vPortEnterCritical
 .text.vPortExitCritical
                0x08007178       0x2c build/port.o
                0x08007178                vPortExitCritical
 *fill*         0x080071a4        0xc 
 .text.PendSV_Handler
                0x080071b0       0x64 build/port.o
                0x080071b0                PendSV_Handler
 .text.xPortSysTickHandler
                0x08007214       0x2c build/port.o
                0x08007214                xPortSysTickHandler
 .text.vPortSetupTimerInterrupt
                0x08007240       0x28 build/port.o
                0x08007240                vPortSetupTimerInterrupt
 .text.xPortStartScheduler
                0x08007268      0x11c build/port.o
                0x08007268                xPortStartScheduler
 .text.vPortValidateInterruptPriority
                0x08007384       0x5c build/port.o
                0x08007384                vPortValidateInterruptPriority
 .text.prvHeapInit
                0x080073e0       0x64 build/heap_4.o
 .text.prvInsertBlockIntoFreeList
                0x08007444       0x5c build/heap_4.o
 .text.pvPortMalloc
                0x080074a0      0x110 build/heap_4.o
                0x080074a0                pvPortMalloc
 .text.vPortFree
                0x080075b0       0x80 build/heap_4.o
                0x080075b0                vPortFree
 .text.Reset_Handler
                0x08007630       0x48 build/startup_at32f403a_407.o
                0x08007630                Reset_Handler
 .text.Default_Handler
                0x08007678        0x2 build/startup_at32f403a_407.o
                0x08007678                SDIO1_IRQHandler
                0x08007678                XMC_IRQHandler
                0x08007678                EXINT2_IRQHandler
                0x08007678                USBFS_L_CAN1_RX0_IRQHandler
                0x08007678                UART8_IRQHandler
                0x08007678                SPI4_IRQHandler
                0x08007678                I2C2_EVT_IRQHandler
                0x08007678                TMR8_TRG_HALL_TMR14_IRQHandler
                0x08007678                USBFS_H_CAN1_TX_IRQHandler
                0x08007678                I2C1_ERR_IRQHandler
                0x08007678                EXINT9_5_IRQHandler
                0x08007678                EMAC_IRQHandler
                0x08007678                CAN2_RX1_IRQHandler
                0x08007678                TMR5_GLOBAL_IRQHandler
                0x08007678                SDIO2_IRQHandler
                0x08007678                ADC1_2_IRQHandler
                0x08007678                TAMPER_IRQHandler
                0x08007678                CAN2_RX0_IRQHandler
                0x08007678                DMA2_Channel2_IRQHandler
                0x08007678                DMA1_Channel4_IRQHandler
                0x08007678                TMR8_CH_IRQHandler
                0x08007678                USART6_IRQHandler
                0x08007678                EXINT0_IRQHandler
                0x08007678                USART3_IRQHandler
                0x08007678                RTC_IRQHandler
                0x08007678                DMA1_Channel7_IRQHandler
                0x08007678                CAN1_RX1_IRQHandler
                0x08007678                UART5_IRQHandler
                0x08007678                ADC3_IRQHandler
                0x08007678                ACC_IRQHandler
                0x08007678                EMAC_WKUP_IRQHandler
                0x08007678                DMA2_Channel1_IRQHandler
                0x08007678                EXINT3_IRQHandler
                0x08007678                DMA1_Channel6_IRQHandler
                0x08007678                UART4_IRQHandler
                0x08007678                Default_Handler
                0x08007678                USBFS_MAPH_IRQHandler
                0x08007678                TMR3_GLOBAL_IRQHandler
                0x08007678                TMR7_GLOBAL_IRQHandler
                0x08007678                CAN1_SE_IRQHandler
                0x08007678                CAN2_TX_IRQHandler
                0x08007678                I2C3_ERR_IRQHandler
                0x08007678                SPI3_I2S3EXT_IRQHandler
                0x08007678                TMR8_BRK_TMR12_IRQHandler
                0x08007678                DMA1_Channel5_IRQHandler
                0x08007678                TMR4_GLOBAL_IRQHandler
                0x08007678                EXINT4_IRQHandler
                0x08007678                CAN2_SE_IRQHandler
                0x08007678                DMA2_Channel6_7_IRQHandler
                0x08007678                PVM_IRQHandler
                0x08007678                I2C3_EVT_IRQHandler
                0x08007678                DMA1_Channel3_IRQHandler
                0x08007678                I2C1_EVT_IRQHandler
                0x08007678                TMR8_OVF_TMR13_IRQHandler
                0x08007678                TMR6_GLOBAL_IRQHandler
                0x08007678                EXINT1_IRQHandler
                0x08007678                RTCAlarm_IRQHandler
                0x08007678                DMA2_Channel4_5_IRQHandler
                0x08007678                UART7_IRQHandler
                0x08007678                USART2_IRQHandler
                0x08007678                DMA1_Channel2_IRQHandler
                0x08007678                TMR2_GLOBAL_IRQHandler
                0x08007678                FLASH_IRQHandler
                0x08007678                SPI2_I2S2EXT_IRQHandler
                0x08007678                I2C2_ERR_IRQHandler
                0x08007678                USBFSWakeUp_IRQHandler
                0x08007678                USART1_IRQHandler
                0x08007678                TMR1_CH_IRQHandler
                0x08007678                CRM_IRQHandler
                0x08007678                EXINT15_10_IRQHandler
                0x08007678                WWDT_IRQHandler
                0x08007678                DMA2_Channel3_IRQHandler
 *fill*         0x0800767a        0x2 
 .text.std      0x0800767c       0x6c C:/Program Files (x86)/Arm/GNU Toolchain mingw-w64-i686-arm-none-eabi/bin/../lib/gcc/arm-none-eabi/15.2.1/../../../../arm-none-eabi/lib/thumb/v7e-m+fp/hard\libc_nano.a(libc_a-findfp.o)
 .text.stdio_exit_handler
                0x080076e8       0x18 C:/Program Files (x86)/Arm/GNU Toolchain mingw-w64-i686-arm-none-eabi/bin/../lib/gcc/arm-none-eabi/15.2.1/../../../../arm-none-eabi/lib/thumb/v7e-m+fp/hard\libc_nano.a(libc_a-findfp.o)
 .text.cleanup_stdio
                0x08007700       0x40 C:/Program Files (x86)/Arm/GNU Toolchain mingw-w64-i686-arm-none-eabi/bin/../lib/gcc/arm-none-eabi/15.2.1/../../../../arm-none-eabi/lib/thumb/v7e-m+fp/hard\libc_nano.a(libc_a-findfp.o)
 .text.global_stdio_init.part.0
                0x08007740       0x40 C:/Program Files (x86)/Arm/GNU Toolchain mingw-w64-i686-arm-none-eabi/bin/../lib/gcc/arm-none-eabi/15.2.1/../../../../arm-none-eabi/lib/thumb/v7e-m+fp/hard\libc_nano.a(libc_a-findfp.o)
 .text.__sfp_lock_acquire
                0x08007780        0xc C:/Program Files (x86)/Arm/GNU Toolchain mingw-w64-i686-arm-none-eabi/bin/../lib/gcc/arm-none-eabi/15.2.1/../../../../arm-none-eabi/lib/thumb/v7e-m+fp/hard\libc_nano.a(libc_a-findfp.o)
                0x08007780                __sfp_lock_acquire
 .text.__sfp_lock_release
                0x0800778c        0xc C:/Program Files (x86)/Arm/GNU Toolchain mingw-w64-i686-arm-none-eabi/bin/../lib/gcc/arm-none-eabi/15.2.1/../../../../arm-none-eabi/lib/thumb/v7e-m+fp/hard\libc_nano.a(libc_a-findfp.o)
                0x0800778c                __sfp_lock_release
 .text.__sinit  0x08007798       0x30 C:/Program Files (x86)/Arm/GNU Toolchain mingw-w64-i686-arm-none-eabi/bin/../lib/gcc/arm-none-eabi/15.2.1/../../../../arm-none-eabi/lib/thumb/v7e-m+fp/hard\libc_nano.a(libc_a-findfp.o)
                0x08007798                __sinit
 .text._fwalk_sglue
                0x080077c8       0x3a C:/Program Files (x86)/Arm/GNU Toolchain mingw-w64-i686-arm-none-eabi/bin/../lib/gcc/arm-none-eabi/15.2.1/../../../../arm-none-eabi/lib/thumb/v7e-m+fp/hard\libc_nano.a(libc_a-fwalk.o)
                0x080077c8                _fwalk_sglue
 *fill*         0x08007802        0x2 
 .text.printf   0x08007804       0x24 C:/Program Files (x86)/Arm/GNU Toolchain mingw-w64-i686-arm-none-eabi/bin/../lib/gcc/arm-none-eabi/15.2.1/../../../../arm-none-eabi/lib/thumb/v7e-m+fp/hard\libc_nano.a(libc_a-printf.o)
                0x08007804                iprintf
                0x08007804                printf
 .text._puts_r  0x08007828       0xaa C:/Program Files (x86)/Arm/GNU Toolchain mingw-w64-i686-arm-none-eabi/bin/../lib/gcc/arm-none-eabi/15.2.1/../../../../arm-none-eabi/lib/thumb/v7e-m+fp/hard\libc_nano.a(libc_a-puts.o)
                0x08007828                _puts_r
 *fill*         0x080078d2        0x2 
 .text.puts     0x080078d4       0x10 C:/Program Files (x86)/Arm/GNU Toolchain mingw-w64-i686-arm-none-eabi/bin/../lib/gcc/arm-none-eabi/15.2.1/../../../../arm-none-eabi/lib/thumb/v7e-m+fp/hard\libc_nano.a(libc_a-puts.o)
                0x080078d4                puts
 .text.__sread  0x080078e4       0x22 C:/Program Files (x86)/Arm/GNU Toolchain mingw-w64-i686-arm-none-eabi/bin/../lib/gcc/arm-none-eabi/15.2.1/../../../../arm-none-eabi/lib/thumb/v7e-m+fp/hard\libc_nano.a(libc_a-stdio.o)
                0x080078e4                __sread
 .text.__swrite
                0x08007906       0x38 C:/Program Files (x86)/Arm/GNU Toolchain mingw-w64-i686-arm-none-eabi/bin/../lib/gcc/arm-none-eabi/15.2.1/../../../../arm-none-eabi/lib/thumb/v7e-m+fp/hard\libc_nano.a(libc_a-stdio.o)
                0x08007906                __swrite
 .text.__sseek  0x0800793e       0x26 C:/Program Files (x86)/Arm/GNU Toolchain mingw-w64-i686-arm-none-eabi/bin/../lib/gcc/arm-none-eabi/15.2.1/../../../../arm-none-eabi/lib/thumb/v7e-m+fp/hard\libc_nano.a(libc_a-stdio.o)
                0x0800793e                __sseek
 .text.__sclose
                0x08007964        0x8 C:/Program Files (x86)/Arm/GNU Toolchain mingw-w64-i686-arm-none-eabi/bin/../lib/gcc/arm-none-eabi/15.2.1/../../../../arm-none-eabi/lib/thumb/v7e-m+fp/hard\libc_nano.a(libc_a-stdio.o)
                0x08007964                __sclose
 .text.__swbuf_r
                0x0800796c       0x7a C:/Program Files (x86)/Arm/GNU Toolchain mingw-w64-i686-arm-none-eabi/bin/../lib/gcc/arm-none-eabi/15.2.1/../../../../arm-none-eabi/lib/thumb/v7e-m+fp/hard\libc_nano.a(libc_a-wbuf.o)
                0x0800796c                __swbuf_r
 *fill*         0x080079e6        0x2 
 .text.__swsetup_r
                0x080079e8       0xa8 C:/Program Files (x86)/Arm/GNU Toolchain mingw-w64-i686-arm-none-eabi/bin/../lib/gcc/arm-none-eabi/15.2.1/../../../../arm-none-eabi/lib/thumb/v7e-m+fp/hard\libc_nano.a(libc_a-wsetup.o)
                0x080079e8                __swsetup_r
 .text._close_r
                0x08007a90       0x20 C:/Program Files (x86)/Arm/GNU Toolchain mingw-w64-i686-arm-none-eabi/bin/../lib/gcc/arm-none-eabi/15.2.1/../../../../arm-none-eabi/lib/thumb/v7e-m+fp/hard\libc_nano.a(libc_a-closer.o)
                0x08007a90                _close_r
 .text._lseek_r
                0x08007ab0       0x24 C:/Program Files (x86)/Arm/GNU Toolchain mingw-w64-i686-arm-none-eabi/bin/../lib/gcc/arm-none-eabi/15.2.1/../../../../arm-none-eabi/lib/thumb/v7e-m+fp/hard\libc_nano.a(libc_a-lseekr.o)
                0x08007ab0                _lseek_r
 .text._read_r  0x08007ad4       0x24 C:/Program Files (x86)/Arm/GNU Toolchain mingw-w64-i686-arm-none-eabi/bin/../lib/gcc/arm-none-eabi/15.2.1/../../../../arm-none-eabi/lib/thumb/v7e-m+fp/hard\libc_nano.a(libc_a-readr.o)
                0x08007ad4                _read_r
 .text._write_r
                0x08007af8       0x24 C:/Program Files (x86)/Arm/GNU Toolchain mingw-w64-i686-arm-none-eabi/bin/../lib/gcc/arm-none-eabi/15.2.1/../../../../arm-none-eabi/lib/thumb/v7e-m+fp/hard\libc_nano.a(libc_a-writer.o)
                0x08007af8                _write_r
 .text.__errno  0x08007b1c        0xc C:/Program Files (x86)/Arm/GNU Toolchain mingw-w64-i686-arm-none-eabi/bin/../lib/gcc/arm-none-eabi/15.2.1/../../../../arm-none-eabi/lib/thumb/v7e-m+fp/hard\libc_nano.a(libc_a-errno.o)
                0x08007b1c                __errno
 .text.__libc_init_array
                0x08007b28       0x48 C:/Program Files (x86)/Arm/GNU Toolchain mingw-w64-i686-arm-none-eabi/bin/../lib/gcc/arm-none-eabi/15.2.1/../../../../arm-none-eabi/lib/thumb/v7e-m+fp/hard\libc_nano.a(libc_a-init.o)
                0x08007b28                __libc_init_array
 .text.__retarget_lock_init_recursive
                0x08007b70        0x2 C:/Program Files (x86)/Arm/GNU Toolchain mingw-w64-i686-arm-none-eabi/bin/../lib/gcc/arm-none-eabi/15.2.1/../../../../arm-none-eabi/lib/thumb/v7e-m+fp/hard\libc_nano.a(libc_a-lock.o)
                0x08007b70                __retarget_lock_init_recursive
 .text.__retarget_lock_acquire_recursive
                0x08007b72        0x2 C:/Program Files (x86)/Arm/GNU Toolchain mingw-w64-i686-arm-none-eabi/bin/../lib/gcc/arm-none-eabi/15.2.1/../../../../arm-none-eabi/lib/thumb/v7e-m+fp/hard\libc_nano.a(libc_a-lock.o)
                0x08007b72                __retarget_lock_acquire_recursive
 .text.__retarget_lock_release_recursive
                0x08007b74        0x2 C:/Program Files (x86)/Arm/GNU Toolchain mingw-w64-i686-arm-none-eabi/bin/../lib/gcc/arm-none-eabi/15.2.1/../../../../arm-none-eabi/lib/thumb/v7e-m+fp/hard\libc_nano.a(libc_a-lock.o)
                0x08007b74                __retarget_lock_release_recursive
 *fill*         0x08007b76        0x2 
 .text._free_r  0x08007b78       0x98 C:/Program Files (x86)/Arm/GNU Toolchain mingw-w64-i686-arm-none-eabi/bin/../lib/gcc/arm-none-eabi/15.2.1/../../../../arm-none-eabi/lib/thumb/v7e-m+fp/hard\libc_nano.a(libc_a-freer.o)
                0x08007b78                _free_r
 .text.sbrk_aligned
                0x08007c10       0x44 C:/Program Files (x86)/Arm/GNU Toolchain mingw-w64-i686-arm-none-eabi/bin/../lib/gcc/arm-none-eabi/15.2.1/../../../../arm-none-eabi/lib/thumb/v7e-m+fp/hard\libc_nano.a(libc_a-mallocr.o)
 .text._malloc_r
                0x08007c54       0xf8 C:/Program Files (x86)/Arm/GNU Toolchain mingw-w64-i686-arm-none-eabi/bin/../lib/gcc/arm-none-eabi/15.2.1/../../../../arm-none-eabi/lib/thumb/v7e-m+fp/hard\libc_nano.a(libc_a-mallocr.o)
                0x08007c54                _malloc_r
 .text.__malloc_lock
                0x08007d4c        0xc C:/Program Files (x86)/Arm/GNU Toolchain mingw-w64-i686-arm-none-eabi/bin/../lib/gcc/arm-none-eabi/15.2.1/../../../../arm-none-eabi/lib/thumb/v7e-m+fp/hard\libc_nano.a(libc_a-mlock.o)
                0x08007d4c                __malloc_lock
 .text.__malloc_unlock
                0x08007d58        0xc C:/Program Files (x86)/Arm/GNU Toolchain mingw-w64-i686-arm-none-eabi/bin/../lib/gcc/arm-none-eabi/15.2.1/../../../../arm-none-eabi/lib/thumb/v7e-m+fp/hard\libc_nano.a(libc_a-mlock.o)
                0x08007d58                __malloc_unlock
 .text.__sfputc_r
                0x08007d64       0x2a C:/Program Files (x86)/Arm/GNU Toolchain mingw-w64-i686-arm-none-eabi/bin/../lib/gcc/arm-none-eabi/15.2.1/../../../../arm-none-eabi/lib/thumb/v7e-m+fp/hard\libc_nano.a(libc_a-nano-vfprintf.o)
 .text.__sfputs_r
                0x08007d8e       0x24 C:/Program Files (x86)/Arm/GNU Toolchain mingw-w64-i686-arm-none-eabi/bin/../lib/gcc/arm-none-eabi/15.2.1/../../../../arm-none-eabi/lib/thumb/v7e-m+fp/hard\libc_nano.a(libc_a-nano-vfprintf.o)
                0x08007d8e                __sfputs_r
 *fill*         0x08007db2        0x2 
 .text._vfprintf_r
                0x08007db4      0x228 C:/Program Files (x86)/Arm/GNU Toolchain mingw-w64-i686-arm-none-eabi/bin/../lib/gcc/arm-none-eabi/15.2.1/../../../../arm-none-eabi/lib/thumb/v7e-m+fp/hard\libc_nano.a(libc_a-nano-vfprintf.o)
                0x08007db4                _vfprintf_r
                0x08007db4                _vfiprintf_r
 .text._printf_common
                0x08007fdc       0xea C:/Program Files (x86)/Arm/GNU Toolchain mingw-w64-i686-arm-none-eabi/bin/../lib/gcc/arm-none-eabi/15.2.1/../../../../arm-none-eabi/lib/thumb/v7e-m+fp/hard\libc_nano.a(libc_a-nano-vfprintf_i.o)
                0x08007fdc                _printf_common
 *fill*         0x080080c6        0x2 
 .text._printf_i
                0x080080c8      0x254 C:/Program Files (x86)/Arm/GNU Toolchain mingw-w64-i686-arm-none-eabi/bin/../lib/gcc/arm-none-eabi/15.2.1/../../../../arm-none-eabi/lib/thumb/v7e-m+fp/hard\libc_nano.a(libc_a-nano-vfprintf_i.o)
                0x080080c8                _printf_i
 .text.__sflush_r
                0x0800831c      0x100 C:/Program Files (x86)/Arm/GNU Toolchain mingw-w64-i686-arm-none-eabi/bin/../lib/gcc/arm-none-eabi/15.2.1/../../../../arm-none-eabi/lib/thumb/v7e-m+fp/hard\libc_nano.a(libc_a-fflush.o)
                0x0800831c                __sflush_r
 .text._fflush_r
                0x0800841c       0x50 C:/Program Files (x86)/Arm/GNU Toolchain mingw-w64-i686-arm-none-eabi/bin/../lib/gcc/arm-none-eabi/15.2.1/../../../../arm-none-eabi/lib/thumb/v7e-m+fp/hard\libc_nano.a(libc_a-fflush.o)
                0x0800841c                _fflush_r
 .text.__swhatbuf_r
                0x0800846c       0x48 C:/Program Files (x86)/Arm/GNU Toolchain mingw-w64-i686-arm-none-eabi/bin/../lib/gcc/arm-none-eabi/15.2.1/../../../../arm-none-eabi/lib/thumb/v7e-m+fp/hard\libc_nano.a(libc_a-makebuf.o)
                0x0800846c                __swhatbuf_r
 .text.__smakebuf_r
                0x080084b4       0x72 C:/Program Files (x86)/Arm/GNU Toolchain mingw-w64-i686-arm-none-eabi/bin/../lib/gcc/arm-none-eabi/15.2.1/../../../../arm-none-eabi/lib/thumb/v7e-m+fp/hard\libc_nano.a(libc_a-makebuf.o)
                0x080084b4                __smakebuf_r
 *fill*         0x08008526        0x2 
 .text._fstat_r
                0x08008528       0x24 C:/Program Files (x86)/Arm/GNU Toolchain mingw-w64-i686-arm-none-eabi/bin/../lib/gcc/arm-none-eabi/15.2.1/../../../../arm-none-eabi/lib/thumb/v7e-m+fp/hard\libc_nano.a(libc_a-fstatr.o)
                0x08008528                _fstat_r
 .text._isatty_r
                0x0800854c       0x20 C:/Program Files (x86)/Arm/GNU Toolchain mingw-w64-i686-arm-none-eabi/bin/../lib/gcc/arm-none-eabi/15.2.1/../../../../arm-none-eabi/lib/thumb/v7e-m+fp/hard\libc_nano.a(libc_a-isattyr.o)
                0x0800854c                _isatty_r
 .text._sbrk_r  0x0800856c       0x20 C:/Program Files (x86)/Arm/GNU Toolchain mingw-w64-i686-arm-none-eabi/bin/../lib/gcc/arm-none-eabi/15.2.1/../../../../arm-none-eabi/lib/thumb/v7e-m+fp/hard\libc_nano.a(libc_a-sbrkr.o)
                0x0800856c                _sbrk_r
 *fill*         0x0800858c        0x4 
 .text.log      0x08008590       0x8c C:/Program Files (x86)/Arm/GNU Toolchain mingw-w64-i686-arm-none-eabi/bin/../lib/gcc/arm-none-eabi/15.2.1/../../../../arm-none-eabi/lib/thumb/v7e-m+fp/hard\libm.a(libm_a-w_log.o)
                0x08008590                log
 *fill*         0x0800861c        0x4 
 .text.cos      0x08008620       0x90 C:/Program Files (x86)/Arm/GNU Toolchain mingw-w64-i686-arm-none-eabi/bin/../lib/gcc/arm-none-eabi/15.2.1/../../../../arm-none-eabi/lib/thumb/v7e-m+fp/hard\libm.a(libm_a-s_cos.o)
                0x08008620                cos
 .text.sin      0x080086b0       0x98 C:/Program Files (x86)/Arm/GNU Toolchain mingw-w64-i686-arm-none-eabi/bin/../lib/gcc/arm-none-eabi/15.2.1/../../../../arm-none-eabi/lib/thumb/v7e-m+fp/hard\libm.a(libm_a-s_sin.o)
                0x080086b0                sin
 .text.nan      0x08008748       0x10 C:/Program Files (x86)/Arm/GNU Toolchain mingw-w64-i686-arm-none-eabi/bin/../lib/gcc/arm-none-eabi/15.2.1/../../../../arm-none-eabi/lib/thumb/v7e-m+fp/hard\libm.a(libm_a-s_nan.o)
                0x08008748                nan
 .text.__kernel_cos
                0x08008758      0x27c C:/Program Files (x86)/Arm/GNU Toolchain mingw-w64-i686-arm-none-eabi/bin/../lib/gcc/arm-none-eabi/15.2.1/../../../../arm-none-eabi/lib/thumb/v7e-m+fp/hard\libm.a(libm_a-k_cos.o)
                0x08008758                __kernel_cos
 *fill*         0x080089d4        0x4 
 .text.__kernel_sin
                0x080089d8      0x194 C:/Program Files (x86)/Arm/GNU Toolchain mingw-w64-i686-arm-none-eabi/bin/../lib/gcc/arm-none-eabi/15.2.1/../../../../arm-none-eabi/lib/thumb/v7e-m+fp/hard\libm.a(libm_a-k_sin.o)
                0x080089d8                __kernel_sin
 *fill*         0x08008b6c        0x4 
 .text.__ieee754_log
                0x08008b70      0x408 C:/Program Files (x86)/Arm/GNU Toolchain mingw-w64-i686-arm-none-eabi/bin/../lib/gcc/arm-none-eabi/15.2.1/../../../../arm-none-eabi/lib/thumb/v7e-m+fp/hard\libm.a(libm_a-e_log.o)
                0x08008b70                __ieee754_log
 .text.__ieee754_rem_pio2
                0x08008f78      0x43c C:/Program Files (x86)/Arm/GNU Toolchain mingw-w64-i686-arm-none-eabi/bin/../lib/gcc/arm-none-eabi/15.2.1/../../../../arm-none-eabi/lib/thumb/v7e-m+fp/hard\libm.a(libm_a-e_rem_pio2.o)
                0x08008f78                __ieee754_rem_pio2
 .text.fabs     0x080093b4       0x14 C:/Program Files (x86)/Arm/GNU Toolchain mingw-w64-i686-arm-none-eabi/bin/../lib/gcc/arm-none-eabi/15.2.1/../../../../arm-none-eabi/lib/thumb/v7e-m+fp/hard\libm.a(libm_a-s_fabs.o)
                0x080093b4                fabs
 .text.__kernel_rem_pio2
                0x080093c8      0x890 C:/Program Files (x86)/Arm/GNU Toolchain mingw-w64-i686-arm-none-eabi/bin/../lib/gcc/arm-none-eabi/15.2.1/../../../../arm-none-eabi/lib/thumb/v7e-m+fp/hard\libm.a(libm_a-k_rem_pio2.o)
                0x080093c8                __kernel_rem_pio2
 .text.scalbn   0x08009c58      0x12c C:/Program Files (x86)/Arm/GNU Toolchain mingw-w64-i686-arm-none-eabi/bin/../lib/gcc/arm-none-eabi/15.2.1/../../../../arm-none-eabi/lib/thumb/v7e-m+fp/hard\libm.a(libm_a-s_scalbn.o)
                0x08009c58                scalbn
 *fill*         0x08009d84        0x4 
 .text.floor    0x08009d88      0x108 C:/Program Files (x86)/Arm/GNU Toolchain mingw-w64-i686-arm-none-eabi/bin/../lib/gcc/arm-none-eabi/15.2.1/../../../../arm-none-eabi/lib/thumb/v7e-m+fp/hard\libm.a(libm_a-s_floor.o)
                0x08009d88                floor
 *(.glue_7)
 .glue_7        0x08009e90        0x0 linker stubs
 *(.glue_7t)
 .glue_7t       0x08009e90        0x0 linker stubs
 *(.eh_frame)
 .eh_frame      0x08009e90        0x0 C:/Program Files (x86)/Arm/GNU Toolchain mingw-w64-i686-arm-none-eabi/bin/../lib/gcc/arm-none-eabi/15.2.1/thumb/v7e-m+fp/hard/crtbegin.o
 *(.init)
 .init          0x08009e90        0x4 C:/Program Files (x86)/Arm/GNU Toolchain mingw-w64-i686-arm-none-eabi/bin/../lib/gcc/arm-none-eabi/15.2.1/thumb/v7e-m+fp/hard/crti.o
                0x08009e90                _init
 .init          0x08009e94        0x8 C:/Program Files (x86)/Arm/GNU Toolchain mingw-w64-i686-arm-none-eabi/bin/../lib/gcc/arm-none-eabi/15.2.1/thumb/v7e-m+fp/hard/crtn.o
 *(.fini)
 .fini          0x08009e9c        0x4 C:/Program Files (x86)/Arm/GNU Toolchain mingw-w64-i686-arm-none-eabi/bin/../lib/gcc/arm-none-eabi/15.2.1/thumb/v7e-m+fp/hard/crti.o
                0x08009e9c                _fini
 .fini          0x08009ea0        0x8 C:/Program Files (x86)/Arm/GNU Toolchain mingw-w64-i686-arm-none-eabi/bin/../lib/gcc/arm-none-eabi/15.2.1/thumb/v7e-m+fp/hard/crtn.o
                0x08009ea8                        . = ALIGN (0x4)
                0x08009ea8                        _etext = .

.vfp11_veneer   0x08009ea8        0x0
 .vfp11_veneer  0x08009ea8        0x0 linker stubs

.v4_bx          0x08009ea8        0x0
 .v4_bx         0x08009ea8        0x0 linker stubs

.iplt           0x08009ea8        0x0
 .iplt          0x08009ea8        0x0 C:/Program Files (x86)/Arm/GNU Toolchain mingw-w64-i686-arm-none-eabi/bin/../lib/gcc/arm-none-eabi/15.2.1/thumb/v7e-m+fp/hard/crtbegin.o

.rodata         0x08009ea8      0x3c8
                0x08009ea8                        . = ALIGN (0x4)
 *(.rodata)
 *(.rodata*)
 .rodata.Debug_Task_func.str1.4
                0x08009ea8      0x180 build/freertos_app.o
                                 0x3e (size before relaxing)
 .rodata.Mc_Task_func.str1.4
                0x0800a028        0x0 build/freertos_app.o
                                 0x77 (size before relaxing)
 .rodata.freertos_task_create.str1.4
                0x0800a028        0x0 build/freertos_app.o
                                 0x30 (size before relaxing)
 .rodata.get_device_manufacturer_string.str1.4
                0x0800a028        0x0 build/cdc_desc.o
                                  0x7 (size before relaxing)
 .rodata.get_device_product_string.str1.4
                0x0800a028        0x0 build/cdc_desc.o
                                 0x11 (size before relaxing)
 .rodata.get_device_interface_string.str1.4
                0x0800a028        0x0 build/cdc_desc.o
                                 0x1a (size before relaxing)
 .rodata.get_device_config_string.str1.4
                0x0800a028        0x0 build/cdc_desc.o
                                 0x17 (size before relaxing)
 .rodata.sys_ahb_div_table.0
                0x0800a028       0x10 build/system_at32f403a_407.o
 .rodata.adc_div_table.0
                0x0800a038        0x8 build/at32f403a_407_crm.o
 .rodata.ahb_apb2_div_table.1
                0x0800a040        0x8 build/at32f403a_407_crm.o
 .rodata.ahb_apb1_div_table.2
                0x0800a048        0x8 build/at32f403a_407_crm.o
 .rodata.sclk_ahb_div_table.3
                0x0800a050       0x10 build/at32f403a_407_crm.o
 .rodata.motor_monitor_convert_adc_to_current.str1.4
                0x0800a060        0x0 build/motor_monitor.o
                                 0x30 (size before relaxing)
 .rodata.vTaskStartScheduler.str1.4
                0x0800a060        0x0 build/tasks.o
                                  0x5 (size before relaxing)
 .rodata.uxTopUsedPriority
                0x0800a060        0x4 build/tasks.o
                0x0800a060                uxTopUsedPriority
 .rodata.prvCheckForValidListAndQueue.str1.4
                0x0800a064        0x0 build/timers.o
                                  0x5 (size before relaxing)
 .rodata.xTimerCreateTimerTask.str1.4
                0x0800a064        0x0 build/timers.o
                                  0x8 (size before relaxing)
 .rodata._vfprintf_r.str1.1
                0x0800a064       0x33 C:/Program Files (x86)/Arm/GNU Toolchain mingw-w64-i686-arm-none-eabi/bin/../lib/gcc/arm-none-eabi/15.2.1/../../../../arm-none-eabi/lib/thumb/v7e-m+fp/hard\libc_nano.a(libc_a-nano-vfprintf.o)
                                 0x11 (size before relaxing)
 .rodata._printf_i.str1.1
                0x0800a097        0x0 C:/Program Files (x86)/Arm/GNU Toolchain mingw-w64-i686-arm-none-eabi/bin/../lib/gcc/arm-none-eabi/15.2.1/../../../../arm-none-eabi/lib/thumb/v7e-m+fp/hard\libc_nano.a(libc_a-nano-vfprintf_i.o)
                                 0x22 (size before relaxing)
 .rodata.log.str1.4
                0x0800a097        0x0 C:/Program Files (x86)/Arm/GNU Toolchain mingw-w64-i686-arm-none-eabi/bin/../lib/gcc/arm-none-eabi/15.2.1/../../../../arm-none-eabi/lib/thumb/v7e-m+fp/hard\libm.a(libm_a-w_log.o)
                                  0x1 (size before relaxing)
 *fill*         0x0800a097        0x1 
 .rodata.npio2_hw
                0x0800a098       0x80 C:/Program Files (x86)/Arm/GNU Toolchain mingw-w64-i686-arm-none-eabi/bin/../lib/gcc/arm-none-eabi/15.2.1/../../../../arm-none-eabi/lib/thumb/v7e-m+fp/hard\libm.a(libm_a-e_rem_pio2.o)
 .rodata.two_over_pi
                0x0800a118      0x108 C:/Program Files (x86)/Arm/GNU Toolchain mingw-w64-i686-arm-none-eabi/bin/../lib/gcc/arm-none-eabi/15.2.1/../../../../arm-none-eabi/lib/thumb/v7e-m+fp/hard\libm.a(libm_a-e_rem_pio2.o)
 .rodata.PIo2   0x0800a220       0x40 C:/Program Files (x86)/Arm/GNU Toolchain mingw-w64-i686-arm-none-eabi/bin/../lib/gcc/arm-none-eabi/15.2.1/../../../../arm-none-eabi/lib/thumb/v7e-m+fp/hard\libm.a(libm_a-k_rem_pio2.o)
 .rodata.init_jk
                0x0800a260       0x10 C:/Program Files (x86)/Arm/GNU Toolchain mingw-w64-i686-arm-none-eabi/bin/../lib/gcc/arm-none-eabi/15.2.1/../../../../arm-none-eabi/lib/thumb/v7e-m+fp/hard\libm.a(libm_a-k_rem_pio2.o)
                0x0800a270                        . = ALIGN (0x4)

.ARM.extab
 *(.ARM.extab* .gnu.linkonce.armextab.*)

.ARM            0x0800a270        0x8
                0x0800a270                        __exidx_start = .
 *(.ARM.exidx*)
 .ARM.exidx     0x0800a270        0x8 C:/Program Files (x86)/Arm/GNU Toolchain mingw-w64-i686-arm-none-eabi/bin/../lib/gcc/arm-none-eabi/15.2.1/../../../../arm-none-eabi/lib/thumb/v7e-m+fp/hard\libc_nano.a(libc_a-memchr.o)
                0x0800a278                        __exidx_end = .

.rel.dyn        0x0800a278        0x0
 .rel.iplt      0x0800a278        0x0 C:/Program Files (x86)/Arm/GNU Toolchain mingw-w64-i686-arm-none-eabi/bin/../lib/gcc/arm-none-eabi/15.2.1/thumb/v7e-m+fp/hard/crtbegin.o

.preinit_array  0x0800a278        0x0
                0x0800a278                        PROVIDE (__preinit_array_start = .)
 *(.preinit_array*)
                0x0800a278                        PROVIDE (__preinit_array_end = .)

.init_array     0x0800a278        0x4
                0x0800a278                        PROVIDE (__init_array_start = .)
 *(SORT_BY_NAME(.init_array.*))
 *(.init_array*)
 .init_array    0x0800a278        0x4 C:/Program Files (x86)/Arm/GNU Toolchain mingw-w64-i686-arm-none-eabi/bin/../lib/gcc/arm-none-eabi/15.2.1/thumb/v7e-m+fp/hard/crtbegin.o
                0x0800a27c                        PROVIDE (__init_array_end = .)

.fini_array     0x0800a27c        0x4
                [!provide]                        PROVIDE (__fini_array_start = .)
 *(SORT_BY_NAME(.fini_array.*))
 *(.fini_array*)
 .fini_array    0x0800a27c        0x4 C:/Program Files (x86)/Arm/GNU Toolchain mingw-w64-i686-arm-none-eabi/bin/../lib/gcc/arm-none-eabi/15.2.1/thumb/v7e-m+fp/hard/crtbegin.o
                [!provide]                        PROVIDE (__fini_array_end = .)
                0x0800a280                        _sidata = LOADADDR (.data)

.data           0x20000000      0x368 load address 0x0800a280
                0x20000000                        . = ALIGN (0x4)
                0x20000000                        _sdata = .
 *(.data)
 *(.data*)
 .data.cdc_class_handler
                0x20000000       0x28 build/cdc_class.o
                0x20000000                cdc_class_handler
 .data.linecoding
                0x20000028        0x8 build/cdc_class.o
                0x20000028                linecoding
 .data.serial_descriptor
                0x20000030        0x8 build/cdc_desc.o
 .data.langid_descriptor
                0x20000038        0x8 build/cdc_desc.o
 .data.config_descriptor
                0x20000040        0x8 build/cdc_desc.o
 .data.device_descriptor
                0x20000048        0x8 build/cdc_desc.o
 .data.g_string_serial
                0x20000050       0x1a build/cdc_desc.o
 *fill*         0x2000006a        0x2 
 .data.g_string_lang_id
                0x2000006c        0x4 build/cdc_desc.o
 .data.g_usbd_configuration
                0x20000070       0x43 build/cdc_desc.o
 *fill*         0x200000b3        0x1 
 .data.g_usbd_descriptor
                0x200000b4       0x12 build/cdc_desc.o
 *fill*         0x200000c6        0x2 
 .data.cdc_desc_handler
                0x200000c8       0x28 build/cdc_desc.o
                0x200000c8                cdc_desc_handler
 .data.system_core_clock
                0x200000f0        0x4 build/system_at32f403a_407.o
                0x200000f0                system_core_clock
 .data.g_usb_offset_addr
                0x200000f4        0x2 build/at32f403a_407_usb.o
 *fill*         0x200000f6        0x2 
 .data.g_usb_packet_address
                0x200000f8        0x4 build/at32f403a_407_usb.o
                0x200000f8                g_usb_packet_address
 .data.cdc_dev  0x200000fc      0x20c build/usb_cdc.o
                0x200000fc                cdc_dev
 .data.uxCriticalNesting
                0x20000308        0x4 build/port.o
 .data.__sglue  0x2000030c        0xc C:/Program Files (x86)/Arm/GNU Toolchain mingw-w64-i686-arm-none-eabi/bin/../lib/gcc/arm-none-eabi/15.2.1/../../../../arm-none-eabi/lib/thumb/v7e-m+fp/hard\libc_nano.a(libc_a-findfp.o)
                0x2000030c                __sglue
 .data._impure_ptr
                0x20000318        0x4 C:/Program Files (x86)/Arm/GNU Toolchain mingw-w64-i686-arm-none-eabi/bin/../lib/gcc/arm-none-eabi/15.2.1/../../../../arm-none-eabi/lib/thumb/v7e-m+fp/hard\libc_nano.a(libc_a-impure.o)
                0x20000318                _impure_ptr
 .data._impure_data
                0x2000031c       0x4c C:/Program Files (x86)/Arm/GNU Toolchain mingw-w64-i686-arm-none-eabi/bin/../lib/gcc/arm-none-eabi/15.2.1/../../../../arm-none-eabi/lib/thumb/v7e-m+fp/hard\libc_nano.a(libc_a-impure.o)
                0x2000031c                _impure_data
                0x20000368                        . = ALIGN (0x4)
                0x20000368                        _edata = .
                0x08400000                        _spim_init_base = LOADADDR (.spim)
                0x00000000                        _spim_init_length = SIZEOF (.spim)

.tm_clone_table
                0x20000368        0x0 load address 0x0800a5e8
 .tm_clone_table
                0x20000368        0x0 C:/Program Files (x86)/Arm/GNU Toolchain mingw-w64-i686-arm-none-eabi/bin/../lib/gcc/arm-none-eabi/15.2.1/thumb/v7e-m+fp/hard/crtbegin.o
 .tm_clone_table
                0x20000368        0x0 C:/Program Files (x86)/Arm/GNU Toolchain mingw-w64-i686-arm-none-eabi/bin/../lib/gcc/arm-none-eabi/15.2.1/thumb/v7e-m+fp/hard/crtend.o

.igot.plt       0x20000368        0x0 load address 0x0800a5e8
 .igot.plt      0x20000368        0x0 C:/Program Files (x86)/Arm/GNU Toolchain mingw-w64-i686-arm-none-eabi/bin/../lib/gcc/arm-none-eabi/15.2.1/thumb/v7e-m+fp/hard/crtbegin.o

.spim           0x08400000        0x0
                0x08400000                        . = ALIGN (0x4)
                0x08400000                        _spim_start = .
 *(.spim)
 *(.spim*)
                0x08400000                        . = ALIGN (0x4)
                0x08400000                        _spim_end = .
                0x08400000                        . = ALIGN (0x4)

.bss            0x20000368     0x5268
                0x20000368                        _sbss = .
                0x20000368                        __bss_start__ = _sbss
 *(.bss)
 *(.bss*)
 .bss.completed.1
                0x20000368        0x1 C:/Program Files (x86)/Arm/GNU Toolchain mingw-w64-i686-arm-none-eabi/bin/../lib/gcc/arm-none-eabi/15.2.1/thumb/v7e-m+fp/hard/crtbegin.o
 *fill*         0x20000369        0x3 
 .bss.object.0  0x2000036c       0x18 C:/Program Files (x86)/Arm/GNU Toolchain mingw-w64-i686-arm-none-eabi/bin/../lib/gcc/arm-none-eabi/15.2.1/thumb/v7e-m+fp/hard/crtbegin.o
 .bss.adc_odt   0x20000384       0x28 build/main.o
                0x20000384                adc_odt
 .bss.__sbrk_heap_end
                0x200003ac        0x4 build/sysmem.o
 .bss.ticks_count_us
                0x200003b0        0x4 build/wk_system.o
                0x200003b0                ticks_count_us
 .bss.send_zero_packet.0
                0x200003b4        0x1 build/usb_app.o
 *fill*         0x200003b5        0x3 
 .bss.usbd_app_buffer_fs1
                0x200003b8      0x200 build/usb_app.o
                0x200003b8                usbd_app_buffer_fs1
 .bss.usb_core_dev
                0x200005b8      0x22c build/usb_app.o
                0x200005b8                usb_core_dev
 .bss.timer_task_tcb
                0x200007e4       0x5c build/freertos_app.o
 .bss.idle_task_tcb
                0x20000840       0x5c build/freertos_app.o
 .bss.timer_task_stack
                0x2000089c      0x400 build/freertos_app.o
 .bss.idle_task_stack
                0x20000c9c      0x200 build/freertos_app.o
 .bss.MC_Task_handle
                0x20000e9c        0x4 build/freertos_app.o
                0x20000e9c                MC_Task_handle
 .bss.Monitor_Task_handle
                0x20000ea0        0x4 build/freertos_app.o
                0x20000ea0                Monitor_Task_handle
 .bss.CANCom_Task_handle
                0x20000ea4        0x4 build/freertos_app.o
                0x20000ea4                CANCom_Task_handle
 .bss.Debug_Task_handle
                0x20000ea8        0x4 build/freertos_app.o
                0x20000ea8                Debug_Task_handle
 .bss.motor     0x20000eac     0x16f0 build/freertos_app.o
                0x20000eac                motor
 .bss.cdc_struct
                0x2000259c       0x5c build/cdc_class.o
                0x2000259c                cdc_struct
 .bss.vp_desc   0x200025f8        0x8 build/cdc_desc.o
 .bss.g_usbd_desc_buffer
                0x20002600      0x100 build/cdc_desc.o
 .bss.counter.0
                0x20002700        0x4 build/motor_monitor.o
 .bss.rx_count  0x20002704        0x2 build/modbus_protocol.o
 .bss.rx_tail   0x20002706        0x2 build/modbus_protocol.o
 .bss.rx_head   0x20002708        0x2 build/modbus_protocol.o
 *fill*         0x2000270a        0x2 
 .bss.rx_buffer
                0x2000270c      0x200 build/modbus_protocol.o
 .bss.config_value.0
                0x2000290c        0x1 build/usbd_sdr.o
 *fill*         0x2000290d        0x3 
 .bss.xQueueRegistry
                0x20002910       0x40 build/queue.o
                0x20002910                xQueueRegistry
 .bss.uxSchedulerSuspended
                0x20002950        0x4 build/tasks.o
 .bss.xIdleTaskHandle
                0x20002954        0x4 build/tasks.o
 .bss.xNextTaskUnblockTime
                0x20002958        0x4 build/tasks.o
 .bss.uxTaskNumber
                0x2000295c        0x4 build/tasks.o
 .bss.xNumOfOverflows
                0x20002960        0x4 build/tasks.o
 .bss.xYieldPending
                0x20002964        0x4 build/tasks.o
 .bss.xPendedTicks
                0x20002968        0x4 build/tasks.o
 .bss.xSchedulerRunning
                0x2000296c        0x4 build/tasks.o
 .bss.uxTopReadyPriority
                0x20002970        0x4 build/tasks.o
 .bss.xTickCount
                0x20002974        0x4 build/tasks.o
 .bss.uxCurrentNumberOfTasks
                0x20002978        0x4 build/tasks.o
 .bss.xSuspendedTaskList
                0x2000297c       0x14 build/tasks.o
 .bss.uxDeletedTasksWaitingCleanUp
                0x20002990        0x4 build/tasks.o
 .bss.xTasksWaitingTermination
                0x20002994       0x14 build/tasks.o
 .bss.xPendingReadyList
                0x200029a8       0x14 build/tasks.o
 .bss.pxOverflowDelayedTaskList
                0x200029bc        0x4 build/tasks.o
 .bss.pxDelayedTaskList
                0x200029c0        0x4 build/tasks.o
 .bss.xDelayedTaskList2
                0x200029c4       0x14 build/tasks.o
 .bss.xDelayedTaskList1
                0x200029d8       0x14 build/tasks.o
 .bss.pxReadyTasksLists
                0x200029ec      0x140 build/tasks.o
 .bss.pxCurrentTCB
                0x20002b2c        0x4 build/tasks.o
                0x20002b2c                pxCurrentTCB
 .bss.xStaticTimerQueue.0
                0x20002b30       0x50 build/timers.o
 .bss.ucStaticTimerQueueStorage.1
                0x20002b80       0xa0 build/timers.o
 .bss.xLastTime.2
                0x20002c20        0x4 build/timers.o
 .bss.xTimerTaskHandle
                0x20002c24        0x4 build/timers.o
 .bss.xTimerQueue
                0x20002c28        0x4 build/timers.o
 .bss.pxOverflowTimerList
                0x20002c2c        0x4 build/timers.o
 .bss.pxCurrentTimerList
                0x20002c30        0x4 build/timers.o
 .bss.xActiveTimerList2
                0x20002c34       0x14 build/timers.o
 .bss.xActiveTimerList1
                0x20002c48       0x14 build/timers.o
 .bss.ulMaxPRIGROUPValue
                0x20002c5c        0x4 build/port.o
 .bss.ucMaxSysCallPriority
                0x20002c60        0x1 build/port.o
 *fill*         0x20002c61        0x3 
 .bss.xBlockAllocatedBit
                0x20002c64        0x4 build/heap_4.o
 .bss.xNumberOfSuccessfulFrees
                0x20002c68        0x4 build/heap_4.o
 .bss.xNumberOfSuccessfulAllocations
                0x20002c6c        0x4 build/heap_4.o
 .bss.xMinimumEverFreeBytesRemaining
                0x20002c70        0x4 build/heap_4.o
 .bss.xFreeBytesRemaining
                0x20002c74        0x4 build/heap_4.o
 .bss.pxEnd     0x20002c78        0x4 build/heap_4.o
 .bss.xStart    0x20002c7c        0x8 build/heap_4.o
 .bss.ucHeap    0x20002c84     0x2800 build/heap_4.o
 .bss.__sf      0x20005484      0x138 C:/Program Files (x86)/Arm/GNU Toolchain mingw-w64-i686-arm-none-eabi/bin/../lib/gcc/arm-none-eabi/15.2.1/../../../../arm-none-eabi/lib/thumb/v7e-m+fp/hard\libc_nano.a(libc_a-findfp.o)
                0x20005484                __sf
 .bss.__stdio_exit_handler
                0x200055bc        0x4 C:/Program Files (x86)/Arm/GNU Toolchain mingw-w64-i686-arm-none-eabi/bin/../lib/gcc/arm-none-eabi/15.2.1/../../../../arm-none-eabi/lib/thumb/v7e-m+fp/hard\libc_nano.a(libc_a-findfp.o)
                0x200055bc                __stdio_exit_handler
 .bss.errno     0x200055c0        0x4 C:/Program Files (x86)/Arm/GNU Toolchain mingw-w64-i686-arm-none-eabi/bin/../lib/gcc/arm-none-eabi/15.2.1/../../../../arm-none-eabi/lib/thumb/v7e-m+fp/hard\libc_nano.a(libc_a-reent.o)
                0x200055c0                errno
 .bss.__lock___malloc_recursive_mutex
                0x200055c4        0x1 C:/Program Files (x86)/Arm/GNU Toolchain mingw-w64-i686-arm-none-eabi/bin/../lib/gcc/arm-none-eabi/15.2.1/../../../../arm-none-eabi/lib/thumb/v7e-m+fp/hard\libc_nano.a(libc_a-lock.o)
                0x200055c4                __lock___malloc_recursive_mutex
 .bss.__lock___sfp_recursive_mutex
                0x200055c5        0x1 C:/Program Files (x86)/Arm/GNU Toolchain mingw-w64-i686-arm-none-eabi/bin/../lib/gcc/arm-none-eabi/15.2.1/../../../../arm-none-eabi/lib/thumb/v7e-m+fp/hard\libc_nano.a(libc_a-lock.o)
                0x200055c5                __lock___sfp_recursive_mutex
 *fill*         0x200055c6        0x2 
 .bss.__malloc_sbrk_start
                0x200055c8        0x4 C:/Program Files (x86)/Arm/GNU Toolchain mingw-w64-i686-arm-none-eabi/bin/../lib/gcc/arm-none-eabi/15.2.1/../../../../arm-none-eabi/lib/thumb/v7e-m+fp/hard\libc_nano.a(libc_a-mallocr.o)
                0x200055c8                __malloc_sbrk_start
 .bss.__malloc_free_list
                0x200055cc        0x4 C:/Program Files (x86)/Arm/GNU Toolchain mingw-w64-i686-arm-none-eabi/bin/../lib/gcc/arm-none-eabi/15.2.1/../../../../arm-none-eabi/lib/thumb/v7e-m+fp/hard\libc_nano.a(libc_a-mallocr.o)
                0x200055cc                __malloc_free_list
 *(COMMON)
                0x200055d0                        . = ALIGN (0x4)
                0x200055d0                        _ebss = .
                0x200055d0                        __bss_end__ = _ebss

._user_heap_stack
                0x200055d0      0x600
                0x200055d0                        . = ALIGN (0x8)
                [!provide]                        PROVIDE (end = .)
                0x200055d0                        PROVIDE (_end = .)
                0x200057d0                        . = (. + _Min_Heap_Size)
 *fill*         0x200055d0      0x200 
                0x20005bd0                        . = (. + _Min_Stack_Size)
 *fill*         0x200057d0      0x400 
                0x20005bd0                        . = ALIGN (0x8)

/DISCARD/
 libc.a(*)
 libm.a(*)
 libgcc.a(*)

.ARM.attributes
                0x00000000       0x30
 *(.ARM.attributes)
 .ARM.attributes
                0x00000000       0x22 C:/Program Files (x86)/Arm/GNU Toolchain mingw-w64-i686-arm-none-eabi/bin/../lib/gcc/arm-none-eabi/15.2.1/thumb/v7e-m+fp/hard/crti.o
 .ARM.attributes
                0x00000022       0x34 C:/Program Files (x86)/Arm/GNU Toolchain mingw-w64-i686-arm-none-eabi/bin/../lib/gcc/arm-none-eabi/15.2.1/thumb/v7e-m+fp/hard/crtbegin.o
 .ARM.attributes
                0x00000056       0x34 build/main.o
 .ARM.attributes
                0x0000008a       0x34 build/syscalls.o
 .ARM.attributes
                0x000000be       0x34 build/sysmem.o
 .ARM.attributes
                0x000000f2       0x34 build/at32f403a_407_wk_config.o
 .ARM.attributes
                0x00000126       0x34 build/at32f403a_407_int.o
 .ARM.attributes
                0x0000015a       0x34 build/wk_system.o
 .ARM.attributes
                0x0000018e       0x34 build/wk_acc.o
 .ARM.attributes
                0x000001c2       0x34 build/wk_adc.o
 .ARM.attributes
                0x000001f6       0x34 build/wk_can.o
 .ARM.attributes
                0x0000022a       0x34 build/wk_debug.o
 .ARM.attributes
                0x0000025e       0x34 build/wk_spi.o
 .ARM.attributes
                0x00000292       0x34 build/wk_tmr.o
 .ARM.attributes
                0x000002c6       0x34 build/wk_usbfs.o
 .ARM.attributes
                0x000002fa       0x34 build/wk_dma.o
 .ARM.attributes
                0x0000032e       0x34 build/wk_gpio.o
 .ARM.attributes
                0x00000362       0x34 build/usb_app.o
 .ARM.attributes
                0x00000396       0x34 build/freertos_app.o
 .ARM.attributes
                0x000003ca       0x34 build/cdc_class.o
 .ARM.attributes
                0x000003fe       0x34 build/cdc_desc.o
 .ARM.attributes
                0x00000432       0x34 build/system_at32f403a_407.o
 .ARM.attributes
                0x00000466       0x34 build/at32f403a_407_crm.o
 .ARM.attributes
                0x0000049a       0x34 build/at32f403a_407_tmr.o
 .ARM.attributes
                0x000004ce       0x34 build/at32f403a_407_gpio.o
 .ARM.attributes
                0x00000502       0x34 build/at32f403a_407_adc.o
 .ARM.attributes
                0x00000536       0x34 build/at32f403a_407_spi.o
 .ARM.attributes
                0x0000056a       0x34 build/at32f403a_407_dma.o
 .ARM.attributes
                0x0000059e       0x34 build/at32f403a_407_misc.o
 .ARM.attributes
                0x000005d2       0x34 build/at32f403a_407_usb.o
 .ARM.attributes
                0x00000606       0x34 build/at32f403a_407_acc.o
 .ARM.attributes
                0x0000063a       0x34 build/at32f403a_407_can.o
 .ARM.attributes
                0x0000066e       0x34 build/motor_control.o
 .ARM.attributes
                0x000006a2       0x34 build/motor_foc.o
 .ARM.attributes
                0x000006d6       0x34 build/motor_monitor.o
 .ARM.attributes
                0x0000070a       0x34 build/motor_params.o
 .ARM.attributes
                0x0000073e       0x34 build/usb_cdc.o
 .ARM.attributes
                0x00000772       0x34 build/modbus_protocol.o
 .ARM.attributes
                0x000007a6       0x34 build/common_utils.o
 .ARM.attributes
                0x000007da       0x34 build/usbd_core.o
 .ARM.attributes
                0x0000080e       0x34 build/usbd_int.o
 .ARM.attributes
                0x00000842       0x34 build/usbd_sdr.o
 .ARM.attributes
                0x00000876       0x34 build/list.o
 .ARM.attributes
                0x000008aa       0x34 build/queue.o
 .ARM.attributes
                0x000008de       0x34 build/tasks.o
 .ARM.attributes
                0x00000912       0x34 build/timers.o
 .ARM.attributes
                0x00000946       0x34 build/port.o
 .ARM.attributes
                0x0000097a       0x34 build/heap_4.o
 .ARM.attributes
                0x000009ae       0x21 build/startup_at32f403a_407.o
 .ARM.attributes
                0x000009cf       0x34 C:/Program Files (x86)/Arm/GNU Toolchain mingw-w64-i686-arm-none-eabi/bin/../lib/gcc/arm-none-eabi/15.2.1/../../../../arm-none-eabi/lib/thumb/v7e-m+fp/hard\libc_nano.a(libc_a-findfp.o)
 .ARM.attributes