Archive member included to satisfy reference by file (symbol)

C:/Program Files (x86)/Arm/GNU Toolchain mingw-w64-i686-arm-none-eabi/bin/../lib/gcc/arm-none-eabi/15.2.1/../../../../arm-none-eabi/lib/thumb/v7e-m+fp/hard\libc_nano.a(libc_a-exit.o)
                              C:/Program Files (x86)/Arm/GNU Toolchain mingw-w64-i686-arm-none-eabi/bin/../lib/gcc/arm-none-eabi/15.2.1/../../../../arm-none-eabi/lib/thumb/v7e-m+fp/hard/crt0.o (exit)
C:/Program Files (x86)/Arm/GNU Toolchain mingw-w64-i686-arm-none-eabi/bin/../lib/gcc/arm-none-eabi/15.2.1/../../../../arm-none-eabi/lib/thumb/v7e-m+fp/hard\libc_nano.a(libc_a-findfp.o)
                              C:/Program Files (x86)/Arm/GNU Toolchain mingw-w64-i686-arm-none-eabi/bin/../lib/gcc/arm-none-eabi/15.2.1/../../../../arm-none-eabi/lib/thumb/v7e-m+fp/hard\libc_nano.a(libc_a-exit.o) (__stdio_exit_handler)
C:/Program Files (x86)/Arm/GNU Toolchain mingw-w64-i686-arm-none-eabi/bin/../lib/gcc/arm-none-eabi/15.2.1/../../../../arm-none-eabi/lib/thumb/v7e-m+fp/hard\libc_nano.a(libc_a-fwalk.o)
                              C:/Program Files (x86)/Arm/GNU Toolchain mingw-w64-i686-arm-none-eabi/bin/../lib/gcc/arm-none-eabi/15.2.1/../../../../arm-none-eabi/lib/thumb/v7e-m+fp/hard\libc_nano.a(libc_a-findfp.o) (_fwalk_sglue)
C:/Program Files (x86)/Arm/GNU Toolchain mingw-w64-i686-arm-none-eabi/bin/../lib/gcc/arm-none-eabi/15.2.1/../../../../arm-none-eabi/lib/thumb/v7e-m+fp/hard\libc_nano.a(libc_a-stdio.o)
                              C:/Program Files (x86)/Arm/GNU Toolchain mingw-w64-i686-arm-none-eabi/bin/../lib/gcc/arm-none-eabi/15.2.1/../../../../arm-none-eabi/lib/thumb/v7e-m+fp/hard\libc_nano.a(libc_a-findfp.o) (__sread)
C:/Program Files (x86)/Arm/GNU Toolchain mingw-w64-i686-arm-none-eabi/bin/../lib/gcc/arm-none-eabi/15.2.1/../../../../arm-none-eabi/lib/thumb/v7e-m+fp/hard\libc_nano.a(libc_a-memset.o)
                              C:/Program Files (x86)/Arm/GNU Toolchain mingw-w64-i686-arm-none-eabi/bin/../lib/gcc/arm-none-eabi/15.2.1/../../../../arm-none-eabi/lib/thumb/v7e-m+fp/hard/crt0.o (memset)
C:/Program Files (x86)/Arm/GNU Toolchain mingw-w64-i686-arm-none-eabi/bin/../lib/gcc/arm-none-eabi/15.2.1/../../../../arm-none-eabi/lib/thumb/v7e-m+fp/hard\libc_nano.a(libc_a-closer.o)
                              C:/Program Files (x86)/Arm/GNU Toolchain mingw-w64-i686-arm-none-eabi/bin/../lib/gcc/arm-none-eabi/15.2.1/../../../../arm-none-eabi/lib/thumb/v7e-m+fp/hard\libc_nano.a(libc_a-stdio.o) (_close_r)
C:/Program Files (x86)/Arm/GNU Toolchain mingw-w64-i686-arm-none-eabi/bin/../lib/gcc/arm-none-eabi/15.2.1/../../../../arm-none-eabi/lib/thumb/v7e-m+fp/hard\libc_nano.a(libc_a-reent.o)
                              C:/Program Files (x86)/Arm/GNU Toolchain mingw-w64-i686-arm-none-eabi/bin/../lib/gcc/arm-none-eabi/15.2.1/../../../../arm-none-eabi/lib/thumb/v7e-m+fp/hard\libc_nano.a(libc_a-closer.o) (errno)
C:/Program Files (x86)/Arm/GNU Toolchain mingw-w64-i686-arm-none-eabi/bin/../lib/gcc/arm-none-eabi/15.2.1/../../../../arm-none-eabi/lib/thumb/v7e-m+fp/hard\libc_nano.a(libc_a-impure.o)
                              C:/Program Files (x86)/Arm/GNU Toolchain mingw-w64-i686-arm-none-eabi/bin/../lib/gcc/arm-none-eabi/15.2.1/../../../../arm-none-eabi/lib/thumb/v7e-m+fp/hard\libc_nano.a(libc_a-reent.o) (_impure_ptr)
C:/Program Files (x86)/Arm/GNU Toolchain mingw-w64-i686-arm-none-eabi/bin/../lib/gcc/arm-none-eabi/15.2.1/../../../../arm-none-eabi/lib/thumb/v7e-m+fp/hard\libc_nano.a(libc_a-lseekr.o)
                              C:/Program Files (x86)/Arm/GNU Toolchain mingw-w64-i686-arm-none-eabi/bin/../lib/gcc/arm-none-eabi/15.2.1/../../../../arm-none-eabi/lib/thumb/v7e-m+fp/hard\libc_nano.a(libc_a-stdio.o) (_lseek_r)
C:/Program Files (x86)/Arm/GNU Toolchain mingw-w64-i686-arm-none-eabi/bin/../lib/gcc/arm-none-eabi/15.2.1/../../../../arm-none-eabi/lib/thumb/v7e-m+fp/hard\libc_nano.a(libc_a-readr.o)
                              C:/Program Files (x86)/Arm/GNU Toolchain mingw-w64-i686-arm-none-eabi/bin/../lib/gcc/arm-none-eabi/15.2.1/../../../../arm-none-eabi/lib/thumb/v7e-m+fp/hard\libc_nano.a(libc_a-stdio.o) (_read_r)
C:/Program Files (x86)/Arm/GNU Toolchain mingw-w64-i686-arm-none-eabi/bin/../lib/gcc/arm-none-eabi/15.2.1/../../../../arm-none-eabi/lib/thumb/v7e-m+fp/hard\libc_nano.a(libc_a-writer.o)
                              C:/Program Files (x86)/Arm/GNU Toolchain mingw-w64-i686-arm-none-eabi/bin/../lib/gcc/arm-none-eabi/15.2.1/../../../../arm-none-eabi/lib/thumb/v7e-m+fp/hard\libc_nano.a(libc_a-stdio.o) (_write_r)
C:/Program Files (x86)/Arm/GNU Toolchain mingw-w64-i686-arm-none-eabi/bin/../lib/gcc/arm-none-eabi/15.2.1/../../../../arm-none-eabi/lib/thumb/v7e-m+fp/hard\libc_nano.a(libc_a-errno.o)
                              build/syscalls.o (__errno)
C:/Program Files (x86)/Arm/GNU Toolchain mingw-w64-i686-arm-none-eabi/bin/../lib/gcc/arm-none-eabi/15.2.1/../../../../arm-none-eabi/lib/thumb/v7e-m+fp/hard\libc_nano.a(libc_a-init.o)
[...]
Memory Configuration

Name             Origin             Length             Attributes
FLASH            0x08000000         0x00100000         xr
RAM              0x20000000         0x00018000         xrw
SPIM             0x08400000         0x01000000         xr
*default*        0x00000000         0xffffffff

Linker script and memory map

LOAD C:/Program Files (x86)/Arm/GNU Toolchain mingw-w64-i686-arm-none-eabi/bin/../lib/gcc/arm-none-eabi/15.2.1/thumb/v7e-m+fp/hard/crti.o
LOAD C:/Program Files (x86)/Arm/GNU Toolchain mingw-w64-i686-arm-none-eabi/bin/../lib/gcc/arm-none-eabi/15.2.1/thumb/v7e-m+fp/hard/crtbegin.o
LOAD C:/Program Files (x86)/Arm/GNU Toolchain mingw-w64-i686-arm-none-eabi/bin/../lib/gcc/arm-none-eabi/15.2.1/../../../../arm-none-eabi/lib/thumb/v7e-m+fp/hard/crt0.o
LOAD build/main.o
LOAD build/syscalls.o
LOAD build/sysmem.o
LOAD build/at32f403a_407_wk_config.o
LOAD build/at32f403a_407_int.o
LOAD build/wk_system.o
LOAD build/wk_acc.o
LOAD build/wk_adc.o
LOAD build/wk_can.o
LOAD build/wk_debug.o
LOAD build/wk_spi.o
LOAD build/wk_tmr.o
LOAD build/wk_usbfs.o
LOAD build/wk_dma.o
LOAD build/wk_gpio.o
LOAD build/usb_app.o
LOAD build/freertos_app.o
LOAD build/rtc.o
LOAD build/winusb_class.o
LOAD build/winusb_desc.o
LOAD build/system_at32f403a_407.o
LOAD build/at32f403a_407_crm.o
LOAD build/at32f403a_407_tmr.o
LOAD build/at32f403a_407_rtc.o
LOAD build/at32f403a_407_gpio.o
LOAD build/at32f403a_407_i2c.o
LOAD build/at32f403a_407_usart.o
LOAD build/at32f403a_407_pwc.o
LOAD build/at32f403a_407_adc.o
LOAD build/at32f403a_407_spi.o
LOAD build/at32f403a_407_dma.o
LOAD build/at32f403a_407_flash.o
LOAD build/at32f403a_407_crc.o
LOAD build/at32f403a_407_wwdt.o
LOAD build/at32f403a_407_wdt.o
LOAD build/at32f403a_407_exint.o
LOAD build/at32f403a_407_misc.o
LOAD build/at32f403a_407_usb.o
LOAD build/at32f403a_407_acc.o
LOAD build/at32f403a_407_can.o
LOAD build/at32f403a_407_dac.o
LOAD build/at32f403a_407_xmc.o
LOAD build/at32f403a_407_emac.o
LOAD build/at32f403a_407_sdio.o
LOAD build/at32f403a_407_debug.o
LOAD build/at32f403a_407_bpr.o
LOAD build/usbd_core.o
LOAD build/usbd_int.o
LOAD build/usbd_sdr.o
LOAD build/croutine.o
LOAD build/event_groups.o
LOAD build/list.o
LOAD build/queue.o
LOAD build/tasks.o
LOAD build/timers.o
LOAD build/port.o
LOAD build/heap_4.o
LOAD build/stream_buffer.o
LOAD build/startup_at32f403a_407.o
LOAD C:/Program Files (x86)/Arm/GNU Toolchain mingw-w64-i686-arm-none-eabi/bin/../lib/gcc/arm-none-eabi/15.2.1/../../../../arm-none-eabi/lib/thumb/v7e-m+fp/hard\libc_nano.a
LOAD C:/Program Files (x86)/Arm/GNU Toolchain mingw-w64-i686-arm-none-eabi/bin/../lib/gcc/arm-none-eabi/15.2.1/../../../../arm-none-eabi/lib/thumb/v7e-m+fp/hard\libm.a
LOAD C:/Program Files (x86)/Arm/GNU Toolchain mingw-w64-i686-arm-none-eabi/bin/../lib/gcc/arm-none-eabi/15.2.1/../../../../arm-none-eabi/lib/thumb/v7e-m+fp/hard\libnosys.a
START GROUP
LOAD C:/Program Files (x86)/Arm/GNU Toolchain mingw-w64-i686-arm-none-eabi/bin/../lib/gcc/arm-none-eabi/15.2.1/thumb/v7e-m+fp/hard\libgcc.a
LOAD C:/Program Files (x86)/Arm/GNU Toolchain mingw-w64-i686-arm-none-eabi/bin/../lib/gcc/arm-none-eabi/15.2.1/../../../../arm-none-eabi/lib/thumb/v7e-m+fp/hard\libc_nano.a
END GROUP
START GROUP
LOAD C:/Program Files (x86)/Arm/GNU Toolchain mingw-w64-i686-arm-none-eabi/bin/../lib/gcc/arm-none-eabi/15.2.1/thumb/v7e-m+fp/hard\libgcc.a
LOAD C:/Program Files (x86)/Arm/GNU Toolchain mingw-w64-i686-arm-none-eabi/bin/../lib/gcc/arm-none-eabi/15.2.1/../../../../arm-none-eabi/lib/thumb/v7e-m+fp/hard\libc_nano.a
END GROUP
LOAD C:/Program Files (x86)/Arm/GNU Toolchain mingw-w64-i686-arm-none-eabi/bin/../lib/gcc/arm-none-eabi/15.2.1/thumb/v7e-m+fp/hard/crtend.o
LOAD C:/Program Files (x86)/Arm/GNU Toolchain mingw-w64-i686-arm-none-eabi/bin/../lib/gcc/arm-none-eabi/15.2.1/thumb/v7e-m+fp/hard/crtn.o
                0x20018000                        _estack = 0x20018000
                0x00000200                        _Min_Heap_Size = 0x200
                0x00000400                        _Min_Stack_Size = 0x400

.isr_vector     0x08000000      0x184
                0x08000000                        . = ALIGN (0x4)
 *(.isr_vector)
 .isr_vector    0x08000000      0x184 build/startup_at32f403a_407.o
                0x08000000                g_pfnVectors
                0x08000184                        . = ALIGN (0x4)

.text           0x08000190     0x5068
                0x08000190                        . = ALIGN (0x4)
 *(.text)
 *(.text*)
 .text.deregister_tm_clones
                0x08000190       0x1c C:/Program Files (x86)/Arm/GNU Toolchain mingw-w64-i686-arm-none-eabi/bin/../lib/gcc/arm-none-eabi/15.2.1/thumb/v7e-m+fp/hard/crtbegin.o
 .text.register_tm_clones
                0x080001ac       0x24 C:/Program Files (x86)/Arm/GNU Toolchain mingw-w64-i686-arm-none-eabi/bin/../lib/gcc/arm-none-eabi/15.2.1/thumb/v7e-m+fp/hard/crtbegin.o
 .text.__do_global_dtors_aux
                0x080001d0       0x28 C:/Program Files (x86)/Arm/GNU Toolchain mingw-w64-i686-arm-none-eabi/bin/../lib/gcc/arm-none-eabi/15.2.1/thumb/v7e-m+fp/hard/crtbegin.o
 .text.frame_dummy
                0x080001f8       0x24 C:/Program Files (x86)/Arm/GNU Toolchain mingw-w64-i686-arm-none-eabi/bin/../lib/gcc/arm-none-eabi/15.2.1/thumb/v7e-m+fp/hard/crtbegin.o
 .text.main     0x0800021c       0x60 build/main.o
                0x0800021c                main
 .text.NVIC_EncodePriority
                0x0800027c       0x46 build/at32f403a_407_wk_config.o
 *fill*         0x080002c2        0x2 
 .text.wk_system_clock_config
                0x080002c4       0x8c build/at32f403a_407_wk_config.o
                0x080002c4                wk_system_clock_config
 .text.wk_periph_clock_config
                0x08000350       0x9c build/at32f403a_407_wk_config.o
                0x08000350                wk_periph_clock_config
 .text.wk_nvic_config
                0x080003ec       0xe0 build/at32f403a_407_wk_config.o
                0x080003ec                wk_nvic_config
 .text.NMI_Handler
                0x080004cc        0x2 build/at32f403a_407_int.o
                0x080004cc                NMI_Handler
 .text.HardFault_Handler
                0x080004ce        0x2 build/at32f403a_407_int.o
                0x080004ce                HardFault_Handler
 .text.MemManage_Handler
                0x080004d0        0x2 build/at32f403a_407_int.o
                0x080004d0                MemManage_Handler
 .text.BusFault_Handler
                0x080004d2        0x2 build/at32f403a_407_int.o
                0x080004d2                BusFault_Handler
 .text.UsageFault_Handler
                0x080004d4        0x2 build/at32f403a_407_int.o
                0x080004d4                UsageFault_Handler
 .text.DebugMon_Handler
                0x080004d6        0x2 build/at32f403a_407_int.o
                0x080004d6                DebugMon_Handler
 .text.SysTick_Handler
                0x080004d8       0x12 build/at32f403a_407_int.o
                0x080004d8                SysTick_Handler
 .text.DMA1_Channel1_IRQHandler
                0x080004ea       0x14 build/at32f403a_407_int.o
                0x080004ea                DMA1_Channel1_IRQHandler
 .text.TMR1_BRK_TMR9_IRQHandler
                0x080004fe        0x2 build/at32f403a_407_int.o
                0x080004fe                TMR1_BRK_TMR9_IRQHandler
 .text.TMR1_OVF_TMR10_IRQHandler
                0x08000500        0x2 build/at32f403a_407_int.o
                0x08000500                TMR1_OVF_TMR10_IRQHandler
 .text.TMR1_TRG_HALL_TMR11_IRQHandler
                0x08000502        0x2 build/at32f403a_407_int.o
                0x08000502                TMR1_TRG_HALL_TMR11_IRQHandler
 .text.SPI1_IRQHandler
                0x08000504        0x2 build/at32f403a_407_int.o
                0x08000504                SPI1_IRQHandler
 .text.USBFS_MAPL_IRQHandler
                0x08000506        0x8 build/at32f403a_407_int.o
                0x08000506                USBFS_MAPL_IRQHandler
 *fill*         0x0800050e        0x2 
 .text.wk_timebase_init
                0x08000510       0x4c build/wk_system.o
                0x08000510                wk_timebase_init
 .text.wk_acc_init
                0x0800055c       0x24 build/wk_acc.o
                0x0800055c                wk_acc_init
 .text.wk_adc1_init
                0x08000580      0x124 build/wk_adc.o
                0x08000580                wk_adc1_init
 .text.wk_can1_init
                0x080006a4       0xe8 build/wk_can.o
                0x080006a4                wk_can1_init
 .text.wk_debug_config
                0x0800078c       0x10 build/wk_debug.o
                0x0800078c                wk_debug_config
 .text.wk_spi1_init
                0x0800079c       0xdc build/wk_spi.o
                0x0800079c                wk_spi1_init
 .text.wk_tmr1_init
                0x08000878      0x22c build/wk_tmr.o
                0x08000878                wk_tmr1_init
 .text.wk_usbfs_init
                0x08000aa4       0x10 build/wk_usbfs.o
                0x08000aa4                wk_usbfs_init
 .text.wk_dma1_channel1_init
                0x08000ab4       0x60 build/wk_dma.o
                0x08000ab4                wk_dma1_channel1_init
 .text.wk_dma_channel_config
                0x08000b14        0x8 build/wk_dma.o
                0x08000b14                wk_dma_channel_config
 .text.wk_gpio_config
                0x08000b1c       0x44 build/wk_gpio.o
                0x08000b1c                wk_gpio_config
 .text.wk_usb_app_init
                0x08000b60       0x30 build/usb_app.o
                0x08000b60                wk_usb_app_init
 .text.wk_usb_app_task
                0x08000b90       0x24 build/usb_app.o
                0x08000b90                wk_usb_app_task
 .text.wk_usbfs_irq_handler
                0x08000bb4       0x10 build/usb_app.o
                0x08000bb4                wk_usbfs_irq_handler
 .text.MC_Task_func
                0x08000bc4        0xe build/freertos_app.o
                0x08000bc4                MC_Task_func
 .text.CANCom_Task_func
                0x08000bd2        0xa build/freertos_app.o
                0x08000bd2                CANCom_Task_func
 .text.Monitor_Task_func
                0x08000bdc        0xa build/freertos_app.o
                0x08000bdc                Monitor_Task_func
 .text.Debug_Task_func
                0x08000be6        0xa build/freertos_app.o
                0x08000be6                Debug_Task_func
 .text.vApplicationGetIdleTaskMemory
                0x08000bf0       0x18 build/freertos_app.o
                0x08000bf0                vApplicationGetIdleTaskMemory
 .text.vApplicationGetTimerTaskMemory
                0x08000c08       0x18 build/freertos_app.o
                0x08000c08                vApplicationGetTimerTaskMemory
 .text.freertos_task_create
                0x08000c20       0x90 build/freertos_app.o
                0x08000c20                freertos_task_create
 .text.wk_freertos_init
                0x08000cb0       0x14 build/freertos_app.o
                0x08000cb0                wk_freertos_init
 .text.class_ept0_tx_handler
                0x08000cc4        0x4 build/winusb_class.o
 .text.class_ept0_rx_handler
                0x08000cc8        0x4 build/winusb_class.o
 .text.class_in_handler
                0x08000ccc        0xc build/winusb_class.o
 .text.class_sof_handler
                0x08000cd8        0x4 build/winusb_class.o
 .text.class_event_handler
                0x08000cdc        0x4 build/winusb_class.o
 .text.winusb_struct_init
                0x08000ce0       0x18 build/winusb_class.o
 .text.class_out_handler
                0x08000cf8       0x14 build/winusb_class.o
 .text.usbd_get_winusb_descriptor
                0x08000d0c       0x48 build/winusb_class.o
 .text.class_setup_handler
                0x08000d54       0x70 build/winusb_class.o
 .text.class_clear_handler
                0x08000dc4       0x16 build/winusb_class.o
 .text.class_init_handler
                0x08000dda       0x3a build/winusb_class.o
 .text.usb_winusb_get_rxdata
                0x08000e14       0x3c build/winusb_class.o
                0x08000e14                usb_winusb_get_rxdata
 .text.usb_winusb_send_data
                0x08000e50       0x2c build/winusb_class.o
                0x08000e50                usb_winusb_send_data
 .text.usbd_unicode_convert
                0x08000e7c       0x40 build/winusb_desc.o
 .text.usbd_int_to_unicode
                0x08000ebc       0x44 build/winusb_desc.o
 .text.get_serial_num
                0x08000f00       0x38 build/winusb_desc.o
 .text.get_device_descriptor
                0x08000f38        0x8 build/winusb_desc.o
 .text.get_device_qualifier
                0x08000f40        0x4 build/winusb_desc.o
 .text.get_device_configuration
                0x08000f44        0x8 build/winusb_desc.o
 .text.get_device_other_speed
                0x08000f4c        0x4 build/winusb_desc.o
 .text.get_device_lang_id
                0x08000f50        0x8 build/winusb_desc.o
 .text.get_device_manufacturer_string
                0x08000f58       0x24 build/winusb_desc.o
 .text.get_device_product_string
                0x08000f7c       0x24 build/winusb_desc.o
 .text.get_device_serial_string
                0x08000fa0       0x10 build/winusb_desc.o
 .text.get_device_interface_string
                0x08000fb0       0x24 build/winusb_desc.o
 .text.get_device_config_string
                0x08000fd4       0x24 build/winusb_desc.o
 .text.get_device_winusb_os_string
                0x08000ff8       0x24 build/winusb_desc.o
 .text.get_device_winusb_os_feature
                0x0800101c        0x8 build/winusb_desc.o
 .text.get_device_winusb_os_property
                0x08001024        0x8 build/winusb_desc.o
 .text.SystemInit
                0x0800102c       0x64 build/system_at32f403a_407.o
                0x0800102c                SystemInit
 .text.system_core_clock_update
                0x08001090       0xdc build/system_at32f403a_407.o
                0x08001090                system_core_clock_update
 .text.crm_reset
                0x0800116c       0x48 build/at32f403a_407_crm.o
                0x0800116c                crm_reset
 .text.crm_flag_get
                0x080011b4       0x20 build/at32f403a_407_crm.o
                0x080011b4                crm_flag_get
 .text.crm_hext_stable_wait
                0x080011d4       0x26 build/at32f403a_407_crm.o
                0x080011d4                crm_hext_stable_wait
 .text.crm_periph_clock_enable
                0x080011fa       0x38 build/at32f403a_407_crm.o
                0x080011fa                crm_periph_clock_enable
 .text.crm_periph_reset
                0x08001232       0x38 build/at32f403a_407_crm.o
                0x08001232                crm_periph_reset
 *fill*         0x0800126a        0x2 
 .text.crm_clock_source_enable
                0x0800126c       0x58 build/at32f403a_407_crm.o
                0x0800126c                crm_clock_source_enable
 .text.crm_ahb_div_set
                0x080012c4       0x10 build/at32f403a_407_crm.o
                0x080012c4                crm_ahb_div_set
 .text.crm_apb1_div_set
                0x080012d4       0x10 build/at32f403a_407_crm.o
                0x080012d4                crm_apb1_div_set
 .text.crm_apb2_div_set
                0x080012e4       0x10 build/at32f403a_407_crm.o
                0x080012e4                crm_apb2_div_set
 .text.crm_adc_clock_div_set
                0x080012f4       0x1c build/at32f403a_407_crm.o
                0x080012f4                crm_adc_clock_div_set
 .text.crm_pll_config
                0x08001310       0x60 build/at32f403a_407_crm.o
                0x08001310                crm_pll_config
 .text.crm_sysclk_switch
                0x08001370       0x38 build/at32f403a_407_crm.o
                0x08001370                crm_sysclk_switch
 .text.crm_sysclk_switch_status_get
                0x080013a8       0x10 build/at32f403a_407_crm.o
                0x080013a8                crm_sysclk_switch_status_get
 .text.crm_clocks_freq_get
                0x080013b8      0x110 build/at32f403a_407_crm.o
                0x080013b8                crm_clocks_freq_get
 .text.crm_auto_step_mode_enable
                0x080014c8       0x20 build/at32f403a_407_crm.o
                0x080014c8                crm_auto_step_mode_enable
 .text.crm_usb_interrupt_remapping_set
                0x080014e8       0x10 build/at32f403a_407_crm.o
                0x080014e8                crm_usb_interrupt_remapping_set
 .text.crm_hick_divider_select
                0x080014f8       0x10 build/at32f403a_407_crm.o
                0x080014f8                crm_hick_divider_select
 .text.crm_hick_sclk_frequency_select
                0x08001508       0x1c build/at32f403a_407_crm.o
                0x08001508                crm_hick_sclk_frequency_select
 .text.crm_usb_clock_source_select
                0x08001524       0x20 build/at32f403a_407_crm.o
                0x08001524                crm_usb_clock_source_select
 .text.tmr_counter_enable
                0x08001544        0xa build/at32f403a_407_tmr.o
                0x08001544                tmr_counter_enable
 .text.tmr_base_init
                0x0800154e        0xe build/at32f403a_407_tmr.o
                0x0800154e                tmr_base_init
 .text.tmr_clock_source_div_set
                0x0800155c        0xa build/at32f403a_407_tmr.o
                0x0800155c                tmr_clock_source_div_set
 .text.tmr_cnt_dir_set
                0x08001566        0xa build/at32f403a_407_tmr.o
                0x08001566                tmr_cnt_dir_set
 .text.tmr_repetition_counter_set
                0x08001570        0xa build/at32f403a_407_tmr.o
                0x08001570                tmr_repetition_counter_set
 .text.tmr_output_channel_config
                0x0800157a      0x118 build/at32f403a_407_tmr.o
                0x0800157a                tmr_output_channel_config
 .text.tmr_channel_value_set
                0x08001692       0x24 build/at32f403a_407_tmr.o
                0x08001692                tmr_channel_value_set
 .text.tmr_period_buffer_enable
                0x080016b6        0xa build/at32f403a_407_tmr.o
                0x080016b6                tmr_period_buffer_enable
 .text.tmr_output_channel_buffer_enable
                0x080016c0       0x3c build/at32f403a_407_tmr.o
                0x080016c0                tmr_output_channel_buffer_enable
 .text.tmr_output_channel_immediately_set
                0x080016fc       0x3c build/at32f403a_407_tmr.o
                0x080016fc                tmr_output_channel_immediately_set
 .text.tmr_primary_mode_select
                0x08001738        0xa build/at32f403a_407_tmr.o
                0x08001738                tmr_primary_mode_select
 .text.tmr_sub_sync_mode_set
                0x08001742        0xa build/at32f403a_407_tmr.o
                0x08001742                tmr_sub_sync_mode_set
 .text.tmr_output_enable
                0x0800174c        0xa build/at32f403a_407_tmr.o
                0x0800174c                tmr_output_enable
 .text.tmr_brkdt_config
                0x08001756       0x48 build/at32f403a_407_tmr.o
                0x08001756                tmr_brkdt_config
 .text.gpio_init
                0x0800179e       0xb8 build/at32f403a_407_gpio.o
                0x0800179e                gpio_init
 .text.gpio_default_para_init
                0x08001856       0x16 build/at32f403a_407_gpio.o
                0x08001856                gpio_default_para_init
 .text.gpio_bits_reset
                0x0800186c        0x4 build/at32f403a_407_gpio.o
                0x0800186c                gpio_bits_reset
 .text.gpio_pin_remap_config
                0x08001870       0x4a build/at32f403a_407_gpio.o
                0x08001870                gpio_pin_remap_config
 *fill*         0x080018ba        0x2 
 .text.adc_reset
                0x080018bc       0x64 build/at32f403a_407_adc.o
                0x080018bc                adc_reset
 .text.adc_enable
                0x08001920        0xa build/at32f403a_407_adc.o
                0x08001920                adc_enable
 *fill*         0x0800192a        0x2 
 .text.adc_combine_mode_select
                0x0800192c       0x10 build/at32f403a_407_adc.o
                0x0800192c                adc_combine_mode_select
 .text.adc_base_default_para_init
                0x0800193c        0xe build/at32f403a_407_adc.o
                0x0800193c                adc_base_default_para_init
 .text.adc_base_config
                0x0800194a       0x2c build/at32f403a_407_adc.o
                0x0800194a                adc_base_config
 .text.adc_dma_mode_enable
                0x08001976        0xa build/at32f403a_407_adc.o
                0x08001976                adc_dma_mode_enable
 .text.adc_calibration_init
                0x08001980        0xa build/at32f403a_407_adc.o
                0x08001980                adc_calibration_init
 .text.adc_calibration_init_status_get
                0x0800198a       0x10 build/at32f403a_407_adc.o
                0x0800198a                adc_calibration_init_status_get
 .text.adc_calibration_start
                0x0800199a        0xa build/at32f403a_407_adc.o
                0x0800199a                adc_calibration_start
 .text.adc_calibration_status_get
                0x080019a4       0x10 build/at32f403a_407_adc.o
                0x080019a4                adc_calibration_status_get
 .text.adc_ordinary_channel_set
                0x080019b4       0xa4 build/at32f403a_407_adc.o
                0x080019b4                adc_ordinary_channel_set
 .text.adc_ordinary_conversion_trigger_set
                0x08001a58       0x30 build/at32f403a_407_adc.o
                0x08001a58                adc_ordinary_conversion_trigger_set
 .text.adc_ordinary_part_mode_enable
                0x08001a88        0xa build/at32f403a_407_adc.o
                0x08001a88                adc_ordinary_part_mode_enable
 .text.spi_default_para_init
                0x08001a92       0x16 build/at32f403a_407_spi.o
                0x08001a92                spi_default_para_init
 .text.spi_init
                0x08001aa8      0x108 build/at32f403a_407_spi.o
                0x08001aa8                spi_init
 .text.spi_hardware_cs_output_enable
                0x08001bb0        0xa build/at32f403a_407_spi.o
                0x08001bb0                spi_hardware_cs_output_enable
 .text.spi_enable
                0x08001bba        0xa build/at32f403a_407_spi.o
                0x08001bba                spi_enable
 .text.dma_reset
                0x08001bc4       0x78 build/at32f403a_407_dma.o
                0x08001bc4                dma_reset
 .text.dma_interrupt_enable
                0x08001c3c       0x14 build/at32f403a_407_dma.o
                0x08001c3c                dma_interrupt_enable
 .text.dma_channel_enable
                0x08001c50        0xa build/at32f403a_407_dma.o
                0x08001c50                dma_channel_enable
 .text.dma_flexible_config
                0x08001c5a       0x96 build/at32f403a_407_dma.o
                0x08001c5a                dma_flexible_config
 .text.dma_interrupt_flag_get
                0x08001cf0       0x24 build/at32f403a_407_dma.o
                0x08001cf0                dma_interrupt_flag_get
 .text.dma_flag_clear
                0x08001d14       0x20 build/at32f403a_407_dma.o
                0x08001d14                dma_flag_clear
 .text.dma_default_para_init
                0x08001d34       0x1c build/at32f403a_407_dma.o
                0x08001d34                dma_default_para_init
 .text.dma_init
                0x08001d50       0x62 build/at32f403a_407_dma.o
                0x08001d50                dma_init
 *fill*         0x08001db2        0x2 
 .text.__NVIC_EnableIRQ
                0x08001db4       0x1c build/at32f403a_407_misc.o
 .text.__NVIC_SetPriority
                0x08001dd0       0x28 build/at32f403a_407_misc.o
 .text.NVIC_EncodePriority
                0x08001df8       0x46 build/at32f403a_407_misc.o
 *fill*         0x08001e3e        0x2 
 .text.nvic_irq_enable
                0x08001e40       0x24 build/at32f403a_407_misc.o
                0x08001e40                nvic_irq_enable
 .text.nvic_priority_group_config
                0x08001e64       0x24 build/at32f403a_407_misc.o
                0x08001e64                nvic_priority_group_config
 .text.usb_connect
                0x08001e88       0x12 build/at32f403a_407_usb.o
                0x08001e88                usb_connect
 *fill*         0x08001e9a        0x2 
 .text.usb_ept_open
                0x08001e9c      0x418 build/at32f403a_407_usb.o
                0x08001e9c                usb_ept_open
 .text.usb_ept_close
                0x080022b4      0x198 build/at32f403a_407_usb.o
                0x080022b4                usb_ept_close
 .text.usb_write_packet
                0x0800244c       0x24 build/at32f403a_407_usb.o
                0x0800244c                usb_write_packet
 .text.usb_read_packet
                0x08002470       0x24 build/at32f403a_407_usb.o
                0x08002470                usb_read_packet
 .text.usb_interrupt_enable
                0x08002494       0x16 build/at32f403a_407_usb.o
                0x08002494                usb_interrupt_enable
 .text.usb_dev_init
                0x080024aa       0x20 build/at32f403a_407_usb.o
                0x080024aa                usb_dev_init
 .text.usb_set_address
                0x080024ca       0x12 build/at32f403a_407_usb.o
                0x080024ca                usb_set_address
 .text.usb_enter_suspend
                0x080024dc       0x12 build/at32f403a_407_usb.o
                0x080024dc                usb_enter_suspend
 .text.usb_exit_suspend
                0x080024ee       0x12 build/at32f403a_407_usb.o
                0x080024ee                usb_exit_suspend
 .text.usb_buffer_malloc
                0x08002500       0x10 build/at32f403a_407_usb.o
                0x08002500                usb_buffer_malloc
 .text.usb_buffer_free
                0x08002510        0xc build/at32f403a_407_usb.o
                0x08002510                usb_buffer_free
 .text.usb_flag_clear
                0x0800251c        0x6 build/at32f403a_407_usb.o
                0x0800251c                usb_flag_clear
 *fill*         0x08002522        0x2 
 .text.acc_calibration_mode_enable
                0x08002524       0x28 build/at32f403a_407_acc.o
                0x08002524                acc_calibration_mode_enable
 .text.acc_write_c1
                0x0800254c        0xc build/at32f403a_407_acc.o
                0x0800254c                acc_write_c1
 .text.acc_write_c2
                0x08002558        0xc build/at32f403a_407_acc.o
                0x08002558                acc_write_c2
 .text.acc_write_c3
                0x08002564        0xc build/at32f403a_407_acc.o
                0x08002564                acc_write_c3
 .text.can_baudrate_set
                0x08002570       0x8a build/at32f403a_407_can.o
                0x08002570                can_baudrate_set
 .text.can_default_para_init
                0x080025fa       0x12 build/at32f403a_407_can.o
                0x080025fa                can_default_para_init
 .text.can_base_init
                0x0800260c       0xb4 build/at32f403a_407_can.o
                0x0800260c                can_base_init
 .text.can_filter_init
                0x080026c0      0x14e build/at32f403a_407_can.o
                0x080026c0                can_filter_init
 .text.usbd_core_setup_handler
                0x0800280e       0x48 build/usbd_core.o
                0x0800280e                usbd_core_setup_handler
 *fill*         0x08002856        0x2 
 .text.usbd_clear_stall
                0x08002858       0xa8 build/usbd_core.o
                0x08002858                usbd_clear_stall
 .text.usbd_set_stall
                0x08002900       0x78 build/usbd_core.o
                0x08002900                usbd_set_stall
 .text.usbd_ctrl_unsupport
                0x08002978       0x14 build/usbd_core.o
                0x08002978                usbd_ctrl_unsupport
 .text.usbd_ept_send
                0x0800298c       0xfc build/usbd_core.o
                0x0800298c                usbd_ept_send
 .text.usbd_ctrl_send
                0x08002a88       0x18 build/usbd_core.o
                0x08002a88                usbd_ctrl_send
 .text.usbd_ctrl_send_status
                0x08002aa0       0x14 build/usbd_core.o
                0x08002aa0                usbd_ctrl_send_status
 .text.usbd_ept_recv
                0x08002ab4       0x58 build/usbd_core.o
                0x08002ab4                usbd_ept_recv
 .text.usbd_core_out_handler
                0x08002b0c       0x76 build/usbd_core.o
                0x08002b0c                usbd_core_out_handler
 .text.usbd_ctrl_recv_status
                0x08002b82       0x14 build/usbd_core.o
                0x08002b82                usbd_ctrl_recv_status
 .text.usbd_core_in_handler
                0x08002b96       0xc0 build/usbd_core.o
                0x08002b96                usbd_core_in_handler
 .text.usbd_get_recv_len
                0x08002c56        0xe build/usbd_core.o
                0x08002c56                usbd_get_recv_len
 .text.usbd_ept_buf_auto_define
                0x08002c64       0x48 build/usbd_core.o
                0x08002c64                usbd_ept_buf_auto_define
 .text.usbd_ept_open
                0x08002cac       0x54 build/usbd_core.o
                0x08002cac                usbd_ept_open
 .text.usbd_ept_close
                0x08002d00       0x2c build/usbd_core.o
                0x08002d00                usbd_ept_close
 .text.usbd_connect
                0x08002d2c        0xa build/usbd_core.o
                0x08002d2c                usbd_connect
 .text.usbd_enter_suspend
                0x08002d36        0xa build/usbd_core.o
                0x08002d36                usbd_enter_suspend
 .text.usbd_ept_defaut_init
                0x08002d40       0x58 build/usbd_core.o
                0x08002d40                usbd_ept_defaut_init
 .text.usbd_core_init
                0x08002d98       0x1c build/usbd_core.o
                0x08002d98                usbd_core_init
 .text.usbd_eptn_handler
                0x08002db4      0x1d4 build/usbd_int.o
                0x08002db4                usbd_eptn_handler
 .text.usbd_ept_loop_handler
                0x08002f88       0x1c build/usbd_int.o
                0x08002f88                usbd_ept_loop_handler
 .text.usbd_reset_handler
                0x08002fa4       0x42 build/usbd_int.o
                0x08002fa4                usbd_reset_handler
 .text.usbd_sof_handler
                0x08002fe6        0xc build/usbd_int.o
                0x08002fe6                usbd_sof_handler
 .text.usbd_suspend_handler
                0x08002ff2       0x24 build/usbd_int.o
                0x08002ff2                usbd_suspend_handler
 .text.usbd_wakeup_handler
                0x08003016       0x20 build/usbd_int.o
                0x08003016                usbd_wakeup_handler
 .text.usbd_irq_handler
                0x08003036       0xa2 build/usbd_int.o
                0x08003036                usbd_irq_handler
 .text.usbd_get_status
                0x080030d8       0x32 build/usbd_sdr.o
 .text.usbd_get_descriptor
                0x0800310a       0xd2 build/usbd_sdr.o
 .text.usbd_get_configuration
                0x080031dc       0x42 build/usbd_sdr.o
 .text.usbd_clear_feature
                0x0800321e       0x42 build/usbd_sdr.o
 .text.usbd_set_feature
                0x08003260       0x2a build/usbd_sdr.o
 .text.usbd_set_address
                0x0800328a       0x46 build/usbd_sdr.o
 .text.usbd_set_configuration
                0x080032d0       0xa4 build/usbd_sdr.o
 .text.usbd_setup_request_parse
                0x08003374       0x28 build/usbd_sdr.o
                0x08003374                usbd_setup_request_parse
 .text.usbd_device_request
                0x0800339c       0x6a build/usbd_sdr.o
                0x0800339c                usbd_device_request
 .text.usbd_interface_request
                0x08003406       0x36 build/usbd_sdr.o
                0x08003406                usbd_interface_request
 .text.usbd_endpoint_request
                0x0800343c      0x150 build/usbd_sdr.o
                0x0800343c                usbd_endpoint_request
 .text.vListInitialise
                0x0800358c       0x16 build/list.o
                0x0800358c                vListInitialise
 .text.vListInitialiseItem
                0x080035a2        0x6 build/list.o
                0x080035a2                vListInitialiseItem
 .text.vListInsertEnd
                0x080035a8       0x16 build/list.o
                0x080035a8                vListInsertEnd
 .text.vListInsert
                0x080035be       0x38 build/list.o
                0x080035be                vListInsert
 .text.uxListRemove
                0x080035f6       0x26 build/list.o
                0x080035f6                uxListRemove
 .text.prvIsQueueFull
                0x0800361c       0x1e build/queue.o
 .text.prvIsQueueEmpty
                0x0800363a       0x1e build/queue.o
 .text.prvCopyDataToQueue
                0x08003658       0x76 build/queue.o
 .text.prvCopyDataFromQueue
                0x080036ce       0x24 build/queue.o
 .text.prvUnlockQueue
                0x080036f2       0x6e build/queue.o
 .text.xQueueGenericReset
                0x08003760       0x84 build/queue.o
                0x08003760                xQueueGenericReset
 .text.prvInitialiseNewQueue
                0x080037e4       0x22 build/queue.o
 .text.xQueueGenericCreateStatic
                0x08003806       0x94 build/queue.o
                0x08003806                xQueueGenericCreateStatic
 .text.xQueueGenericSend
                0x0800389a      0x188 build/queue.o
                0x0800389a                xQueueGenericSend
 .text.xQueueGenericSendFromISR
                0x08003a22       0xe8 build/queue.o
                0x08003a22                xQueueGenericSendFromISR
 .text.xQueueReceive
                0x08003b0a      0x15e build/queue.o
                0x08003b0a                xQueueReceive
 .text.vQueueAddToRegistry
                0x08003c68       0x28 build/queue.o
                0x08003c68                vQueueAddToRegistry
 .text.vQueueWaitForMessageRestricted
                0x08003c90       0x52 build/queue.o
                0x08003c90                vQueueWaitForMessageRestricted
 *fill*         0x08003ce2        0x2 
 .text.prvResetNextTaskUnblockTime
                0x08003ce4       0x28 build/tasks.o
 .text.prvInitialiseNewTask
                0x08003d0c       0x9a build/tasks.o
 *fill*         0x08003da6        0x2 
 .text.prvInitialiseTaskLists
                0x08003da8       0x68 build/tasks.o
 .text.prvAddNewTaskToReadyList
                0x08003e10       0xac build/tasks.o
 .text.prvDeleteTCB
                0x08003ebc       0x38 build/tasks.o
 .text.prvCheckTasksWaitingTermination
                0x08003ef4       0x4c build/tasks.o
 .text.prvIdleTask
                0x08003f40       0x28 build/tasks.o
 .text.prvAddCurrentTaskToDelayedList
                0x08003f68       0x7c build/tasks.o
 .text.xTaskCreateStatic
                0x08003fe4       0x80 build/tasks.o
                0x08003fe4                xTaskCreateStatic
 .text.xTaskCreate
                0x08004064       0x62 build/tasks.o
                0x08004064                xTaskCreate
 *fill*         0x080040c6        0x2 
 .text.vTaskStartScheduler
                0x080040c8       0xa0 build/tasks.o
                0x080040c8                vTaskStartScheduler
 .text.vTaskSuspendAll
                0x08004168       0x10 build/tasks.o
                0x08004168                vTaskSuspendAll
 .text.xTaskGetTickCount
                0x08004178        0xc build/tasks.o
                0x08004178                xTaskGetTickCount
 .text.xTaskIncrementTick
                0x08004184      0x124 build/tasks.o
                0x08004184                xTaskIncrementTick
 .text.xTaskResumeAll
                0x080042a8       0xf8 build/tasks.o
                0x080042a8                xTaskResumeAll
 .text.vTaskDelay
                0x080043a0       0x4c build/tasks.o
                0x080043a0                vTaskDelay
 .text.vTaskSwitchContext
                0x080043ec       0x98 build/tasks.o
                0x080043ec                vTaskSwitchContext
 .text.vTaskPlaceOnEventList
                0x08004484       0x30 build/tasks.o
                0x08004484                vTaskPlaceOnEventList
 .text.vTaskPlaceOnEventListRestricted
                0x080044b4       0x3c build/tasks.o
                0x080044b4                vTaskPlaceOnEventListRestricted
 .text.xTaskRemoveFromEventList
                0x080044f0       0x90 build/tasks.o
                0x080044f0                xTaskRemoveFromEventList
 .text.vTaskInternalSetTimeOutState
                0x08004580       0x18 build/tasks.o
                0x08004580                vTaskInternalSetTimeOutState
 .text.xTaskCheckForTimeOut
                0x08004598       0x8c build/tasks.o
                0x08004598                xTaskCheckForTimeOut
 .text.vTaskMissedYield
                0x08004624        0xc build/tasks.o
                0x08004624                vTaskMissedYield
 .text.xTaskGetSchedulerState
                0x08004630       0x20 build/tasks.o
                0x08004630                xTaskGetSchedulerState
 .text.xTaskPriorityDisinherit
                0x08004650       0x90 build/tasks.o
                0x08004650                xTaskPriorityDisinherit
 .text.prvGetNextExpireTime
                0x080046e0       0x20 build/timers.o
 .text.prvInsertTimerInActiveList
                0x08004700       0x48 build/timers.o
 .text.prvCheckForValidListAndQueue
                0x08004748       0x70 build/timers.o
 .text.xTimerCreateTimerTask
                0x080047b8       0x64 build/timers.o
                0x080047b8                xTimerCreateTimerTask
 .text.xTimerGenericCommand
                0x0800481c       0x68 build/timers.o
                0x0800481c                xTimerGenericCommand
 .text.prvSwitchTimerLists
                0x08004884       0x7c build/timers.o
 .text.prvSampleTimeNow
                0x08004900       0x2c build/timers.o
 .text.prvProcessExpiredTimer
                0x0800492c       0x6c build/timers.o
 .text.prvProcessTimerOrBlockTask
                0x08004998       0x78 build/timers.o
 .text.prvProcessReceivedCommands
                0x08004a10      0x124 build/timers.o
 .text.prvTimerTask
                0x08004b34       0x16 build/timers.o
 *fill*         0x08004b4a        0x2 
 .text.prvTaskExitError
                0x08004b4c       0x40 build/port.o
 .text.prvPortStartFirstTask
                0x08004b8c       0x28 build/port.o
 .text.vPortEnableVFP
                0x08004bb4       0x14 build/port.o
 .text.pxPortInitialiseStack
                0x08004bc8       0x2c build/port.o
                0x08004bc8                pxPortInitialiseStack
 *fill*         0x08004bf4        0xc 
 .text.SVC_Handler
                0x08004c00       0x24 build/port.o
                0x08004c00                SVC_Handler
 .text.vPortEnterCritical
                0x08004c24       0x44 build/port.o
                0x08004c24                vPortEnterCritical
 .text.vPortExitCritical
                0x08004c68       0x2c build/port.o
                0x08004c68                vPortExitCritical
 *fill*         0x08004c94        0xc 
 .text.PendSV_Handler
                0x08004ca0       0x64 build/port.o
                0x08004ca0                PendSV_Handler
 .text.xPortSysTickHandler
                0x08004d04       0x2c build/port.o
                0x08004d04                xPortSysTickHandler
 .text.vPortSetupTimerInterrupt
                0x08004d30       0x28 build/port.o
                0x08004d30                vPortSetupTimerInterrupt
 .text.xPortStartScheduler
                0x08004d58      0x11c build/port.o
                0x08004d58                xPortStartScheduler
 .text.vPortValidateInterruptPriority
                0x08004e74       0x5c build/port.o
                0x08004e74                vPortValidateInterruptPriority
 .text.prvHeapInit
                0x08004ed0       0x64 build/heap_4.o
 .text.prvInsertBlockIntoFreeList
                0x08004f34       0x5c build/heap_4.o
 .text.pvPortMalloc
                0x08004f90      0x110 build/heap_4.o
                0x08004f90                pvPortMalloc
 .text.vPortFree
                0x080050a0       0x80 build/heap_4.o
                0x080050a0                vPortFree
 .text.Reset_Handler
                0x08005120       0x48 build/startup_at32f403a_407.o
                0x08005120                Reset_Handler
 .text.Default_Handler
                0x08005168        0x2 build/startup_at32f403a_407.o
                0x08005168                SDIO1_IRQHandler
                0x08005168                XMC_IRQHandler
                0x08005168                EXINT2_IRQHandler
                0x08005168                USBFS_L_CAN1_RX0_IRQHandler
                0x08005168                UART8_IRQHandler
                0x08005168                SPI4_IRQHandler
                0x08005168                I2C2_EVT_IRQHandler
                0x08005168                TMR8_TRG_HALL_TMR14_IRQHandler
                0x08005168                USBFS_H_CAN1_TX_IRQHandler
                0x08005168                I2C1_ERR_IRQHandler
                0x08005168                EXINT9_5_IRQHandler
                0x08005168                EMAC_IRQHandler
                0x08005168                CAN2_RX1_IRQHandler
                0x08005168                TMR5_GLOBAL_IRQHandler
                0x08005168                SDIO2_IRQHandler
                0x08005168                ADC1_2_IRQHandler
                0x08005168                TAMPER_IRQHandler
                0x08005168                CAN2_RX0_IRQHandler
                0x08005168                DMA2_Channel2_IRQHandler
                0x08005168                DMA1_Channel4_IRQHandler
                0x08005168                TMR8_CH_IRQHandler
                0x08005168                USART6_IRQHandler
                0x08005168                EXINT0_IRQHandler
                0x08005168                USART3_IRQHandler
                0x08005168                RTC_IRQHandler
                0x08005168                DMA1_Channel7_IRQHandler
                0x08005168                CAN1_RX1_IRQHandler
                0x08005168                UART5_IRQHandler
                0x08005168                ADC3_IRQHandler
                0x08005168                ACC_IRQHandler
                0x08005168                EMAC_WKUP_IRQHandler
                0x08005168                DMA2_Channel1_IRQHandler
                0x08005168                EXINT3_IRQHandler
                0x08005168                DMA1_Channel6_IRQHandler
                0x08005168                UART4_IRQHandler
                0x08005168                Default_Handler
                0x08005168                USBFS_MAPH_IRQHandler
                0x08005168                TMR3_GLOBAL_IRQHandler
                0x08005168                TMR7_GLOBAL_IRQHandler
                0x08005168                CAN1_SE_IRQHandler
                0x08005168                CAN2_TX_IRQHandler
                0x08005168                I2C3_ERR_IRQHandler
                0x08005168                SPI3_I2S3EXT_IRQHandler
                0x08005168                TMR8_BRK_TMR12_IRQHandler
                0x08005168                DMA1_Channel5_IRQHandler
                0x08005168                TMR4_GLOBAL_IRQHandler
                0x08005168                EXINT4_IRQHandler
                0x08005168                CAN2_SE_IRQHandler
                0x08005168                DMA2_Channel6_7_IRQHandler
                0x08005168                PVM_IRQHandler
                0x08005168                I2C3_EVT_IRQHandler
                0x08005168                DMA1_Channel3_IRQHandler
                0x08005168                I2C1_EVT_IRQHandler
                0x08005168                TMR8_OVF_TMR13_IRQHandler
                0x08005168                TMR6_GLOBAL_IRQHandler
                0x08005168                EXINT1_IRQHandler
                0x08005168                RTCAlarm_IRQHandler
                0x08005168                DMA2_Channel4_5_IRQHandler
                0x08005168                UART7_IRQHandler
                0x08005168                USART2_IRQHandler
                0x08005168                DMA1_Channel2_IRQHandler
                0x08005168                TMR2_GLOBAL_IRQHandler
                0x08005168                FLASH_IRQHandler
                0x08005168                SPI2_I2S2EXT_IRQHandler
                0x08005168                I2C2_ERR_IRQHandler
                0x08005168                USBFSWakeUp_IRQHandler
                0x08005168                USART1_IRQHandler
                0x08005168                TMR1_CH_IRQHandler
                0x08005168                CRM_IRQHandler
                0x08005168                EXINT15_10_IRQHandler
                0x08005168                WWDT_IRQHandler
                0x08005168                DMA2_Channel3_IRQHandler
 .text.memset   0x0800516a       0x10 C:/Program Files (x86)/Arm/GNU Toolchain mingw-w64-i686-arm-none-eabi/bin/../lib/gcc/arm-none-eabi/15.2.1/../../../../arm-none-eabi/lib/thumb/v7e-m+fp/hard\libc_nano.a(libc_a-memset.o)
                0x0800516a                memset
 *fill*         0x0800517a        0x2 
 .text.__libc_init_array
                0x0800517c       0x48 C:/Program Files (x86)/Arm/GNU Toolchain mingw-w64-i686-arm-none-eabi/bin/../lib/gcc/arm-none-eabi/15.2.1/../../../../arm-none-eabi/lib/thumb/v7e-m+fp/hard\libc_nano.a(libc_a-init.o)
                0x0800517c                __libc_init_array
 .text.memcpy   0x080051c4       0x1c C:/Program Files (x86)/Arm/GNU Toolchain mingw-w64-i686-arm-none-eabi/bin/../lib/gcc/arm-none-eabi/15.2.1/../../../../arm-none-eabi/lib/thumb/v7e-m+fp/hard\libc_nano.a(libc_a-memcpy-stub.o)
                0x080051c4                memcpy
 *(.glue_7)
 .glue_7        0x080051e0        0x0 linker stubs
 *(.glue_7t)
 .glue_7t       0x080051e0        0x0 linker stubs
 *(.eh_frame)
 .eh_frame      0x080051e0        0x0 C:/Program Files (x86)/Arm/GNU Toolchain mingw-w64-i686-arm-none-eabi/bin/../lib/gcc/arm-none-eabi/15.2.1/thumb/v7e-m+fp/hard/crtbegin.o
 *(.init)
 .init          0x080051e0        0x4 C:/Program Files (x86)/Arm/GNU Toolchain mingw-w64-i686-arm-none-eabi/bin/../lib/gcc/arm-none-eabi/15.2.1/thumb/v7e-m+fp/hard/crti.o
                0x080051e0                _init
 .init          0x080051e4        0x8 C:/Program Files (x86)/Arm/GNU Toolchain mingw-w64-i686-arm-none-eabi/bin/../lib/gcc/arm-none-eabi/15.2.1/thumb/v7e-m+fp/hard/crtn.o
 *(.fini)
 .fini          0x080051ec        0x4 C:/Program Files (x86)/Arm/GNU Toolchain mingw-w64-i686-arm-none-eabi/bin/../lib/gcc/arm-none-eabi/15.2.1/thumb/v7e-m+fp/hard/crti.o
                0x080051ec                _fini
 .fini          0x080051f0        0x8 C:/Program Files (x86)/Arm/GNU Toolchain mingw-w64-i686-arm-none-eabi/bin/../lib/gcc/arm-none-eabi/15.2.1/thumb/v7e-m+fp/hard/crtn.o
                0x080051f8                        . = ALIGN (0x4)
                0x080051f8                        _etext = .

.vfp11_veneer   0x080051f8        0x0
 .vfp11_veneer  0x080051f8        0x0 linker stubs

.v4_bx          0x080051f8        0x0
 .v4_bx         0x080051f8        0x0 linker stubs

.iplt           0x080051f8        0x0
 .iplt          0x080051f8        0x0 C:/Program Files (x86)/Arm/GNU Toolchain mingw-w64-i686-arm-none-eabi/bin/../lib/gcc/arm-none-eabi/15.2.1/thumb/v7e-m+fp/hard/crtbegin.o

.rodata         0x080051f8       0xc4
                0x080051f8                        . = ALIGN (0x4)
 *(.rodata)
 *(.rodata*)
 .rodata.freertos_task_create.str1.4
                0x080051f8       0x80 build/freertos_app.o
                                 0x2f (size before relaxing)
 .rodata.get_device_manufacturer_string.str1.4
                0x08005278        0x0 build/winusb_desc.o
                                  0x7 (size before relaxing)
 .rodata.get_device_product_string.str1.4
                0x08005278        0x0 build/winusb_desc.o
                                  0xc (size before relaxing)
 .rodata.get_device_interface_string.str1.4
                0x08005278        0x0 build/winusb_desc.o
                                 0x11 (size before relaxing)
 .rodata.get_device_config_string.str1.4
                0x08005278        0x0 build/winusb_desc.o
                                  0xe (size before relaxing)
 .rodata.winusb_os_string
                0x08005278        0x8 build/winusb_desc.o
                0x08005278                winusb_os_string
 .rodata.sys_ahb_div_table.0
                0x08005280       0x10 build/system_at32f403a_407.o
 .rodata.adc_div_table.0
                0x08005290        0x8 build/at32f403a_407_crm.o
 .rodata.ahb_apb2_div_table.1
                0x08005298        0x8 build/at32f403a_407_crm.o
 .rodata.ahb_apb1_div_table.2
                0x080052a0        0x8 build/at32f403a_407_crm.o
 .rodata.sclk_ahb_div_table.3
                0x080052a8       0x10 build/at32f403a_407_crm.o
 .rodata.vTaskStartScheduler.str1.4
                0x080052b8        0x0 build/tasks.o
                                  0x5 (size before relaxing)
 .rodata.uxTopUsedPriority
                0x080052b8        0x4 build/tasks.o
                0x080052b8                uxTopUsedPriority
 .rodata.prvCheckForValidListAndQueue.str1.4
                0x080052bc        0x0 build/timers.o
                                  0x5 (size before relaxing)
 .rodata.xTimerCreateTimerTask.str1.4
                0x080052bc        0x0 build/timers.o
                                  0x8 (size before relaxing)
                0x080052bc                        . = ALIGN (0x4)

.rel.dyn        0x080052bc        0x0
 .rel.iplt      0x080052bc        0x0 C:/Program Files (x86)/Arm/GNU Toolchain mingw-w64-i686-arm-none-eabi/bin/../lib/gcc/arm-none-eabi/15.2.1/thumb/v7e-m+fp/hard/crtbegin.o

.ARM.extab
 *(.ARM.extab* .gnu.linkonce.armextab.*)

.ARM            0x080052bc        0x0
                0x080052bc                        __exidx_start = .
 *(.ARM.exidx*)
                0x080052bc                        __exidx_end = .

.preinit_array  0x080052bc        0x0
                0x080052bc                        PROVIDE (__preinit_array_start = .)
 *(.preinit_array*)
                0x080052bc                        PROVIDE (__preinit_array_end = .)

.init_array     0x080052bc        0x4
                0x080052bc                        PROVIDE (__init_array_start = .)
 *(SORT_BY_NAME(.init_array.*))
 *(.init_array*)
 .init_array    0x080052bc        0x4 C:/Program Files (x86)/Arm/GNU Toolchain mingw-w64-i686-arm-none-eabi/bin/../lib/gcc/arm-none-eabi/15.2.1/thumb/v7e-m+fp/hard/crtbegin.o
                0x080052c0                        PROVIDE (__init_array_end = .)

.fini_array     0x080052c0        0x4
                [!provide]                        PROVIDE (__fini_array_start = .)
 *(SORT_BY_NAME(.fini_array.*))
 *(.fini_array*)
 .fini_array    0x080052c0        0x4 C:/Program Files (x86)/Arm/GNU Toolchain mingw-w64-i686-arm-none-eabi/bin/../lib/gcc/arm-none-eabi/15.2.1/thumb/v7e-m+fp/hard/crtbegin.o
                [!provide]                        PROVIDE (__fini_array_end = .)
                0x080052c4                        _sidata = LOADADDR (.data)

.data           0x20000000      0x1a8 load address 0x080052c4
                0x20000000                        . = ALIGN (0x4)
                0x20000000                        _sdata = .
 *(.data)
 *(.data*)
 .data.winusb_class_handler
                0x20000000       0x28 build/winusb_class.o
                0x20000000                winusb_class_handler
 .data.winusb_os_property_descriptor
                0x20000028        0x8 build/winusb_desc.o
 .data.winusb_os_feature_descriptor
                0x20000030        0x8 build/winusb_desc.o
 .data.g_usbd_winusb_os_property
                0x20000038       0x8e build/winusb_desc.o
 *fill*         0x200000c6        0x2 
 .data.g_usbd_winusb_os_feature
                0x200000c8       0x28 build/winusb_desc.o
 .data.serial_descriptor
                0x200000f0        0x8 build/winusb_desc.o
 .data.langid_descriptor
                0x200000f8        0x8 build/winusb_desc.o
 .data.config_descriptor
                0x20000100        0x8 build/winusb_desc.o
 .data.device_descriptor
                0x20000108        0x8 build/winusb_desc.o
 .data.g_string_serial
                0x20000110       0x1a build/winusb_desc.o
 *fill*         0x2000012a        0x2 
 .data.g_string_lang_id
                0x2000012c        0x4 build/winusb_desc.o
 .data.g_usbd_configuration
                0x20000130       0x20 build/winusb_desc.o
 .data.g_usbd_descriptor
                0x20000150       0x12 build/winusb_desc.o
 *fill*         0x20000162        0x2 
 .data.winusb_desc_handler
                0x20000164       0x34 build/winusb_desc.o
                0x20000164                winusb_desc_handler
 .data.system_core_clock
                0x20000198        0x4 build/system_at32f403a_407.o
                0x20000198                system_core_clock
 .data.g_usb_offset_addr
                0x2000019c        0x2 build/at32f403a_407_usb.o
 *fill*         0x2000019e        0x2 
 .data.g_usb_packet_address
                0x200001a0        0x4 build/at32f403a_407_usb.o
                0x200001a0                g_usb_packet_address
 .data.uxCriticalNesting
                0x200001a4        0x4 build/port.o
                0x200001a8                        . = ALIGN (0x4)
                0x200001a8                        _edata = .
                0x08400000                        _spim_init_base = LOADADDR (.spim)
                0x00000000                        _spim_init_length = SIZEOF (.spim)

.tm_clone_table
                0x200001a8        0x0 load address 0x0800546c
 .tm_clone_table
                0x200001a8        0x0 C:/Program Files (x86)/Arm/GNU Toolchain mingw-w64-i686-arm-none-eabi/bin/../lib/gcc/arm-none-eabi/15.2.1/thumb/v7e-m+fp/hard/crtbegin.o
 .tm_clone_table
                0x200001a8        0x0 C:/Program Files (x86)/Arm/GNU Toolchain mingw-w64-i686-arm-none-eabi/bin/../lib/gcc/arm-none-eabi/15.2.1/thumb/v7e-m+fp/hard/crtend.o

.igot.plt       0x200001a8        0x0 load address 0x0800546c
 .igot.plt      0x200001a8        0x0 C:/Program Files (x86)/Arm/GNU Toolchain mingw-w64-i686-arm-none-eabi/bin/../lib/gcc/arm-none-eabi/15.2.1/thumb/v7e-m+fp/hard/crtbegin.o

.spim           0x08400000        0x0
                0x08400000                        . = ALIGN (0x4)
                0x08400000                        _spim_start = .
 *(.spim)
 *(.spim*)
                0x08400000                        . = ALIGN (0x4)
                0x08400000                        _spim_end = .
                0x08400000                        . = ALIGN (0x4)

.bss            0x200001a8     0x37e8
                0x200001a8                        _sbss = .
                0x200001a8                        __bss_start__ = _sbss
 *(.bss)
 *(.bss*)
 .bss.completed.1
                0x200001a8        0x1 C:/Program Files (x86)/Arm/GNU Toolchain mingw-w64-i686-arm-none-eabi/bin/../lib/gcc/arm-none-eabi/15.2.1/thumb/v7e-m+fp/hard/crtbegin.o
 *fill*         0x200001a9        0x3 
 .bss.object.0  0x200001ac       0x18 C:/Program Files (x86)/Arm/GNU Toolchain mingw-w64-i686-arm-none-eabi/bin/../lib/gcc/arm-none-eabi/15.2.1/thumb/v7e-m+fp/hard/crtbegin.o
 .bss.ticks_count_us
                0x200001c4        0x4 build/wk_system.o
                0x200001c4                ticks_count_us
 .bss.usbd_app_buffer_fs1
                0x200001c8      0x200 build/usb_app.o
                0x200001c8                usbd_app_buffer_fs1
 .bss.usb_core_dev
                0x200003c8      0x22c build/usb_app.o
                0x200003c8                usb_core_dev
 .bss.timer_task_tcb
                0x200005f4       0x5c build/freertos_app.o
 .bss.idle_task_tcb
                0x20000650       0x5c build/freertos_app.o
 .bss.timer_task_stack
                0x200006ac      0x400 build/freertos_app.o
 .bss.idle_task_stack
                0x20000aac      0x200 build/freertos_app.o
 .bss.Debug_Task_handle
                0x20000cac        0x4 build/freertos_app.o
                0x20000cac                Debug_Task_handle
 .bss.Monitor_Task_handle
                0x20000cb0        0x4 build/freertos_app.o
                0x20000cb0                Monitor_Task_handle
 .bss.CANCom_Task_handle
                0x20000cb4        0x4 build/freertos_app.o
                0x20000cb4                CANCom_Task_handle
 .bss.MC_Task_handle
                0x20000cb8        0x4 build/freertos_app.o
                0x20000cb8                MC_Task_handle
 .bss.g_winusb_rx_buffer
                0x20000cbc       0x40 build/winusb_class.o
 .bss.winusb_struct
                0x20000cfc       0x14 build/winusb_class.o
                0x20000cfc                winusb_struct
 .bss.vp_desc   0x20000d10        0x8 build/winusb_desc.o
 .bss.g_usbd_desc_buffer
                0x20000d18      0x100 build/winusb_desc.o
 .bss.config_value.0
                0x20000e18        0x1 build/usbd_sdr.o
 *fill*         0x20000e19        0x3 
 .bss.xQueueRegistry
                0x20000e1c       0x40 build/queue.o
                0x20000e1c                xQueueRegistry
 .bss.uxSchedulerSuspended
                0x20000e5c        0x4 build/tasks.o
 .bss.xIdleTaskHandle
                0x20000e60        0x4 build/tasks.o
 .bss.xNextTaskUnblockTime
                0x20000e64        0x4 build/tasks.o
 .bss.uxTaskNumber
                0x20000e68        0x4 build/tasks.o
 .bss.xNumOfOverflows
                0x20000e6c        0x4 build/tasks.o
 .bss.xYieldPending
                0x20000e70        0x4 build/tasks.o
 .bss.xPendedTicks
                0x20000e74        0x4 build/tasks.o
 .bss.xSchedulerRunning
                0x20000e78        0x4 build/tasks.o
 .bss.uxTopReadyPriority
                0x20000e7c        0x4 build/tasks.o
 .bss.xTickCount
                0x20000e80        0x4 build/tasks.o
 .bss.uxCurrentNumberOfTasks
                0x20000e84        0x4 build/tasks.o
 .bss.xSuspendedTaskList
                0x20000e88       0x14 build/tasks.o
 .bss.uxDeletedTasksWaitingCleanUp
                0x20000e9c        0x4 build/tasks.o
 .bss.xTasksWaitingTermination
                0x20000ea0       0x14 build/tasks.o
 .bss.xPendingReadyList
                0x20000eb4       0x14 build/tasks.o
 .bss.pxOverflowDelayedTaskList
                0x20000ec8        0x4 build/tasks.o
 .bss.pxDelayedTaskList
                0x20000ecc        0x4 build/tasks.o
 .bss.xDelayedTaskList2
                0x20000ed0       0x14 build/tasks.o
 .bss.xDelayedTaskList1
                0x20000ee4       0x14 build/tasks.o
 .bss.pxReadyTasksLists
                0x20000ef8      0x140 build/tasks.o
 .bss.pxCurrentTCB
                0x20001038        0x4 build/tasks.o
                0x20001038                pxCurrentTCB
 .bss.xStaticTimerQueue.0
                0x2000103c       0x50 build/timers.o
 .bss.ucStaticTimerQueueStorage.1
                0x2000108c       0xa0 build/timers.o
 .bss.xLastTime.2
                0x2000112c        0x4 build/timers.o
 .bss.xTimerTaskHandle
                0x20001130        0x4 build/timers.o
 .bss.xTimerQueue
                0x20001134        0x4 build/timers.o
 .bss.pxOverflowTimerList
                0x20001138        0x4 build/timers.o
 .bss.pxCurrentTimerList
                0x2000113c        0x4 build/timers.o
 .bss.xActiveTimerList2
                0x20001140       0x14 build/timers.o
 .bss.xActiveTimerList1
                0x20001154       0x14 build/timers.o
 .bss.ulMaxPRIGROUPValue
                0x20001168        0x4 build/port.o
 .bss.ucMaxSysCallPriority
                0x2000116c        0x1 build/port.o
 *fill*         0x2000116d        0x3 
 .bss.xBlockAllocatedBit
                0x20001170        0x4 build/heap_4.o
 .bss.xNumberOfSuccessfulFrees
                0x20001174        0x4 build/heap_4.o
 .bss.xNumberOfSuccessfulAllocations
                0x20001178        0x4 build/heap_4.o
 .bss.xMinimumEverFreeBytesRemaining
                0x2000117c        0x4 build/heap_4.o
 .bss.xFreeBytesRemaining
                0x20001180        0x4 build/heap_4.o
 .bss.pxEnd     0x20001184        0x4 build/heap_4.o
 .bss.xStart    0x20001188        0x8 build/heap_4.o
 .bss.ucHeap    0x20001190     0x2800 build/heap_4.o
 *(COMMON)
                0x20003990                        . = ALIGN (0x4)
                0x20003990                        _ebss = .
                0x20003990                        __bss_end__ = _ebss

._user_heap_stack
                0x20003990      0x600
                0x20003990                        . = ALIGN (0x8)
                [!provide]                        PROVIDE (end = .)
                0x20003990                        PROVIDE (_end = .)
                0x20003b90                        . = (. + _Min_Heap_Size)
 *fill*         0x20003990      0x200 
                0x20003f90                        . = (. + _Min_Stack_Size)
 *fill*         0x20003b90      0x400 
                0x20003f90                        . = ALIGN (0x8)

/DISCARD/
 libc.a(*)
 libm.a(*)
 libgcc.a(*)

.ARM.attributes
                0x00000000       0x30
 *(.ARM.attributes)
 .ARM.attributes
                0x00000000       0x22 C:/Program Files (x86)/Arm/GNU Toolchain mingw-w64-i686-arm-none-eabi/bin/../lib/gcc/arm-none-eabi/15.2.1/thumb/v7e-m+fp/hard/crti.o
 .ARM.attributes
                0x00000022       0x34 C:/Program Files (x86)/Arm/GNU Toolchain mingw-w64-i686-arm-none-eabi/bin/../lib/gcc/arm-none-eabi/15.2.1/thumb/v7e-m+fp/hard/crtbegin.o
 .ARM.attributes
                0x00000056       0x34 build/main.o
 .ARM.attributes
                0x0000008a       0x34 build/at32f403a_407_wk_config.o
 .ARM.attributes
                0x000000be       0x34 build/at32f403a_407_int.o
 .ARM.attributes
                0x000000f2       0x34 build/wk_system.o
 .ARM.attributes
                0x00000126       0x34 build/wk_acc.o
 .ARM.attributes
                0x0000015a       0x34 build/wk_adc.o
 .ARM.attributes
                0x0000018e       0x34 build/wk_can.o
 .ARM.attributes
                0x000001c2       0x34 build/wk_debug.o
 .ARM.attributes
                0x000001f6       0x34 build/wk_spi.o
 .ARM.attributes
                0x0000022a       0x34 build/wk_tmr.o
 .ARM.attributes
                0x0000025e       0x34 build/wk_usbfs.o
 .ARM.attributes
                0x00000292       0x34 build/wk_dma.o
 .ARM.attributes
                0x000002c6       0x34 build/wk_gpio.o
 .ARM.attributes
                0x000002fa       0x34 build/usb_app.o
 .ARM.attributes
                0x0000032e       0x34 build/freertos_app.o
 .ARM.attributes
                0x00000362       0x34 build/winusb_class.o
 .ARM.attributes
                0x00000396       0x34 build/winusb_desc.o
 .ARM.attributes
                0x000003ca       0x34 build/system_at32f403a_407.o
 .ARM.attributes
                0x000003fe       0x34 build/at32f403a_407_crm.o
 .ARM.attributes
                0x00000432       0x34 build/at32f403a_407_tmr.o
 .ARM.attributes
                0x00000466       0x34 build/at32f403a_407_gpio.o
 .ARM.attributes
                0x0000049a       0x34 build/at32f403a_407_adc.o
 .ARM.attributes
                0x000004ce       0x34 build/at32f403a_407_spi.o
 .ARM.attributes
                0x00000502       0x34 build/at32f403a_407_dma.o
 .ARM.attributes
                0x00000536       0x34 build/at32f403a_407_misc.o
 .ARM.attributes
                0x0000056a       0x34 build/at32f403a_407_usb.o
 .ARM.attributes
                0x0000059e       0x34 build/at32f403a_407_acc.o
 .ARM.attributes
                0x000005d2       0x34 build/at32f403a_407_can.o
 .ARM.attributes
                0x00000606       0x34 build/usbd_core.o
 .ARM.attributes
                0x0000063a       0x34 build/usbd_int.o
 .ARM.attributes
                0x0000066e       0x34 build/usbd_sdr.o
 .ARM.attributes
                0x000006a2       0x34 build/list.o
 .ARM.attributes
                0x000006d6       0x34 build/queue.o
 .ARM.attributes
                0x0000070a       0x34 build/tasks.o
 .ARM.attributes
                0x0000073e       0x34 build/timers.o
 .ARM.attributes
                0x00000772       0x34 build/port.o
 .ARM.attributes
                0x000007a6       0x34 build/heap_4.o
 .ARM.attributes
                0x000007da       0x21 build/startup_at32f403a_407.o
 .ARM.attributes
                0x000007fb       0x34 C:/Program Files (x86)/Arm/GNU Toolchain mingw-w64-i686-arm-none-eabi/bin/../lib/gcc/arm-none-eabi/15.2.1/../../../../arm-none-eabi/lib/thumb/v7e-m+fp/hard\libc_nano.a(libc_a-memset.o)
 .ARM.attributes
                0x0000082f       0x34 C:/Program Files (x86)/Arm/GNU Toolchain mingw-w64-i686-arm-none-eabi/bin/../lib/gcc/arm-none-eabi/15.2.1/../../../../arm-none-eabi/lib/thumb/v7e-m+fp/hard\libc_nano.a(libc_a-init.o)
 .ARM.attributes
                0x00000863       0x34 C:/Program Files (x86)/Arm/GNU Toolchain mingw-w64-i686-arm-none-eabi/bin/../lib/gcc/arm-none-eabi/15.2.1/../../../../arm-none-eabi/lib/thumb/v7e-m+fp/hard\libc_nano.a(libc_a-memcpy-stub.o)
 .ARM.attributes
                0x00000897       0x34 C:/Program Files (x86)/Arm/GNU Toolchain mingw-w64-i686-arm-none-eabi/bin/../lib/gcc/arm-none-eabi/15.2.1/thumb/v7e-m+fp/hard/crtend.o
 .ARM.attributes
                0x000008cb       0x22 C:/Program Files (x86)/Arm/GNU Toolchain mingw-w64-i686-arm-none-eabi/bin/../lib/gcc/arm-none-eabi/15.2.1/thumb/v7e-m+fp/hard/crtn.o
OUTPUT(build/AT32WorkBench.elf elf32-littlearm)
LOAD linker stubs
LOAD C:/Program Files (x86)/Arm/GNU Toolchain mingw-w64-i686-arm-none-eabi/bin/../lib/gcc/arm-none-eabi/15.2.1/../../../../arm-none-eabi/lib/thumb/v7e-m+fp/hard\libc.a
LOAD C:/Program Files (x86)/Arm/GNU Toolchain mingw-w64-i686-arm-none-eabi/bin/../lib/gcc/arm-none-eabi/15.2.1/../../../../arm-none-eabi/lib/thumb/v7e-m+fp/hard\libm.a
LOAD C:/Program Files (x86)/Arm/GNU Toolchain mingw-w64-i686-arm-none-eabi/bin/../lib/gcc/arm-none-eabi/15.2.1/thumb/v7e-m+fp/hard\libgcc.a

.debug_info     0x00000000    0x31adc
 .debug_info    0x00000000     0x1173 build/main.o
 .debug_info    0x00001173     0x146e build/at32f403a_407_wk_config.o
 .debug_info    0x000025e1      0x291 build/at32f403a_407_int.o
 .debug_info    0x00002872     0x1377 build/wk_system.o
 .debug_info    0x00003be9      0x183 build/wk_acc.o
 .debug_info    0x00003d6c     0x2293 build/wk_adc.o
 .debug_info    0x00005fff     0x2925 build/wk_can.o
 .debug_info    0x00008924      0x10a build/wk_debug.o
 .debug_info    0x00008a2e     0x1912 build/wk_spi.o
 .debug_info    0x0000a340     0x26f8 build/wk_tmr.o
 .debug_info    0x0000ca38      0x136 build/wk_usbfs.o
 .debug_info    0x0000cb6e      0xe55 build/wk_dma.o
 .debug_info    0x0000d9c3      0xfbc build/wk_gpio.o
 .debug_info    0x0000e97f      0xf54 build/usb_app.o
 .debug_info    0x0000f8d3      0x76d build/freertos_app.o
 .debug_info    0x00010040     0x15b7 build/winusb_class.o
 .debug_info    0x000115f7      0x79a build/winusb_desc.o
 .debug_info    0x00011d91     0x17e7 build/system_at32f403a_407.o
 .debug_info    0x00013578     0x26b0 build/at32f403a_407_crm.o
 .debug_info    0x00015c28     0x2d72 build/at32f403a_407_tmr.o
 .debug_info    0x0001899a     0x23f7 build/at32f403a_407_gpio.o
 .debug_info    0x0001ad91     0x1c2c build/at32f403a_407_adc.o
 .debug_info    0x0001c9bd     0x1498 build/at32f403a_407_spi.o
 .debug_info    0x0001de55      0xfad build/at32f403a_407_dma.o
 .debug_info    0x0001ee02      0xb78 build/at32f403a_407_misc.o
 .debug_info    0x0001f97a     0x24fb build/at32f403a_407_usb.o
 .debug_info    0x00021e75      0x5ea build/at32f403a_407_acc.o
 .debug_info    0x0002245f     0x25fa build/at32f403a_407_can.o
 .debug_info    0x00024a59     0x1b30 build/usbd_core.o
 .debug_info    0x00026589     0x1352 build/usbd_int.o
 .debug_info    0x000278db     0x154c build/usbd_sdr.o
 .debug_info    0x00028e27      0x31b build/list.o
 .debug_info    0x00029142     0x2ad3 build/queue.o
 .debug_info    0x0002bc15     0x357b build/tasks.o
 .debug_info    0x0002f190     0x1d4f build/timers.o
 .debug_info    0x00030edf      0x5c2 build/port.o
 .debug_info    0x000314a1      0x60b build/heap_4.o
 .debug_info    0x00031aac       0x30 build/startup_at32f403a_407.o

.debug_abbrev   0x00000000     0x53ef
 .debug_abbrev  0x00000000      0x1a0 build/main.o
 .debug_abbrev  0x000001a0      0x293 build/at32f403a_407_wk_config.o
 .debug_abbrev  0x00000433      0x165 build/at32f403a_407_int.o
 .debug_abbrev  0x00000598      0x1d2 build/wk_system.o
 .debug_abbrev  0x0000076a       0xc0 build/wk_acc.o
 .debug_abbrev  0x0000082a      0x1ee build/wk_adc.o
 .debug_abbrev  0x00000a18      0x1c4 build/wk_can.o
 .debug_abbrev  0x00000bdc       0xb3 build/wk_debug.o
 .debug_abbrev  0x00000c8f      0x19c build/wk_spi.o
 .debug_abbrev  0x00000e2b      0x18d build/wk_tmr.o
 .debug_abbrev  0x00000fb8       0xb1 build/wk_usbfs.o
 .debug_abbrev  0x00001069      0x1c3 build/wk_dma.o
 .debug_abbrev  0x0000122c      0x163 build/wk_gpio.o
 .debug_abbrev  0x0000138f      0x247 build/usb_app.o
 .debug_abbrev  0x000015d6      0x1f5 build/freertos_app.o
 .debug_abbrev  0x000017cb      0x3a5 build/winusb_class.o
 .debug_abbrev  0x00001b70      0x246 build/winusb_desc.o
 .debug_abbrev  0x00001db6      0x1c0 build/system_at32f403a_407.o
 .debug_abbrev  0x00001f76      0x29c build/at32f403a_407_crm.o
 .debug_abbrev  0x00002212      0x255 build/at32f403a_407_tmr.o
 .debug_abbrev  0x00002467      0x2a9 build/at32f403a_407_gpio.o
 .debug_abbrev  0x00002710      0x2b6 build/at32f403a_407_adc.o
 .debug_abbrev  0x000029c6      0x293 build/at32f403a_407_spi.o
 .debug_abbrev  0x00002c59      0x234 build/at32f403a_407_dma.o
 .debug_abbrev  0x00002e8d      0x2ca build/at32f403a_407_misc.o
 .debug_abbrev  0x00003157      0x2d6 build/at32f403a_407_usb.o
 .debug_abbrev  0x0000342d      0x181 build/at32f403a_407_acc.o
 .debug_abbrev  0x000035ae      0x2d9 build/at32f403a_407_can.o
 .debug_abbrev  0x00003887      0x388 build/usbd_core.o
 .debug_abbrev  0x00003c0f      0x289 build/usbd_int.o
 .debug_abbrev  0x00003e98      0x32d build/usbd_sdr.o
 .debug_abbrev  0x000041c5      0x124 build/list.o
 .debug_abbrev  0x000042e9      0x3fc build/queue.o
 .debug_abbrev  0x000046e5      0x40a build/tasks.o
 .debug_abbrev  0x00004aef      0x3d4 build/timers.o
 .debug_abbrev  0x00004ec3      0x2af build/port.o
 .debug_abbrev  0x00005172      0x260 build/heap_4.o
 .debug_abbrev  0x000053d2       0x1d build/startup_at32f403a_407.o

.debug_loc      0x00000000    0x10ee3
 .debug_loc     0x00000000       0x20 build/main.o
 .debug_loc     0x00000020      0x2a8 build/at32f403a_407_wk_config.o
 .debug_loc     0x000002c8       0x60 build/at32f403a_407_int.o
 .debug_loc     0x00000328      0x156 build/wk_system.o
 .debug_loc     0x0000047e       0x20 build/wk_acc.o
 .debug_loc     0x0000049e       0x38 build/wk_adc.o
 .debug_loc     0x000004d6       0x39 build/wk_can.o
 .debug_loc     0x0000050f       0x20 build/wk_debug.o
 .debug_loc     0x0000052f       0x38 build/wk_spi.o
 .debug_loc     0x00000567       0x38 build/wk_tmr.o
 .debug_loc     0x0000059f       0x20 build/wk_usbfs.o
 .debug_loc     0x000005bf       0x38 build/wk_dma.o
 .debug_loc     0x000005f7       0x38 build/wk_gpio.o
 .debug_loc     0x0000062f       0xff build/usb_app.o
 .debug_loc     0x0000072e      0x184 build/freertos_app.o
 .debug_loc     0x000008b2      0xaf4 build/winusb_class.o
 .debug_loc     0x000013a6      0x2e5 build/winusb_desc.o
 .debug_loc     0x0000168b      0x1f2 build/system_at32f403a_407.o
 .debug_loc     0x0000187d      0xa15 build/at32f403a_407_crm.o
 .debug_loc     0x00002292      0xdf9 build/at32f403a_407_tmr.o
 .debug_loc     0x0000308b      0x712 build/at32f403a_407_gpio.o
 .debug_loc     0x0000379d      0x8b7 build/at32f403a_407_adc.o
 .debug_loc     0x00004054      0x7f8 build/at32f403a_407_spi.o
 .debug_loc     0x0000484c      0x213 build/at32f403a_407_dma.o
 .debug_loc     0x00004a5f      0x45a build/at32f403a_407_misc.o
 .debug_loc     0x00004eb9      0xa40 build/at32f403a_407_usb.o
 .debug_loc     0x000058f9      0x14d build/at32f403a_407_acc.o
 .debug_loc     0x00005a46     0x144f build/at32f403a_407_can.o
 .debug_loc     0x00006e95     0x16c3 build/usbd_core.o
 .debug_loc     0x00008558      0x4e8 build/usbd_int.o
 .debug_loc     0x00008a40     0x14fd build/usbd_sdr.o
 .debug_loc     0x00009f3d      0x122 build/list.o
 .debug_loc     0x0000a05f     0x21f0 build/queue.o
 .debug_loc     0x0000c24f     0x2ebd build/tasks.o
 .debug_loc     0x0000f10c     0x173b build/timers.o
 .debug_loc     0x00010847      0x1c6 build/port.o
 .debug_loc     0x00010a0d      0x4d6 build/heap_4.o

.debug_aranges  0x00000000     0x1408
 .debug_aranges
                0x00000000       0x20 build/main.o
 .debug_aranges
                0x00000020       0x38 build/at32f403a_407_wk_config.o
 .debug_aranges
                0x00000058       0x80 build/at32f403a_407_int.o
 .debug_aranges
                0x000000d8       0x30 build/wk_system.o
 .debug_aranges
                0x00000108       0x20 build/wk_acc.o
 .debug_aranges
                0x00000128       0x20 build/wk_adc.o
 .debug_aranges
                0x00000148       0x20 build/wk_can.o
 .debug_aranges
                0x00000168       0x20 build/wk_debug.o
 .debug_aranges
                0x00000188       0x20 build/wk_spi.o
 .debug_aranges
                0x000001a8       0x20 build/wk_tmr.o
 .debug_aranges
                0x000001c8       0x20 build/wk_usbfs.o
 .debug_aranges
                0x000001e8       0x28 build/wk_dma.o
 .debug_aranges
                0x00000210       0x20 build/wk_gpio.o
 .debug_aranges
                0x00000230       0x38 build/usb_app.o
 .debug_aranges
                0x00000268       0x58 build/freertos_app.o
 .debug_aranges
                0x000002c0       0x80 build/winusb_class.o
 .debug_aranges
                0x00000340       0x98 build/winusb_desc.o
 .debug_aranges
                0x000003d8       0x28 build/system_at32f403a_407.o
 .debug_aranges
                0x00000400      0x138 build/at32f403a_407_crm.o
 .debug_aranges
                0x00000538      0x1d8 build/at32f403a_407_tmr.o
 .debug_aranges
                0x00000710       0xb0 build/at32f403a_407_gpio.o
 .debug_aranges
                0x000007c0      0x130 build/at32f403a_407_adc.o
 .debug_aranges
                0x000008f0       0xd8 build/at32f403a_407_spi.o
 .debug_aranges
                0x000009c8       0x70 build/at32f403a_407_dma.o
 .debug_aranges
                0x00000a38       0x78 build/at32f403a_407_misc.o
 .debug_aranges
                0x00000ab0       0xb8 build/at32f403a_407_usb.o
 .debug_aranges
                0x00000b68       0x88 build/at32f403a_407_acc.o
 .debug_aranges
                0x00000bf0       0xe0 build/at32f403a_407_can.o
 .debug_aranges
                0x00000cd0       0xe8 build/usbd_core.o
 .debug_aranges
                0x00000db8       0x50 build/usbd_int.o
 .debug_aranges
                0x00000e08       0x70 build/usbd_sdr.o
 .debug_aranges
                0x00000e78       0x40 build/list.o
 .debug_aranges
                0x00000eb8      0x158 build/queue.o
 .debug_aranges
                0x00001010      0x208 build/tasks.o
 .debug_aranges
                0x00001218       0xf0 build/timers.o
 .debug_aranges
                0x00001308       0x80 build/port.o
 .debug_aranges
                0x00001388       0x58 build/heap_4.o
 .debug_aranges
                0x000013e0       0x28 build/startup_at32f403a_407.o

.debug_ranges   0x00000000     0x1498
 .debug_ranges  0x00000000       0x10 build/main.o
 .debug_ranges  0x00000010       0x28 build/at32f403a_407_wk_config.o
 .debug_ranges  0x00000038       0x70 build/at32f403a_407_int.o
 .debug_ranges  0x000000a8       0x20 build/wk_system.o
 .debug_ranges  0x000000c8       0x10 build/wk_acc.o
 .debug_ranges  0x000000d8       0x10 build/wk_adc.o
 .debug_ranges  0x000000e8       0x10 build/wk_can.o
 .debug_ranges  0x000000f8       0x10 build/wk_debug.o
 .debug_ranges  0x00000108       0x10 build/wk_spi.o
 .debug_ranges  0x00000118       0x10 build/wk_tmr.o
 .debug_ranges  0x00000128       0x10 build/wk_usbfs.o
 .debug_ranges  0x00000138       0x18 build/wk_dma.o
 .debug_ranges  0x00000150       0x10 build/wk_gpio.o
 .debug_ranges  0x00000160       0x28 build/usb_app.o
 .debug_ranges  0x00000188       0x48 build/freertos_app.o
 .debug_ranges  0x000001d0       0x70 build/winusb_class.o
 .debug_ranges  0x00000240       0x88 build/winusb_desc.o
 .debug_ranges  0x000002c8       0x18 build/system_at32f403a_407.o
 .debug_ranges  0x000002e0      0x128 build/at32f403a_407_crm.o
 .debug_ranges  0x00000408      0x1c8 build/at32f403a_407_tmr.o
 .debug_ranges  0x000005d0       0xa0 build/at32f403a_407_gpio.o
 .debug_ranges  0x00000670      0x120 build/at32f403a_407_adc.o
 .debug_ranges  0x00000790       0xc8 build/at32f403a_407_spi.o
 .debug_ranges  0x00000858       0x60 build/at32f403a_407_dma.o
 .debug_ranges  0x000008b8       0x68 build/at32f403a_407_misc.o
 .debug_ranges  0x00000920      0x138 build/at32f403a_407_usb.o
 .debug_ranges  0x00000a58       0x78 build/at32f403a_407_acc.o
 .debug_ranges  0x00000ad0       0xd0 build/at32f403a_407_can.o
 .debug_ranges  0x00000ba0       0xd8 build/usbd_core.o
 .debug_ranges  0x00000c78       0x40 build/usbd_int.o
 .debug_ranges  0x00000cb8       0x78 build/usbd_sdr.o
 .debug_ranges  0x00000d30       0x30 build/list.o
 .debug_ranges  0x00000d60      0x218 build/queue.o
 .debug_ranges  0x00000f78      0x350 build/tasks.o
 .debug_ranges  0x000012c8       0xe0 build/timers.o
 .debug_ranges  0x000013a8       0x88 build/port.o
 .debug_ranges  0x00001430       0x48 build/heap_4.o
 .debug_ranges  0x00001478       0x20 build/startup_at32f403a_407.o

.debug_line     0x00000000    0x1040c
 .debug_line    0x00000000      0x284 build/main.o
 .debug_line    0x00000284      0x4e2 build/at32f403a_407_wk_config.o
 .debug_line    0x00000766      0x35d build/at32f403a_407_int.o
 .debug_line    0x00000ac3      0x266 build/wk_system.o
 .debug_line    0x00000d29      0x198 build/wk_acc.o
 .debug_line    0x00000ec1      0x25c build/wk_adc.o
 .debug_line    0x0000111d      0x2a8 build/wk_can.o
 .debug_line    0x000013c5      0x198 build/wk_debug.o
 .debug_line    0x0000155d      0x297 build/wk_spi.o
 .debug_line    0x000017f4      0x39c build/wk_tmr.o
 .debug_line    0x00001b90       0x7d build/wk_usbfs.o
 .debug_line    0x00001c0d      0x1fe build/wk_dma.o
 .debug_line    0x00001e0b      0x18c build/wk_gpio.o
 .debug_line    0x00001f97      0x29a build/usb_app.o
 .debug_line    0x00002231      0x326 build/freertos_app.o
 .debug_line    0x00002557      0x540 build/winusb_class.o
 .debug_line    0x00002a97      0x484 build/winusb_desc.o
 .debug_line    0x00002f1b      0x365 build/system_at32f403a_407.o
 .debug_line    0x00003280      0xa42 build/at32f403a_407_crm.o
 .debug_line    0x00003cc2     0x10ee build/at32f403a_407_tmr.o
 .debug_line    0x00004db0      0x68d build/at32f403a_407_gpio.o
 .debug_line    0x0000543d      0x946 build/at32f403a_407_adc.o
 .debug_line    0x00005d83      0x9dc build/at32f403a_407_spi.o
 .debug_line    0x0000675f      0x4dd build/at32f403a_407_dma.o
 .debug_line    0x00006c3c      0x49a build/at32f403a_407_misc.o
 .debug_line    0x000070d6      0x97d build/at32f403a_407_usb.o
 .debug_line    0x00007a53      0x3ca build/at32f403a_407_acc.o
 .debug_line    0x00007e1d      0xfb7 build/at32f403a_407_can.o
 .debug_line    0x00008dd4      0xa71 build/usbd_core.o
 .debug_line    0x00009845      0x48c build/usbd_int.o
 .debug_line    0x00009cd1      0x7e9 build/usbd_sdr.o
 .debug_line    0x0000a4ba      0x35a build/list.o
 .debug_line    0x0000a814     0x1b3f build/queue.o
 .debug_line    0x0000c353     0x2691 build/tasks.o
 .debug_line    0x0000e9e4      0xd09 build/timers.o
 .debug_line    0x0000f6ed      0x5d8 build/port.o
 .debug_line    0x0000fcc5      0x6d7 build/heap_4.o
 .debug_line    0x0001039c       0x70 build/startup_at32f403a_407.o

.debug_str      0x00000000     0xc70e
 .debug_str     0x00000000     0xc70e build/main.o
                                0x6a9 (size before relaxing)
 .debug_str     0x0000c70e        0x0 build/at32f403a_407_wk_config.o
                               0x15d9 (size before relaxing)
 .debug_str     0x0000c70e        0x0 build/at32f403a_407_int.o
                                0x345 (size before relaxing)
 .debug_str     0x0000c70e        0x0 build/wk_system.o
                                0x871 (size before relaxing)
 .debug_str     0x0000c70e        0x0 build/wk_acc.o
                                0x219 (size before relaxing)
 .debug_str     0x0000c70e        0x0 build/wk_adc.o
                               0x1236 (size before relaxing)
 .debug_str     0x0000c70e        0x0 build/wk_can.o
                               0x120f (size before relaxing)
 .debug_str     0x0000c70e        0x0 build/wk_debug.o
                                0x1f2 (size before relaxing)
 .debug_str     0x0000c70e        0x0 build/wk_spi.o
                                0xc06 (size before relaxing)
 .debug_str     0x0000c70e        0x0 build/wk_tmr.o
                               0x10f7 (size before relaxing)
 .debug_str     0x0000c70e        0x0 build/wk_usbfs.o
                                0x273 (size before relaxing)
 .debug_str     0x0000c70e        0x0 build/wk_dma.o
                                0xe6f (size before relaxing)
 .debug_str     0x0000c70e        0x0 build/wk_gpio.o
                                0x6f7 (size before relaxing)
 .debug_str     0x0000c70e        0x0 build/usb_app.o
                                0xa94 (size before relaxing)
 .debug_str     0x0000c70e        0x0 build/freertos_app.o
                                0x689 (size before relaxing)
 .debug_str     0x0000c70e        0x0 build/winusb_class.o
                                0xc31 (size before relaxing)
 .debug_str     0x0000c70e        0x0 build/winusb_desc.o
                                0x6a3 (size before relaxing)
 .debug_str     0x0000c70e        0x0 build/system_at32f403a_407.o
                                0xb5e (size before relaxing)
 .debug_str     0x0000c70e        0x0 build/at32f403a_407_crm.o
                               0x2189 (size before relaxing)
 .debug_str     0x0000c70e        0x0 build/at32f403a_407_tmr.o
                               0x2072 (size before relaxing)
 .debug_str     0x0000c70e        0x0 build/at32f403a_407_gpio.o
                               0x1411 (size before relaxing)
 .debug_str     0x0000c70e        0x0 build/at32f403a_407_adc.o
                               0x18b7 (size before relaxing)
 .debug_str     0x0000c70e        0x0 build/at32f403a_407_spi.o
                               0x1257 (size before relaxing)
 .debug_str     0x0000c70e        0x0 build/at32f403a_407_dma.o
                                0xf20 (size before relaxing)
 .debug_str     0x0000c70e        0x0 build/at32f403a_407_misc.o
                                0xb14 (size before relaxing)
 .debug_str     0x0000c70e        0x0 build/at32f403a_407_usb.o
                                0xe73 (size before relaxing)
 .debug_str     0x0000c70e        0x0 build/at32f403a_407_acc.o
                                0x3dd (size before relaxing)
 .debug_str     0x0000c70e        0x0 build/at32f403a_407_can.o
                               0x17e2 (size before relaxing)
 .debug_str     0x0000c70e        0x0 build/usbd_core.o
                                0xbc4 (size before relaxing)
 .debug_str     0x0000c70e        0x0 build/usbd_int.o
                                0xa70 (size before relaxing)
 .debug_str     0x0000c70e        0x0 build/usbd_sdr.o
                                0x992 (size before relaxing)
 .debug_str     0x0000c70e        0x0 build/list.o
                                0x2fe (size before relaxing)
 .debug_str     0x0000c70e        0x0 build/queue.o
                                0xd14 (size before relaxing)
 .debug_str     0x0000c70e        0x0 build/tasks.o
                               0x1354 (size before relaxing)
 .debug_str     0x0000c70e        0x0 build/timers.o
                                0xc44 (size before relaxing)
 .debug_str     0x0000c70e        0x0 build/port.o
                                0x480 (size before relaxing)
 .debug_str     0x0000c70e        0x0 build/heap_4.o
                                0x517 (size before relaxing)
 .debug_str     0x0000c70e        0x0 build/startup_at32f403a_407.o
                                 0x87 (size before relaxing)

.comment        0x00000000       0x45
 .comment       0x00000000       0x45 build/main.o
                                 0x46 (size before relaxing)
 .comment       0x00000045        0x0 build/at32f403a_407_wk_config.o
                                 0x46 (size before relaxing)
 .comment       0x00000045        0x0 build/at32f403a_407_int.o
                                 0x46 (size before relaxing)
 .comment       0x00000045        0x0 build/wk_system.o
                                 0x46 (size before relaxing)
 .comment       0x00000045        0x0 build/wk_acc.o
                                 0x46 (size before relaxing)
 .comment       0x00000045        0x0 build/wk_adc.o
                                 0x46 (size before relaxing)
 .comment       0x00000045        0x0 build/wk_can.o
                                 0x46 (size before relaxing)
 .comment       0x00000045        0x0 build/wk_debug.o
                                 0x46 (size before relaxing)
 .comment       0x00000045        0x0 build/wk_spi.o
                                 0x46 (size before relaxing)
 .comment       0x00000045        0x0 build/wk_tmr.o
                                 0x46 (size before relaxing)
 .comment       0x00000045        0x0 build/wk_usbfs.o
                                 0x46 (size before relaxing)
 .comment       0x00000045        0x0 build/wk_dma.o
                                 0x46 (size before relaxing)
 .comment       0x00000045        0x0 build/wk_gpio.o
                                 0x46 (size before relaxing)
 .comment       0x00000045        0x0 build/usb_app.o
                                 0x46 (size before relaxing)
 .comment       0x00000045        0x0 build/freertos_app.o
                                 0x46 (size before relaxing)
 .comment       0x00000045        0x0 build/winusb_class.o
                                 0x46 (size before relaxing)
 .comment       0x00000045        0x0 build/winusb_desc.o
                                 0x46 (size before relaxing)
 .comment       0x00000045        0x0 build/system_at32f403a_407.o
                                 0x46 (size before relaxing)
 .comment       0x00000045        0x0 build/at32f403a_407_crm.o
                                 0x46 (size before relaxing)
 .comment       0x00000045        0x0 build/at32f403a_407_tmr.o
                                 0x46 (size before relaxing)
 .comment       0x00000045        0x0 build/at32f403a_407_gpio.o
                                 0x46 (size before relaxing)
 .comment       0x00000045        0x0 build/at32f403a_407_adc.o
                                 0x46 (size before relaxing)
 .comment       0x00000045        0x0 build/at32f403a_407_spi.o
                                 0x46 (size before relaxing)
 .comment       0x00000045        0x0 build/at32f403a_407_dma.o
                                 0x46 (size before relaxing)
 .comment       0x00000045        0x0 build/at32f403a_407_misc.o
                                 0x46 (size before relaxing)
 .comment       0x00000045        0x0 build/at32f403a_407_usb.o
                                 0x46 (size before relaxing)
 .comment       0x00000045        0x0 build/at32f403a_407_acc.o
                                 0x46 (size before relaxing)
 .comment       0x00000045        0x0 build/at32f403a_407_can.o
                                 0x46 (size before relaxing)
 .comment       0x00000045        0x0 build/usbd_core.o
                                 0x46 (size before relaxing)
 .comment       0x00000045        0x0 build/usbd_int.o
                                 0x46 (size before relaxing)
 .comment       0x00000045        0x0 build/usbd_sdr.o
                                 0x46 (size before relaxing)
 .comment       0x00000045        0x0 build/list.o
                                 0x46 (size before relaxing)
 .comment       0x00000045        0x0 build/queue.o
                                 0x46 (size before relaxing)
 .comment       0x00000045        0x0 build/tasks.o
                                 0x46 (size before relaxing)
 .comment       0x00000045        0x0 build/timers.o
                                 0x46 (size before relaxing)
 .comment       0x00000045        0x0 build/port.o
                                 0x46 (size before relaxing)
 .comment       0x00000045        0x0 build/heap_4.o
                                 0x46 (size before relaxing)

.debug_frame    0x00000000     0x2de0
 .debug_frame   0x00000000       0x28 build/main.o
 .debug_frame   0x00000028       0x70 build/at32f403a_407_wk_config.o
 .debug_frame   0x00000098       0xf8 build/at32f403a_407_int.o
 .debug_frame   0x00000190       0x58 build/wk_system.o
 .debug_frame   0x000001e8       0x28 build/wk_acc.o
 .debug_frame   0x00000210       0x3c build/wk_adc.o
 .debug_frame   0x0000024c       0x38 build/wk_can.o
 .debug_frame   0x00000284       0x28 build/wk_debug.o
 .debug_frame   0x000002ac       0x3c build/wk_spi.o
 .debug_frame   0x000002e8       0x3c build/wk_tmr.o
 .debug_frame   0x00000324       0x28 build/wk_usbfs.o
 .debug_frame   0x0000034c       0x44 build/wk_dma.o
 .debug_frame   0x00000390       0x30 build/wk_gpio.o
 .debug_frame   0x000003c0       0x78 build/usb_app.o
 .debug_frame   0x00000438       0xc4 build/freertos_app.o
 .debug_frame   0x000004fc      0x120 build/winusb_class.o
 .debug_frame   0x0000061c      0x15c build/winusb_desc.o
 .debug_frame   0x00000778       0x38 build/system_at32f403a_407.o
 .debug_frame   0x000007b0      0x270 build/at32f403a_407_crm.o
 .debug_frame   0x00000a20      0x3b8 build/at32f403a_407_tmr.o
 .debug_frame   0x00000dd8      0x164 build/at32f403a_407_gpio.o
 .debug_frame   0x00000f3c      0x258 build/at32f403a_407_adc.o
 .debug_frame   0x00001194      0x1ac build/at32f403a_407_spi.o
 .debug_frame   0x00001340       0xc0 build/at32f403a_407_dma.o
 .debug_frame   0x00001400       0xf0 build/at32f403a_407_misc.o
 .debug_frame   0x000014f0      0x168 build/at32f403a_407_usb.o
 .debug_frame   0x00001658       0xf0 build/at32f403a_407_acc.o
 .debug_frame   0x00001748      0x1e0 build/at32f403a_407_can.o
 .debug_frame   0x00001928      0x254 build/usbd_core.o
 .debug_frame   0x00001b7c       0xc8 build/usbd_int.o
 .debug_frame   0x00001c44      0x118 build/usbd_sdr.o
 .debug_frame   0x00001d5c       0x6c build/list.o
 .debug_frame   0x00001dc8      0x458 build/queue.o
 .debug_frame   0x00002220      0x680 build/tasks.o
 .debug_frame   0x000028a0      0x300 build/timers.o
 .debug_frame   0x00002ba0      0x10c build/port.o
 .debug_frame   0x00002cac       0xc0 build/heap_4.o
 .debug_frame   0x00002d6c       0x20 C:/Program Files (x86)/Arm/GNU Toolchain mingw-w64-i686-arm-none-eabi/bin/../lib/gcc/arm-none-eabi/15.2.1/../../../../arm-none-eabi/lib/thumb/v7e-m+fp/hard\libc_nano.a(libc_a-memset.o)
 .debug_frame   0x00002d8c       0x2c C:/Program Files (x86)/Arm/GNU Toolchain mingw-w64-i686-arm-none-eabi/bin/../lib/gcc/arm-none-eabi/15.2.1/../../../../arm-none-eabi/lib/thumb/v7e-m+fp/hard\libc_nano.a(libc_a-init.o)
 .debug_frame   0x00002db8       0x28 C:/Program Files (x86)/Arm/GNU Toolchain mingw-w64-i686-arm-none-eabi/bin/../lib/gcc/arm-none-eabi/15.2.1/../../../../arm-none-eabi/lib/thumb/v7e-m+fp/hard\libc_nano.a(libc_a-memcpy-stub.o)

Cross Reference Table

Symbol                                            File
ACC_IRQHandler                                    build/startup_at32f403a_407.o
ADC1_2_IRQHandler                                 build/startup_at32f403a_407.o
ADC3_IRQHandler                                   build/startup_at32f403a_407.o
BusFault_Handler                                  build/at32f403a_407_int.o
CAN1_RX1_IRQHandler                               build/startup_at32f403a_407.o
CAN1_SE_IRQHandler                                build/startup_at32f403a_407.o
CAN2_RX0_IRQHandler                               build/startup_at32f403a_407.o
CAN2_RX1_IRQHandler                               build/startup_at32f403a_407.o
CAN2_SE_IRQHandler                                build/startup_at32f403a_407.o
CAN2_TX_IRQHandler                                build/startup_at32f403a_407.o
CANCom_Task_func                                  build/freertos_app.o
CANCom_Task_handle                                build/freertos_app.o
CRM_IRQHandler                                    build/startup_at32f403a_407.o
DMA1_Channel1_IRQHandler                          build/at32f403a_407_int.o
DMA1_Channel2_IRQHandler                          build/startup_at32f403a_407.o
DMA1_Channel3_IRQHandler                          build/startup_at32f403a_407.o
DMA1_Channel4_IRQHandler                          build/startup_at32f403a_407.o
DMA1_Channel5_IRQHandler                          build/startup_at32f403a_407.o
DMA1_Channel6_IRQHandler                          build/startup_at32f403a_407.o
DMA1_Channel7_IRQHandler                          build/startup_at32f403a_407.o
DMA2_Channel1_IRQHandler                          build/startup_at32f403a_407.o
DMA2_Channel2_IRQHandler                          build/startup_at32f403a_407.o
DMA2_Channel3_IRQHandler                          build/startup_at32f403a_407.o
DMA2_Channel4_5_IRQHandler                        build/startup_at32f403a_407.o
DMA2_Channel6_7_IRQHandler                        build/startup_at32f403a_407.o
DebugMon_Handler                                  build/at32f403a_407_int.o
Debug_Task_func                                   build/freertos_app.o